
=== COLOSSUS / LATENT / 2026 === sys_clk=300000000
BOOT heap_region=150880 heap_free=150880 ballast=0 total_samples=7372800 bars=160
BOOT heap_free_after_init=150880
BOOT heap_free_after_video=139264 scanout_lines=240
T t=0.9 bar=0 ph=1 overture | render ms 6.19/6.21/6.22 | fps 59.7 | hold 2 miss 0 late 1 | gap ms 16.76 | under 0 fill 465 | copy 2438 cy/line 34.98 Mcy/s | synth 2170 cy/pump 31.13 Mcy/s 1297 cy/sample | tri 0 px 76800 part 0 ch 0 | AHASH s=24000 45de1a0f
T t=1.9 bar=1 ph=1 overture | render ms 6.19/6.21/6.23 | fps 59.7 | hold 1 miss 0 late 0 | gap ms 16.73 | under 0 fill 465 | copy 2438 cy/line 34.38 Mcy/s | synth 2209 cy/pump 31.15 Mcy/s 1297 cy/sample | tri 0 px 76800 part 0 ch 0 | AHASH s=48000 a2fc1ab4
T t=2.9 bar=1 ph=1 overture | render ms 6.19/6.21/6.23 | fps 59.7 | hold 1 miss 0 late 0 | gap ms 16.73 | under 0 fill 465 | copy 2438 cy/line 34.38 Mcy/s | synth 2208 cy/pump 31.14 Mcy/s 1297 cy/sample | tri 0 px 76800 part 0 ch 0 | AHASH s=72000 27282b38
T t=4.0 bar=2 ph=1 overture | render ms 6.19/6.21/6.23 | fps 59.7 | hold 1 miss 0 late 0 | gap ms 16.73 | under 0 fill 465 | copy 2441 cy/line 34.42 Mcy/s | synth 2264 cy/pump 31.93 Mcy/s 1330 cy/sample | tri 0 px 76800 part 0 ch 0 | AHASH s=96000 7defff26
T t=5.0 bar=2 ph=1 overture | render ms 6.19/6.21/6.23 | fps 59.7 | hold 1 miss 0 late 0 | gap ms 16.73 | under 0 fill 465 | copy 2455 cy/line 34.62 Mcy/s | synth 2513 cy/pump 35.44 Mcy/s 1477 cy/sample | tri 0 px 76800 part 0 ch 0 | AHASH s=120000 586f7958
T t=6.0 bar=3 ph=1 overture | render ms 6.19/6.20/6.23 | fps 59.7 | hold 1 miss 0 late 0 | gap ms 16.75 | under 0 fill 464 | copy 2455 cy/line 34.63 Mcy/s | synth 2515 cy/pump 35.47 Mcy/s 1478 cy/sample | tri 0 px 76800 part 0 ch 0 | AHASH s=144000 3f1c7235
T t=7.0 bar=3 ph=1 overture | render ms 6.19/6.21/6.23 | fps 59.7 | hold 1 miss 0 late 0 | gap ms 16.73 | under 0 fill 464 | copy 2455 cy/line 34.62 Mcy/s | synth 2517 cy/pump 35.50 Mcy/s 1479 cy/sample | tri 0 px 76800 part 0 ch 0 | AHASH s=168000 9f2cdd11
T t=8.0 bar=4 ph=1 overture | render ms 6.19/6.21/6.23 | fps 59.7 | hold 1 miss 0 late 0 | gap ms 16.73 | under 0 fill 464 | copy 2449 cy/line 34.54 Mcy/s | synth 2675 cy/pump 37.73 Mcy/s 1572 cy/sample | tri 0 px 76800 part 0 ch 0 | AHASH s=192000 cbe11e82
T t=9.0 bar=4 ph=1 overture | render ms 6.21/6.22/6.24 | fps 59.7 | hold 1 miss 0 late 0 | gap ms 16.73 | under 0 fill 464 | copy 2438 cy/line 34.39 Mcy/s | synth 2958 cy/pump 41.72 Mcy/s 1738 cy/sample | tri 0 px 76800 part 0 ch 0 | AHASH s=216000 e3ba8e4b
T t=10.0 bar=5 ph=1 overture | render ms 6.21/6.22/6.24 | fps 59.7 | hold 1 miss 0 late 0 | gap ms 16.73 | under 0 fill 464 | copy 2438 cy/line 34.39 Mcy/s | synth 2957 cy/pump 41.70 Mcy/s 1737 cy/sample | tri 0 px 76800 part 0 ch 0 | AHASH s=240000 67cd6e7a
T t=11.0 bar=5 ph=1 overture | render ms 6.21/6.22/6.24 | fps 59.7 | hold 1 miss 0 late 0 | gap ms 16.73 | under 0 fill 464 | copy 2438 cy/line 34.38 Mcy/s | synth 2960 cy/pump 41.74 Mcy/s 1739 cy/sample | tri 0 px 76800 part 0 ch 0 | AHASH s=264000 893f3166
T t=12.0 bar=6 ph=1 overture | render ms 6.21/6.22/6.25 | fps 59.7 | hold 1 miss 0 late 0 | gap ms 16.73 | under 0 fill 464 | copy 2438 cy/line 34.38 Mcy/s | synth 2958 cy/pump 41.71 Mcy/s 1738 cy/sample | tri 0 px 76800 part 0 ch 0 | AHASH s=288000 6e17375a
T t=13.0 bar=6 ph=1 overture | render ms 6.21/6.22/6.23 | fps 59.7 | hold 1 miss 0 late 0 | gap ms 16.73 | under 0 fill 464 | copy 2438 cy/line 34.38 Mcy/s | synth 2958 cy/pump 41.72 Mcy/s 1738 cy/sample | tri 0 px 76800 part 0 ch 0 | AHASH s=312000 c2bd4215
T t=14.0 bar=7 ph=1 overture | render ms 6.21/6.22/6.24 | fps 59.7 | hold 1 miss 0 late 0 | gap ms 16.73 | under 0 fill 464 | copy 2438 cy/line 34.38 Mcy/s | synth 2958 cy/pump 41.71 Mcy/s 1738 cy/sample | tri 0 px 76800 part 0 ch 0 | AHASH s=336000 1968032c
T t=15.0 bar=7 ph=1 overture | render ms 6.21/6.22/6.23 | fps 59.7 | hold 1 miss 0 late 0 | gap ms 16.73 | under 0 fill 464 | copy 2438 cy/line 34.38 Mcy/s | synth 2959 cy/pump 41.73 Mcy/s 1738 cy/sample | tri 0 px 76800 part 0 ch 0 | AHASH s=360000 e3a69d4c
PHRASE t=15.3 bar=8 ph=2 the plain | render ms 6.19/6.21/6.25 | fps 59.7 | hold 2 miss 0 late 1 | gap ms 16.76 | under 0 fill 464 | copy 2443 cy/line 35.00 Mcy/s | synth 2661 cy/pump 38.12 Mcy/s 1588 cy/sample | tri 0 px 76800 part 0 ch 1 | AHASH s=360000 e3a69d4c
T t=16.0 bar=8 ph=2 the plain | render ms 6.21/6.22/6.24 | fps 59.7 | hold 1 miss 0 late 0 | gap ms 16.73 | under 0 fill 464 | copy 2438 cy/line 34.38 Mcy/s | synth 2958 cy/pump 41.72 Mcy/s 1738 cy/sample | tri 0 px 76800 part 0 ch 1 | AHASH s=384000 d7159f11
T t=17.0 bar=8 ph=2 the plain | render ms 6.21/6.22/6.25 | fps 59.7 | hold 1 miss 0 late 0 | gap ms 16.73 | under 0 fill 464 | copy 2438 cy/line 34.39 Mcy/s | synth 2958 cy/pump 41.72 Mcy/s 1738 cy/sample | tri 0 px 76800 part 0 ch 1 | AHASH s=408000 61dc6c0f
T t=18.0 bar=9 ph=2 the plain | render ms 6.21/6.22/6.25 | fps 59.7 | hold 1 miss 0 late 0 | gap ms 16.73 | under 0 fill 464 | copy 2439 cy/line 34.39 Mcy/s | synth 2958 cy/pump 41.71 Mcy/s 1738 cy/sample | tri 0 px 76800 part 0 ch 1 | AHASH s=432000 2e15854e
T t=19.0 bar=9 ph=2 the plain | render ms 6.21/6.22/6.24 | fps 59.7 | hold 1 miss 0 late 0 | gap ms 16.73 | under 0 fill 464 | copy 2438 cy/line 34.39 Mcy/s | synth 2960 cy/pump 41.74 Mcy/s 1739 cy/sample | tri 0 px 76800 part 0 ch 1 | AHASH s=456000 0fee5aae
T t=20.0 bar=10 ph=2 the plain | render ms 6.21/6.22/6.24 | fps 59.7 | hold 1 miss 0 late 0 | gap ms 16.73 | under 0 fill 464 | copy 2438 cy/line 34.39 Mcy/s | synth 2958 cy/pump 41.71 Mcy/s 1738 cy/sample | tri 0 px 76800 part 0 ch 1 | AHASH s=480000 024f13e5
T t=21.0 bar=10 ph=2 the plain | render ms 6.21/6.22/6.25 | fps 59.7 | hold 1 miss 0 late 0 | gap ms 16.73 | under 0 fill 464 | copy 2438 cy/line 34.39 Mcy/s | synth 2958 cy/pump 41.71 Mcy/s 1738 cy/sample | tri 0 px 76800 part 0 ch 1 | AHASH s=504000 6bc4f7f9
T t=22.0 bar=11 ph=2 the plain | render ms 6.21/6.22/6.25 | fps 59.7 | hold 1 miss 0 late 0 | gap ms 16.73 | under 0 fill 464 | copy 2438 cy/line 34.39 Mcy/s | synth 2958 cy/pump 41.71 Mcy/s 1738 cy/sample | tri 0 px 76800 part 0 ch 1 | AHASH s=528000 6c7867f1
T t=23.0 bar=12 ph=2 the plain | render ms 6.21/6.22/6.25 | fps 59.7 | hold 1 miss 0 late 0 | gap ms 16.73 | under 0 fill 464 | copy 2438 cy/line 34.39 Mcy/s | synth 2959 cy/pump 41.72 Mcy/s 1738 cy/sample | tri 0 px 76800 part 0 ch 1 | AHASH s=552000 4c4ba436
T t=24.0 bar=12 ph=2 the plain | render ms 6.21/6.22/6.25 | fps 59.7 | hold 1 miss 0 late 0 | gap ms 16.73 | under 0 fill 464 | copy 2439 cy/line 34.39 Mcy/s | synth 2958 cy/pump 41.71 Mcy/s 1738 cy/sample | tri 0 px 76800 part 0 ch 1 | AHASH s=576000 dd9eff28
T t=25.0 bar=13 ph=2 the plain | render ms 6.21/6.22/6.25 | fps 59.7 | hold 1 miss 0 late 0 | gap ms 16.73 | under 0 fill 464 | copy 2438 cy/line 34.39 Mcy/s | synth 2959 cy/pump 41.72 Mcy/s 1738 cy/sample | tri 0 px 76800 part 0 ch 1 | AHASH s=600000 77d6e64d
T t=26.0 bar=13 ph=2 the plain | render ms 6.21/6.22/6.25 | fps 59.7 | hold 1 miss 0 late 0 | gap ms 16.73 | under 0 fill 464 | copy 2438 cy/line 34.39 Mcy/s | synth 2958 cy/pump 41.71 Mcy/s 1738 cy/sample | tri 0 px 76800 part 0 ch 1 | AHASH s=624000 5b6cb012
T t=27.0 bar=14 ph=2 the plain | render ms 6.21/6.22/6.25 | fps 59.7 | hold 1 miss 0 late 0 | gap ms 16.73 | under 0 fill 464 | copy 2438 cy/line 34.39 Mcy/s | synth 2957 cy/pump 41.71 Mcy/s 1737 cy/sample | tri 0 px 76800 part 0 ch 1 | AHASH s=648000 6b7bf1ef
T t=28.1 bar=14 ph=2 the plain | render ms 6.21/6.23/6.26 | fps 59.7 | hold 1 miss 0 late 0 | gap ms 16.73 | under 0 fill 464 | copy 2439 cy/line 34.39 Mcy/s | synth 2959 cy/pump 41.73 Mcy/s 1738 cy/sample | tri 0 px 76800 part 0 ch 1 | AHASH s=672000 ffe2d472
T t=29.1 bar=15 ph=2 the plain | render ms 6.21/6.23/6.25 | fps 59.7 | hold 1 miss 0 late 0 | gap ms 16.73 | under 0 fill 464 | copy 2438 cy/line 34.39 Mcy/s | synth 2958 cy/pump 41.72 Mcy/s 1738 cy/sample | tri 0 px 76800 part 0 ch 1 | AHASH s=696000 f6db67eb
T t=30.1 bar=15 ph=2 the plain | render ms 6.21/6.23/6.25 | fps 59.7 | hold 1 miss 0 late 0 | gap ms 16.73 | under 0 fill 464 | copy 2439 cy/line 34.39 Mcy/s | synth 2959 cy/pump 41.73 Mcy/s 1738 cy/sample | tri 0 px 76800 part 0 ch 1 | AHASH s=720000 f5803255
PHRASE t=30.7 bar=16 ph=3 the plain | render ms 6.21/6.22/6.26 | fps 59.7 | hold 1 miss 0 late 0 | gap ms 16.73 | under 0 fill 464 | copy 2439 cy/line 34.94 Mcy/s | synth 2958 cy/pump 42.38 Mcy/s 1765 cy/sample | tri 0 px 76800 part 0 ch 1 | AHASH s=720000 f5803255
T t=31.1 bar=16 ph=3 the plain | render ms 6.21/6.23/6.26 | fps 59.7 | hold 1 miss 0 late 0 | gap ms 16.73 | under 0 fill 464 | copy 2439 cy/line 34.39 Mcy/s | synth 2957 cy/pump 41.70 Mcy/s 1737 cy/sample | tri 0 px 76800 part 0 ch 1 | AHASH s=744000 81431960
T t=32.1 bar=16 ph=3 the plain | render ms 6.21/6.23/6.24 | fps 59.7 | hold 1 miss 0 late 0 | gap ms 16.73 | under 0 fill 464 | copy 2439 cy/line 34.39 Mcy/s | synth 2959 cy/pump 41.73 Mcy/s 1738 cy/sample | tri 0 px 76800 part 0 ch 1 | AHASH s=768000 2e36c2ff
T t=33.1 bar=17 ph=3 the plain | render ms 6.21/6.23/6.24 | fps 59.7 | hold 1 miss 0 late 0 | gap ms 16.73 | under 0 fill 464 | copy 2438 cy/line 34.39 Mcy/s | synth 2957 cy/pump 41.71 Mcy/s 1737 cy/sample | tri 0 px 76800 part 0 ch 1 | AHASH s=792000 db9f6da3
T t=34.1 bar=17 ph=3 the plain | render ms 6.21/6.23/6.25 | fps 59.7 | hold 1 miss 0 late 0 | gap ms 16.73 | under 0 fill 464 | copy 2439 cy/line 34.39 Mcy/s | synth 2959 cy/pump 41.73 Mcy/s 1739 cy/sample | tri 0 px 76800 part 0 ch 1 | AHASH s=816000 fe2692d6
T t=35.1 bar=18 ph=3 the plain | render ms 6.21/6.23/6.24 | fps 59.7 | hold 1 miss 0 late 0 | gap ms 16.73 | under 0 fill 464 | copy 2439 cy/line 34.39 Mcy/s | synth 2959 cy/pump 41.72 Mcy/s 1738 cy/sample | tri 0 px 76800 part 0 ch 1 | AHASH s=840000 c7922fc0
T t=36.1 bar=18 ph=3 the plain | render ms 6.22/6.23/6.26 | fps 59.7 | hold 1 miss 0 late 0 | gap ms 16.73 | under 0 fill 464 | copy 2439 cy/line 34.39 Mcy/s | synth 2959 cy/pump 41.72 Mcy/s 1738 cy/sample | tri 0 px 76800 part 0 ch 1 | AHASH s=864000 197a6d81
T t=37.1 bar=19 ph=3 the plain | render ms 6.22/6.23/6.25 | fps 59.7 | hold 1 miss 0 late 0 | gap ms 16.73 | under 0 fill 464 | copy 2439 cy/line 34.39 Mcy/s | synth 2958 cy/pump 41.71 Mcy/s 1738 cy/sample | tri 0 px 76800 part 0 ch 1 | AHASH s=888000 7489a231
T t=38.1 bar=19 ph=3 the plain | render ms 6.22/6.23/6.25 | fps 59.7 | hold 1 miss 0 late 0 | gap ms 16.73 | under 0 fill 464 | copy 2439 cy/line 34.39 Mcy/s | synth 2959 cy/pump 41.73 Mcy/s 1738 cy/sample | tri 0 px 76800 part 0 ch 1 | AHASH s=912000 f1caa5b0
T t=39.1 bar=20 ph=3 the plain | render ms 6.22/6.23/6.25 | fps 59.7 | hold 1 miss 0 late 0 | gap ms 16.73 | under 0 fill 464 | copy 2439 cy/line 34.39 Mcy/s | synth 2959 cy/pump 41.73 Mcy/s 1738 cy/sample | tri 0 px 76800 part 0 ch 1 | AHASH s=936000 6502a091
T t=40.1 bar=20 ph=3 the plain | render ms 6.22/6.23/6.25 | fps 59.7 | hold 1 miss 0 late 0 | gap ms 16.73 | under 0 fill 464 | copy 2439 cy/line 34.39 Mcy/s | synth 2959 cy/pump 41.73 Mcy/s 1738 cy/sample | tri 0 px 76800 part 0 ch 1 | AHASH s=960000 343dd2f7
T t=41.1 bar=21 ph=3 the plain | render ms 6.22/6.23/6.24 | fps 59.7 | hold 1 miss 0 late 0 | gap ms 16.73 | under 0 fill 464 | copy 2439 cy/line 34.39 Mcy/s | synth 2959 cy/pump 41.73 Mcy/s 1738 cy/sample | tri 0 px 76800 part 0 ch 1 | AHASH s=984000 1856fdf2
T t=42.1 bar=21 ph=3 the plain | render ms 6.22/6.23/6.25 | fps 59.7 | hold 1 miss 0 late 0 | gap ms 16.73 | under 0 fill 464 | copy 2439 cy/line 34.39 Mcy/s | synth 2959 cy/pump 41.73 Mcy/s 1738 cy/sample | tri 0 px 76800 part 0 ch 1 | AHASH s=1008000 a0412651
T t=43.1 bar=22 ph=3 the plain | render ms 6.22/6.23/6.25 | fps 59.7 | hold 1 miss 0 late 0 | gap ms 16.73 | under 0 fill 464 | copy 2439 cy/line 34.39 Mcy/s | synth 2958 cy/pump 41.72 Mcy/s 1738 cy/sample | tri 0 px 76800 part 0 ch 1 | AHASH s=1032000 aaebaad7
T t=44.1 bar=23 ph=3 the plain | render ms 6.22/6.23/6.26 | fps 59.7 | hold 1 miss 0 late 0 | gap ms 16.73 | under 0 fill 464 | copy 2439 cy/line 34.39 Mcy/s | synth 2960 cy/pump 41.75 Mcy/s 1739 cy/sample | tri 0 px 76800 part 0 ch 1 | AHASH s=1056000 b6aeddef
T t=45.1 bar=23 ph=3 the plain | render ms 6.22/6.24/6.26 | fps 59.7 | hold 1 miss 0 late 0 | gap ms 16.73 | under 0 fill 464 | copy 2439 cy/line 34.39 Mcy/s | synth 2960 cy/pump 41.74 Mcy/s 1739 cy/sample | tri 0 px 76800 part 0 ch 1 | AHASH s=1080000 3c3b7676
PHRASE t=46.0 bar=24 ph=4 the hand | render ms 6.21/6.23/6.26 | fps 59.7 | hold 1 miss 0 late 0 | gap ms 16.73 | under 0 fill 464 | copy 2439 cy/line 34.94 Mcy/s | synth 2959 cy/pump 42.39 Mcy/s 1766 cy/sample | tri 0 px 76800 part 0 ch 2 | AHASH s=1104000 159985cb
T t=46.1 bar=24 ph=4 the hand | render ms 6.22/6.24/6.27 | fps 59.7 | hold 1 miss 0 late 0 | gap ms 16.73 | under 0 fill 464 | copy 2439 cy/line 34.39 Mcy/s | synth 2960 cy/pump 41.74 Mcy/s 1739 cy/sample | tri 0 px 76800 part 0 ch 2 | AHASH s=1104000 159985cb
T t=47.1 bar=24 ph=4 the hand | render ms 6.22/6.24/6.25 | fps 59.7 | hold 1 miss 0 late 0 | gap ms 16.73 | under 0 fill 464 | copy 2439 cy/line 34.39 Mcy/s | synth 2960 cy/pump 41.73 Mcy/s 1739 cy/sample | tri 0 px 76800 part 0 ch 2 | AHASH s=1128000 a507af95
T t=48.1 bar=25 ph=4 the hand | render ms 6.22/6.24/6.27 | fps 59.7 | hold 1 miss 0 late 0 | gap ms 16.73 | under 0 fill 464 | copy 2439 cy/line 34.40 Mcy/s | synth 2958 cy/pump 41.71 Mcy/s 1738 cy/sample | tri 0 px 76800 part 0 ch 2 | AHASH s=1152000 fea4f11a
T t=49.1 bar=25 ph=4 the hand | render ms 6.22/6.24/6.26 | fps 59.7 | hold 1 miss 0 late 0 | gap ms 16.73 | under 0 fill 464 | copy 2439 cy/line 34.39 Mcy/s | synth 2959 cy/pump 41.73 Mcy/s 1738 cy/sample | tri 0 px 76800 part 0 ch 2 | AHASH s=1176000 ac690a5a
T t=50.1 bar=26 ph=4 the hand | render ms 6.23/6.24/6.25 | fps 59.7 | hold 1 miss 0 late 0 | gap ms 16.73 | under 0 fill 464 | copy 2439 cy/line 34.40 Mcy/s | synth 2959 cy/pump 41.73 Mcy/s 1738 cy/sample | tri 0 px 76800 part 0 ch 2 | AHASH s=1200000 f873dd08
T t=51.1 bar=26 ph=4 the hand | render ms 6.22/6.24/6.27 | fps 59.7 | hold 1 miss 0 late 0 | gap ms 16.73 | under 0 fill 464 | copy 2439 cy/line 34.39 Mcy/s | synth 2959 cy/pump 41.72 Mcy/s 1738 cy/sample | tri 0 px 76800 part 0 ch 2 | AHASH s=1224000 c3b4bb76
T t=52.2 bar=27 ph=4 the hand | render ms 6.23/6.24/6.25 | fps 59.7 | hold 1 miss 0 late 0 | gap ms 16.73 | under 0 fill 464 | copy 2439 cy/line 34.39 Mcy/s | synth 2959 cy/pump 41.73 Mcy/s 1738 cy/sample | tri 0 px 76800 part 0 ch 2 | AHASH s=1248000 05745f6b
T t=53.2 bar=27 ph=4 the hand | render ms 6.23/6.24/6.25 | fps 59.7 | hold 1 miss 0 late 0 | gap ms 16.73 | under 0 fill 464 | copy 2439 cy/line 34.39 Mcy/s | synth 2960 cy/pump 41.74 Mcy/s 1739 cy/sample | tri 0 px 76800 part 0 ch 2 | AHASH s=1272000 a13b2140
T t=54.2 bar=28 ph=4 the hand | render ms 6.22/6.24/6.28 | fps 59.7 | hold 1 miss 0 late 0 | gap ms 16.73 | under 0 fill 464 | copy 2439 cy/line 34.39 Mcy/s | synth 2958 cy/pump 41.71 Mcy/s 1738 cy/sample | tri 0 px 76800 part 0 ch 2 | AHASH s=1296000 78105b3c
T t=55.2 bar=28 ph=4 the hand | render ms 6.22/6.24/6.27 | fps 59.7 | hold 1 miss 0 late 0 | gap ms 16.73 | under 0 fill 464 | copy 2439 cy/line 34.39 Mcy/s | synth 2958 cy/pump 41.72 Mcy/s 1738 cy/sample | tri 0 px 76800 part 0 ch 2 | AHASH s=1320000 afedece0
T t=56.2 bar=29 ph=4 the hand | render ms 6.23/6.24/6.26 | fps 59.7 | hold 1 miss 0 late 0 | gap ms 16.73 | under 0 fill 464 | copy 2439 cy/line 34.40 Mcy/s | synth 2959 cy/pump 41.72 Mcy/s 1738 cy/sample | tri 0 px 76800 part 0 ch 2 | AHASH s=1344000 5b477c1e
T t=57.2 bar=29 ph=4 the hand | render ms 6.23/6.24/6.26 | fps 59.7 | hold 1 miss 0 late 0 | gap ms 16.73 | under 0 fill 464 | copy 2439 cy/line 34.39 Mcy/s | synth 2959 cy/pump 41.73 Mcy/s 1739 cy/sample | tri 0 px 76800 part 0 ch 2 | AHASH s=1368000 812c4246
T t=58.2 bar=30 ph=4 the hand | render ms 6.23/6.24/6.26 | fps 59.7 | hold 1 miss 0 late 0 | gap ms 16.73 | under 0 fill 464 | copy 2439 cy/line 34.40 Mcy/s | synth 2958 cy/pump 41.72 Mcy/s 1738 cy/sample | tri 0 px 76800 part 0 ch 2 | AHASH s=1392000 bd966cf3
T t=59.2 bar=30 ph=4 the hand | render ms 6.23/6.24/6.26 | fps 59.7 | hold 1 miss 0 late 0 | gap ms 16.73 | under 0 fill 464 | copy 2439 cy/line 34.40 Mcy/s | synth 2959 cy/pump 41.73 Mcy/s 1738 cy/sample | tri 0 px 76800 part 0 ch 2 | AHASH s=1416000 6495f6fb
T t=60.2 bar=31 ph=4 the hand | render ms 6.23/6.24/6.26 | fps 59.7 | hold 1 miss 0 late 0 | gap ms 16.73 | under 0 fill 464 | copy 2439 cy/line 34.40 Mcy/s | synth 2958 cy/pump 41.72 Mcy/s 1738 cy/sample | tri 0 px 76800 part 0 ch 2 | AHASH s=1440000 3f5f9a21
T t=61.2 bar=31 ph=4 the hand | render ms 6.23/6.24/6.26 | fps 59.7 | hold 1 miss 0 late 0 | gap ms 16.73 | under 0 fill 464 | copy 2439 cy/line 34.39 Mcy/s | synth 2959 cy/pump 41.73 Mcy/s 1739 cy/sample | tri 0 px 76800 part 0 ch 2 | AHASH s=1464000 444d7d03
PHRASE t=61.4 bar=32 ph=5 the hand | render ms 6.22/6.24/6.28 | fps 59.7 | hold 1 miss 0 late 0 | gap ms 16.73 | under 0 fill 464 | copy 2439 cy/line 34.94 Mcy/s | synth 2959 cy/pump 42.39 Mcy/s 1766 cy/sample | tri 0 px 76800 part 0 ch 2 | AHASH s=1464000 444d7d03
T t=62.2 bar=32 ph=5 the hand | render ms 6.24/6.25/6.27 | fps 59.7 | hold 1 miss 0 late 0 | gap ms 16.73 | under 0 fill 464 | copy 2439 cy/line 34.39 Mcy/s | synth 2958 cy/pump 41.71 Mcy/s 1738 cy/sample | tri 0 px 76800 part 0 ch 2 | AHASH s=1488000 941943d6
T t=63.2 bar=32 ph=5 the hand | render ms 6.24/6.25/6.28 | fps 59.7 | hold 1 miss 0 late 0 | gap ms 16.73 | under 0 fill 464 | copy 2439 cy/line 34.40 Mcy/s | synth 2959 cy/pump 41.73 Mcy/s 1738 cy/sample | tri 0 px 76800 part 0 ch 2 | AHASH s=1512000 8a2532e6
T t=64.2 bar=33 ph=5 the hand | render ms 6.23/6.25/6.27 | fps 59.7 | hold 1 miss 0 late 0 | gap ms 16.73 | under 0 fill 464 | copy 2439 cy/line 34.40 Mcy/s | synth 2958 cy/pump 41.72 Mcy/s 1738 cy/sample | tri 0 px 76800 part 0 ch 2 | AHASH s=1536000 106f9ee9
T t=65.2 bar=33 ph=5 the hand | render ms 6.24/6.25/6.28 | fps 59.7 | hold 1 miss 0 late 0 | gap ms 16.73 | under 0 fill 464 | copy 2439 cy/line 34.39 Mcy/s | synth 2959 cy/pump 41.73 Mcy/s 1738 cy/sample | tri 0 px 76800 part 0 ch 2 | AHASH s=1560000 6056688e
T t=66.2 bar=34 ph=5 the hand | render ms 6.23/6.25/6.27 | fps 59.7 | hold 1 miss 0 late 0 | gap ms 16.73 | under 0 fill 464 | copy 2439 cy/line 34.40 Mcy/s | synth 2959 cy/pump 41.72 Mcy/s 1738 cy/sample | tri 0 px 76800 part 0 ch 2 | AHASH s=1584000 ff52ffe2
T t=67.2 bar=35 ph=5 the hand | render ms 6.24/6.25/6.27 | fps 59.7 | hold 1 miss 0 late 0 | gap ms 16.73 | under 0 fill 464 | copy 2439 cy/line 34.39 Mcy/s | synth 2960 cy/pump 41.74 Mcy/s 1739 cy/sample | tri 0 px 76800 part 0 ch 2 | AHASH s=1608000 83f990b5
T t=68.2 bar=35 ph=5 the hand | render ms 6.24/6.25/6.27 | fps 59.7 | hold 1 miss 0 late 0 | gap ms 16.73 | under 0 fill 464 | copy 2439 cy/line 34.40 Mcy/s | synth 2958 cy/pump 41.72 Mcy/s 1738 cy/sample | tri 0 px 76800 part 0 ch 2 | AHASH s=1632000 1317fced
T t=69.2 bar=36 ph=5 the hand | render ms 6.23/6.25/6.26 | fps 59.7 | hold 1 miss 0 late 0 | gap ms 16.73 | under 0 fill 464 | copy 2439 cy/line 34.39 Mcy/s | synth 2958 cy/pump 41.71 Mcy/s 1738 cy/sample | tri 0 px 76800 part 0 ch 2 | AHASH s=1656000 3cb02279
T t=70.2 bar=36 ph=5 the hand | render ms 6.24/6.25/6.28 | fps 59.7 | hold 1 miss 0 late 0 | gap ms 16.73 | under 0 fill 464 | copy 2439 cy/line 34.39 Mcy/s | synth 2959 cy/pump 41.73 Mcy/s 1739 cy/sample | tri 0 px 76800 part 0 ch 2 | AHASH s=1680000 80101a1c
T t=71.2 bar=37 ph=5 the hand | render ms 6.24/6.25/6.27 | fps 59.7 | hold 1 miss 0 late 0 | gap ms 16.73 | under 0 fill 464 | copy 2439 cy/line 34.39 Mcy/s | synth 2959 cy/pump 41.73 Mcy/s 1738 cy/sample | tri 0 px 76800 part 0 ch 2 | AHASH s=1704000 3b94f7bc
T t=72.2 bar=37 ph=5 the hand | render ms 6.23/6.25/6.27 | fps 59.7 | hold 1 miss 0 late 0 | gap ms 16.73 | under 0 fill 464 | copy 2439 cy/line 34.39 Mcy/s | synth 2959 cy/pump 41.72 Mcy/s 1738 cy/sample | tri 0 px 76800 part 0 ch 2 | AHASH s=1728000 4db2e8f2
T t=73.2 bar=38 ph=5 the hand | render ms 6.23/6.25/6.28 | fps 59.7 | hold 1 miss 0 late 0 | gap ms 16.73 | under 0 fill 464 | copy 2439 cy/line 34.39 Mcy/s | synth 2958 cy/pump 41.72 Mcy/s 1738 cy/sample | tri 0 px 76800 part 0 ch 2 | AHASH s=1752000 d6d05b06
T t=74.2 bar=38 ph=5 the hand | render ms 6.24/6.25/6.27 | fps 59.7 | hold 1 miss 0 late 0 | gap ms 16.73 | under 0 fill 464 | copy 2439 cy/line 34.39 Mcy/s | synth 2959 cy/pump 41.73 Mcy/s 1738 cy/sample | tri 0 px 76800 part 0 ch 2 | AHASH s=1776000 22959014
T t=75.3 bar=39 ph=5 the hand | render ms 6.24/6.25/6.27 | fps 59.7 | hold 1 miss 0 late 0 | gap ms 16.73 | under 0 fill 464 | copy 2439 cy/line 34.39 Mcy/s | synth 2959 cy/pump 41.73 Mcy/s 1738 cy/sample | tri 0 px 76800 part 0 ch 2 | AHASH s=1800000 1f021550
T t=76.3 bar=39 ph=5 the hand | render ms 6.24/6.25/6.27 | fps 59.7 | hold 1 miss 0 late 0 | gap ms 16.73 | under 0 fill 464 | copy 2439 cy/line 34.39 Mcy/s | synth 2959 cy/pump 41.73 Mcy/s 1738 cy/sample | tri 0 px 76800 part 0 ch 2 | AHASH s=1824000 f424dace
PHRASE t=76.8 bar=40 ph=6 the heart | render ms 6.23/6.25/6.28 | fps 59.7 | hold 1 miss 0 late 0 | gap ms 16.73 | under 0 fill 464 | copy 2439 cy/line 34.94 Mcy/s | synth 2959 cy/pump 42.38 Mcy/s 1766 cy/sample | tri 0 px 76800 part 0 ch 3 | AHASH s=1824000 f424dace
T t=77.3 bar=40 ph=6 the heart | render ms 6.24/6.25/6.28 | fps 59.7 | hold 1 miss 0 late 0 | gap ms 16.73 | under 0 fill 464 | copy 2439 cy/line 34.39 Mcy/s | synth 2959 cy/pump 41.73 Mcy/s 1739 cy/sample | tri 0 px 76800 part 0 ch 3 | AHASH s=1848000 1f7fa627
T t=78.3 bar=40 ph=6 the heart | render ms 6.25/6.26/6.27 | fps 59.7 | hold 1 miss 0 late 0 | gap ms 16.73 | under 0 fill 464 | copy 2439 cy/line 34.39 Mcy/s | synth 2959 cy/pump 41.72 Mcy/s 1738 cy/sample | tri 0 px 76800 part 0 ch 3 | AHASH s=1872000 e386ffeb
T t=79.3 bar=41 ph=6 the heart | render ms 6.24/6.25/6.27 | fps 59.7 | hold 1 miss 0 late 0 | gap ms 16.73 | under 0 fill 464 | copy 2439 cy/line 34.39 Mcy/s | synth 2959 cy/pump 41.72 Mcy/s 1738 cy/sample | tri 0 px 76800 part 0 ch 3 | AHASH s=1896000 7ee13529
T t=80.3 bar=41 ph=6 the heart | render ms 6.24/6.25/6.27 | fps 59.7 | hold 1 miss 0 late 0 | gap ms 16.73 | under 0 fill 464 | copy 2439 cy/line 34.39 Mcy/s | synth 2959 cy/pump 41.72 Mcy/s 1738 cy/sample | tri 0 px 76800 part 0 ch 3 | AHASH s=1920000 1cc1e0a1
T t=81.3 bar=42 ph=6 the heart | render ms 6.24/6.25/6.27 | fps 59.7 | hold 1 miss 0 late 0 | gap ms 16.73 | under 0 fill 464 | copy 2439 cy/line 34.40 Mcy/s | synth 2958 cy/pump 41.71 Mcy/s 1738 cy/sample | tri 0 px 76800 part 0 ch 3 | AHASH s=1944000 1ffa4469
T t=82.3 bar=42 ph=6 the heart | render ms 6.24/6.25/6.27 | fps 59.7 | hold 1 miss 0 late 0 | gap ms 16.73 | under 0 fill 464 | copy 2439 cy/line 34.40 Mcy/s | synth 2958 cy/pump 41.72 Mcy/s 1738 cy/sample | tri 0 px 76800 part 0 ch 3 | AHASH s=1968000 a182c235
T t=83.3 bar=43 ph=6 the heart | render ms 6.24/6.25/6.27 | fps 59.7 | hold 1 miss 0 late 0 | gap ms 16.73 | under 0 fill 464 | copy 2439 cy/line 34.39 Mcy/s | synth 2958 cy/pump 41.71 Mcy/s 1738 cy/sample | tri 0 px 76800 part 0 ch 3 | AHASH s=1992000 5027bfaf
T t=84.3 bar=43 ph=6 the heart | render ms 6.24/6.26/6.27 | fps 59.7 | hold 1 miss 0 late 0 | gap ms 16.73 | under 0 fill 464 | copy 2439 cy/line 34.39 Mcy/s | synth 2959 cy/pump 41.73 Mcy/s 1739 cy/sample | tri 0 px 76800 part 0 ch 3 | AHASH s=2016000 7a85e49a
T t=85.3 bar=44 ph=6 the heart | render ms 6.24/6.25/6.27 | fps 59.7 | hold 1 miss 0 late 0 | gap ms 16.73 | under 0 fill 464 | copy 2439 cy/line 34.39 Mcy/s | synth 2960 cy/pump 41.74 Mcy/s 1739 cy/sample | tri 0 px 76800 part 0 ch 3 | AHASH s=2040000 ff39b825
T t=86.3 bar=44 ph=6 the heart | render ms 6.25/6.26/6.27 | fps 59.7 | hold 1 miss 0 late 0 | gap ms 16.73 | under 0 fill 464 | copy 2439 cy/line 34.39 Mcy/s | synth 2959 cy/pump 41.73 Mcy/s 1738 cy/sample | tri 0 px 76800 part 0 ch 3 | AHASH s=2064000 d6b81d94
T t=87.3 bar=45 ph=6 the heart | render ms 6.24/6.26/6.28 | fps 59.7 | hold 1 miss 0 late 0 | gap ms 16.73 | under 0 fill 464 | copy 2439 cy/line 34.40 Mcy/s | synth 2959 cy/pump 41.73 Mcy/s 1738 cy/sample | tri 0 px 76800 part 0 ch 3 | AHASH s=2088000 12be213a
T t=88.3 bar=46 ph=6 the heart | render ms 6.24/6.25/6.28 | fps 59.7 | hold 1 miss 0 late 0 | gap ms 16.73 | under 0 fill 464 | copy 2439 cy/line 34.39 Mcy/s | synth 2960 cy/pump 41.74 Mcy/s 1739 cy/sample | tri 0 px 76800 part 0 ch 3 | AHASH s=2112000 97f87b86
T t=89.3 bar=46 ph=6 the heart | render ms 6.24/6.26/6.27 | fps 59.7 | hold 1 miss 0 late 0 | gap ms 16.73 | under 0 fill 464 | copy 2439 cy/line 34.39 Mcy/s | synth 2958 cy/pump 41.72 Mcy/s 1738 cy/sample | tri 0 px 76800 part 0 ch 3 | AHASH s=2136000 8830535a
T t=90.3 bar=47 ph=6 the heart | render ms 6.24/6.26/6.28 | fps 59.7 | hold 1 miss 0 late 0 | gap ms 16.73 | under 0 fill 464 | copy 2439 cy/line 34.39 Mcy/s | synth 2959 cy/pump 41.73 Mcy/s 1738 cy/sample | tri 0 px 76800 part 0 ch 3 | AHASH s=2160000 fc2b037f
T t=91.3 bar=47 ph=6 the heart | render ms 6.24/6.26/6.28 | fps 59.7 | hold 1 miss 0 late 0 | gap ms 16.73 | under 0 fill 464 | copy 2439 cy/line 34.39 Mcy/s | synth 2959 cy/pump 41.72 Mcy/s 1738 cy/sample | tri 0 px 76800 part 0 ch 3 | AHASH s=2184000 1bc4b39c
PHRASE t=92.1 bar=48 ph=7 the heart | render ms 6.24/6.25/6.28 | fps 59.7 | hold 1 miss 0 late 0 | gap ms 16.73 | under 0 fill 464 | copy 2439 cy/line 34.94 Mcy/s | synth 2959 cy/pump 42.39 Mcy/s 1766 cy/sample | tri 0 px 76800 part 0 ch 3 | AHASH s=2208000 5dfce50c
T t=92.3 bar=48 ph=7 the heart | render ms 6.24/6.26/6.27 | fps 59.7 | hold 1 miss 0 late 0 | gap ms 16.73 | under 0 fill 464 | copy 2439 cy/line 34.39 Mcy/s | synth 2958 cy/pump 41.72 Mcy/s 1738 cy/sample | tri 0 px 76800 part 0 ch 3 | AHASH s=2208000 5dfce50c
T t=93.3 bar=48 ph=7 the heart | render ms 6.24/6.26/6.27 | fps 59.7 | hold 1 miss 0 late 0 | gap ms 16.73 | under 0 fill 464 | copy 2439 cy/line 34.39 Mcy/s | synth 2959 cy/pump 41.73 Mcy/s 1739 cy/sample | tri 0 px 76800 part 0 ch 3 | AHASH s=2232000 15641653
T t=94.3 bar=49 ph=7 the heart | render ms 6.24/6.26/6.28 | fps 59.7 | hold 1 miss 0 late 0 | gap ms 16.73 | under 0 fill 464 | copy 2439 cy/line 34.40 Mcy/s | synth 2959 cy/pump 41.73 Mcy/s 1738 cy/sample | tri 0 px 76800 part 0 ch 3 | AHASH s=2256000 6c2c8fe6
T t=95.3 bar=49 ph=7 the heart | render ms 6.24/6.26/6.28 | fps 59.7 | hold 1 miss 0 late 0 | gap ms 16.73 | under 0 fill 464 | copy 2439 cy/line 34.40 Mcy/s | synth 2959 cy/pump 41.72 Mcy/s 1738 cy/sample | tri 0 px 76800 part 0 ch 3 | AHASH s=2280000 77459282
T t=96.3 bar=50 ph=7 the heart | render ms 6.24/6.26/6.27 | fps 59.7 | hold 1 miss 0 late 0 | gap ms 16.73 | under 0 fill 464 | copy 2439 cy/line 34.39 Mcy/s | synth 2959 cy/pump 41.72 Mcy/s 1738 cy/sample | tri 0 px 76800 part 0 ch 3 | AHASH s=2304000 57ad9b3d
T t=97.3 bar=50 ph=7 the heart | render ms 6.24/6.25/6.27 | fps 59.7 | hold 1 miss 0 late 0 | gap ms 16.73 | under 0 fill 464 | copy 2439 cy/line 34.39 Mcy/s | synth 2960 cy/pump 41.74 Mcy/s 1739 cy/sample | tri 0 px 76800 part 0 ch 3 | AHASH s=2328000 46324a32
T t=98.3 bar=51 ph=7 the heart | render ms 6.24/6.26/6.28 | fps 59.7 | hold 1 miss 0 late 0 | gap ms 16.73 | under 0 fill 464 | copy 2439 cy/line 34.39 Mcy/s | synth 2958 cy/pump 41.72 Mcy/s 1738 cy/sample | tri 0 px 76800 part 0 ch 3 | AHASH s=2352000 f1166fe6
T t=99.4 bar=51 ph=7 the heart | render ms 6.24/6.26/6.27 | fps 59.7 | hold 1 miss 0 late 0 | gap ms 16.73 | under 0 fill 464 | copy 2439 cy/line 34.39 Mcy/s | synth 2960 cy/pump 41.74 Mcy/s 1739 cy/sample | tri 0 px 76800 part 0 ch 3 | AHASH s=2376000 3f3f2310
T t=100.4 bar=52 ph=7 the heart | render ms 6.25/6.26/6.27 | fps 59.7 | hold 1 miss 0 late 0 | gap ms 16.73 | under 0 fill 464 | copy 2439 cy/line 34.39 Mcy/s | synth 2958 cy/pump 41.72 Mcy/s 1738 cy/sample | tri 0 px 76800 part 0 ch 3 | AHASH s=2400000 ae191035
T t=101.4 bar=52 ph=7 the heart | render ms 6.24/6.26/6.28 | fps 59.7 | hold 1 miss 0 late 0 | gap ms 16.73 | under 0 fill 464 | copy 2439 cy/line 34.39 Mcy/s | synth 2959 cy/pump 41.73 Mcy/s 1738 cy/sample | tri 0 px 76800 part 0 ch 3 | AHASH s=2424000 c9629b28
T t=102.4 bar=53 ph=7 the heart | render ms 6.24/6.26/6.27 | fps 59.7 | hold 1 miss 0 late 0 | gap ms 16.73 | under 0 fill 464 | copy 2439 cy/line 34.39 Mcy/s | synth 2958 cy/pump 41.71 Mcy/s 1738 cy/sample | tri 0 px 76800 part 0 ch 3 | AHASH s=2448000 0c461bf6
T t=103.4 bar=53 ph=7 the heart | render ms 6.24/6.25/6.28 | fps 59.7 | hold 1 miss 0 late 0 | gap ms 16.73 | under 0 fill 464 | copy 2439 cy/line 34.40 Mcy/s | synth 2959 cy/pump 41.73 Mcy/s 1738 cy/sample | tri 0 px 76800 part 0 ch 3 | AHASH s=2472000 417189a2
T t=104.4 bar=54 ph=7 the heart | render ms 6.25/6.26/6.29 | fps 59.7 | hold 1 miss 0 late 0 | gap ms 16.73 | under 0 fill 464 | copy 2439 cy/line 34.40 Mcy/s | synth 2958 cy/pump 41.72 Mcy/s 1738 cy/sample | tri 0 px 76800 part 0 ch 3 | AHASH s=2496000 601664cb
T t=105.4 bar=54 ph=7 the heart | render ms 6.25/6.26/6.28 | fps 59.7 | hold 1 miss 0 late 0 | gap ms 16.73 | under 0 fill 464 | copy 2439 cy/line 34.39 Mcy/s | synth 2960 cy/pump 41.74 Mcy/s 1739 cy/sample | tri 0 px 76800 part 0 ch 3 | AHASH s=2520000 cf98d3ed
T t=106.4 bar=55 ph=7 the heart | render ms 6.25/6.26/6.28 | fps 59.7 | hold 1 miss 0 late 0 | gap ms 16.73 | under 0 fill 464 | copy 2439 cy/line 34.40 Mcy/s | synth 2959 cy/pump 41.73 Mcy/s 1738 cy/sample | tri 0 px 76800 part 0 ch 3 | AHASH s=2544000 e435c086
T t=107.4 bar=55 ph=7 the heart | render ms 6.25/6.26/6.27 | fps 59.7 | hold 1 miss 0 late 0 | gap ms 16.73 | under 0 fill 464 | copy 2439 cy/line 34.40 Mcy/s | synth 2959 cy/pump 41.73 Mcy/s 1738 cy/sample | tri 0 px 76800 part 0 ch 3 | AHASH s=2568000 7e8bfa36
PHRASE t=107.5 bar=56 ph=8 the eye | render ms 6.21/6.26/6.29 | fps 59.7 | hold 1 miss 0 late 0 | gap ms 16.73 | under 0 fill 464 | copy 2439 cy/line 34.94 Mcy/s | synth 2959 cy/pump 42.39 Mcy/s 1766 cy/sample | tri 0 px 76800 part 0 ch 4 | AHASH s=2568000 7e8bfa36
T t=108.4 bar=56 ph=8 the eye | render ms 6.20/6.22/6.27 | fps 59.7 | hold 1 miss 0 late 0 | gap ms 16.73 | under 0 fill 464 | copy 2447 cy/line 34.50 Mcy/s | synth 2837 cy/pump 40.00 Mcy/s 1667 cy/sample | tri 0 px 76800 part 0 ch 4 | AHASH s=2592000 66b373d5
T t=109.4 bar=57 ph=8 the eye | render ms 6.20/6.22/6.24 | fps 59.7 | hold 1 miss 0 late 0 | gap ms 16.73 | under 0 fill 464 | copy 2460 cy/line 34.69 Mcy/s | synth 2633 cy/pump 37.13 Mcy/s 1547 cy/sample | tri 0 px 76800 part 0 ch 4 | AHASH s=2616000 c82a5663
T t=110.4 bar=57 ph=8 the eye | render ms 6.21/6.22/6.24 | fps 59.7 | hold 1 miss 0 late 0 | gap ms 16.73 | under 0 fill 464 | copy 2460 cy/line 34.70 Mcy/s | synth 2631 cy/pump 37.10 Mcy/s 1546 cy/sample | tri 0 px 76800 part 0 ch 4 | AHASH s=2640000 9f6ffe38
T t=111.4 bar=58 ph=8 the eye | render ms 6.20/6.22/6.24 | fps 59.7 | hold 1 miss 0 late 0 | gap ms 16.73 | under 0 fill 464 | copy 2460 cy/line 34.70 Mcy/s | synth 2632 cy/pump 37.11 Mcy/s 1546 cy/sample | tri 0 px 76800 part 0 ch 4 | AHASH s=2664000 670e852b
T t=112.4 bar=58 ph=8 the eye | render ms 6.21/6.22/6.25 | fps 59.7 | hold 1 miss 0 late 0 | gap ms 16.73 | under 0 fill 464 | copy 2460 cy/line 34.70 Mcy/s | synth 2634 cy/pump 37.14 Mcy/s 1547 cy/sample | tri 0 px 76800 part 0 ch 4 | AHASH s=2688000 c39148f0
T t=113.4 bar=59 ph=8 the eye | render ms 6.21/6.22/6.24 | fps 59.7 | hold 1 miss 0 late 0 | gap ms 16.73 | under 0 fill 464 | copy 2461 cy/line 34.70 Mcy/s | synth 2632 cy/pump 37.12 Mcy/s 1547 cy/sample | tri 0 px 76800 part 0 ch 4 | AHASH s=2712000 f53583f6
T t=114.4 bar=59 ph=8 the eye | render ms 6.21/6.22/6.23 | fps 59.7 | hold 1 miss 0 late 0 | gap ms 16.73 | under 0 fill 464 | copy 2461 cy/line 34.70 Mcy/s | synth 2632 cy/pump 37.12 Mcy/s 1546 cy/sample | tri 0 px 76800 part 0 ch 4 | AHASH s=2736000 500e0439
T t=115.4 bar=60 ph=8 the eye | render ms 6.21/6.22/6.25 | fps 59.7 | hold 1 miss 0 late 0 | gap ms 16.73 | under 0 fill 464 | copy 2460 cy/line 34.70 Mcy/s | synth 2633 cy/pump 37.12 Mcy/s 1547 cy/sample | tri 0 px 76800 part 0 ch 4 | AHASH s=2760000 92d069c7
T t=116.4 bar=60 ph=8 the eye | render ms 6.21/6.22/6.24 | fps 59.7 | hold 1 miss 0 late 0 | gap ms 16.73 | under 0 fill 464 | copy 2461 cy/line 34.70 Mcy/s | synth 2633 cy/pump 37.12 Mcy/s 1547 cy/sample | tri 0 px 76800 part 0 ch 4 | AHASH s=2784000 3672f781
T t=117.4 bar=61 ph=8 the eye | render ms 6.21/6.22/6.24 | fps 59.7 | hold 1 miss 0 late 0 | gap ms 16.73 | under 0 fill 464 | copy 2460 cy/line 34.70 Mcy/s | synth 2633 cy/pump 37.12 Mcy/s 1547 cy/sample | tri 0 px 76800 part 0 ch 4 | AHASH s=2808000 688c7659
T t=118.4 bar=61 ph=8 the eye | render ms 6.21/6.22/6.24 | fps 59.7 | hold 1 miss 0 late 0 | gap ms 16.73 | under 0 fill 464 | copy 2461 cy/line 34.70 Mcy/s | synth 2632 cy/pump 37.11 Mcy/s 1546 cy/sample | tri 0 px 76800 part 0 ch 4 | AHASH s=2832000 3e67fc45
T t=119.4 bar=62 ph=8 the eye | render ms 6.21/6.22/6.25 | fps 59.7 | hold 1 miss 0 late 0 | gap ms 16.73 | under 0 fill 464 | copy 2461 cy/line 34.70 Mcy/s | synth 2632 cy/pump 37.12 Mcy/s 1546 cy/sample | tri 0 px 76800 part 0 ch 4 | AHASH s=2856000 a1c508fe
T t=120.4 bar=62 ph=8 the eye | render ms 6.21/6.22/6.24 | fps 59.7 | hold 1 miss 0 late 0 | gap ms 16.73 | under 0 fill 464 | copy 2461 cy/line 34.70 Mcy/s | synth 2633 cy/pump 37.13 Mcy/s 1547 cy/sample | tri 0 px 76800 part 0 ch 4 | AHASH s=2880000 c01fbcf3
T t=121.4 bar=63 ph=8 the eye | render ms 6.21/6.22/6.25 | fps 59.7 | hold 1 miss 0 late 0 | gap ms 16.73 | under 0 fill 464 | copy 2460 cy/line 34.70 Mcy/s | synth 2632 cy/pump 37.12 Mcy/s 1546 cy/sample | tri 0 px 76800 part 0 ch 4 | AHASH s=2904000 bf7e4e19
T t=122.4 bar=63 ph=8 the eye | render ms 6.21/6.22/6.25 | fps 59.7 | hold 1 miss 0 late 0 | gap ms 16.73 | under 0 fill 464 | copy 2460 cy/line 34.70 Mcy/s | synth 2633 cy/pump 37.13 Mcy/s 1547 cy/sample | tri 0 px 76800 part 0 ch 4 | AHASH s=2928000 e129bcd7
PHRASE t=122.8 bar=64 ph=9 the eye | render ms 6.20/6.22/6.25 | fps 59.7 | hold 1 miss 0 late 0 | gap ms 16.73 | under 0 fill 464 | copy 2460 cy/line 35.24 Mcy/s | synth 2644 cy/pump 37.88 Mcy/s 1578 cy/sample | tri 0 px 76800 part 0 ch 4 | AHASH s=2928000 e129bcd7
T t=123.5 bar=64 ph=9 the eye | render ms 6.21/6.23/6.24 | fps 59.7 | hold 1 miss 0 late 0 | gap ms 16.73 | under 0 fill 464 | copy 2446 cy/line 34.50 Mcy/s | synth 2844 cy/pump 40.11 Mcy/s 1671 cy/sample | tri 0 px 76800 part 0 ch 4 | AHASH s=2952000 c84c1e21
T t=124.5 bar=64 ph=9 the eye | render ms 6.22/6.23/6.26 | fps 59.7 | hold 1 miss 0 late 0 | gap ms 16.73 | under 0 fill 464 | copy 2439 cy/line 34.39 Mcy/s | synth 2959 cy/pump 41.73 Mcy/s 1738 cy/sample | tri 0 px 76800 part 0 ch 4 | AHASH s=2976000 f3539544
T t=125.5 bar=65 ph=9 the eye | render ms 6.22/6.23/6.25 | fps 59.7 | hold 1 miss 0 late 0 | gap ms 16.73 | under 0 fill 464 | copy 2439 cy/line 34.39 Mcy/s | synth 2958 cy/pump 41.71 Mcy/s 1738 cy/sample | tri 0 px 76800 part 0 ch 4 | AHASH s=3000000 c4c7db5e
T t=126.5 bar=65 ph=9 the eye | render ms 6.22/6.23/6.24 | fps 59.7 | hold 1 miss 0 late 0 | gap ms 16.73 | under 0 fill 464 | copy 2439 cy/line 34.39 Mcy/s | synth 2959 cy/pump 41.73 Mcy/s 1738 cy/sample | tri 0 px 76800 part 0 ch 4 | AHASH s=3024000 689501b6
T t=127.5 bar=66 ph=9 the eye | render ms 6.22/6.23/6.26 | fps 59.7 | hold 1 miss 0 late 0 | gap ms 16.73 | under 0 fill 464 | copy 2439 cy/line 34.39 Mcy/s | synth 2958 cy/pump 41.71 Mcy/s 1738 cy/sample | tri 0 px 76800 part 0 ch 4 | AHASH s=3048000 54ddbfb4
T t=128.5 bar=66 ph=9 the eye | render ms 6.22/6.23/6.24 | fps 59.7 | hold 1 miss 0 late 0 | gap ms 16.73 | under 0 fill 464 | copy 2439 cy/line 34.39 Mcy/s | synth 2958 cy/pump 41.71 Mcy/s 1738 cy/sample | tri 0 px 76800 part 0 ch 4 | AHASH s=3072000 ff2af1eb
T t=129.5 bar=67 ph=9 the eye | render ms 6.22/6.23/6.24 | fps 59.7 | hold 1 miss 0 late 0 | gap ms 16.73 | under 0 fill 464 | copy 2439 cy/line 34.39 Mcy/s | synth 2958 cy/pump 41.72 Mcy/s 1738 cy/sample | tri 0 px 76800 part 0 ch 4 | AHASH s=3096000 bcfb55d3
T t=130.5 bar=67 ph=9 the eye | render ms 6.22/6.23/6.25 | fps 59.7 | hold 1 miss 0 late 0 | gap ms 16.73 | under 0 fill 464 | copy 2439 cy/line 34.39 Mcy/s | synth 2959 cy/pump 41.72 Mcy/s 1738 cy/sample | tri 0 px 76800 part 0 ch 4 | AHASH s=3120000 55e3adeb
T t=131.5 bar=68 ph=9 the eye | render ms 6.22/6.23/6.24 | fps 59.7 | hold 1 miss 0 late 0 | gap ms 16.73 | under 0 fill 464 | copy 2439 cy/line 34.39 Mcy/s | synth 2959 cy/pump 41.72 Mcy/s 1738 cy/sample | tri 0 px 76800 part 0 ch 4 | AHASH s=3144000 776b4edd
T t=132.5 bar=69 ph=9 the eye | render ms 6.21/6.23/6.24 | fps 59.7 | hold 1 miss 0 late 0 | gap ms 16.73 | under 0 fill 464 | copy 2439 cy/line 34.39 Mcy/s | synth 2959 cy/pump 41.72 Mcy/s 1738 cy/sample | tri 0 px 76800 part 0 ch 4 | AHASH s=3168000 37750be0
T t=133.5 bar=69 ph=9 the eye | render ms 6.22/6.23/6.26 | fps 59.7 | hold 1 miss 0 late 0 | gap ms 16.73 | under 0 fill 464 | copy 2439 cy/line 34.39 Mcy/s | synth 2958 cy/pump 41.71 Mcy/s 1738 cy/sample | tri 0 px 76800 part 0 ch 4 | AHASH s=3192000 13b36c2c
T t=134.5 bar=70 ph=9 the eye | render ms 6.22/6.23/6.26 | fps 59.7 | hold 1 miss 0 late 0 | gap ms 16.73 | under 0 fill 464 | copy 2439 cy/line 34.39 Mcy/s | synth 2957 cy/pump 41.70 Mcy/s 1737 cy/sample | tri 0 px 76800 part 0 ch 4 | AHASH s=3216000 734b9e99
T t=135.5 bar=70 ph=9 the eye | render ms 6.22/6.23/6.25 | fps 59.7 | hold 1 miss 0 late 0 | gap ms 16.73 | under 0 fill 464 | copy 2439 cy/line 34.40 Mcy/s | synth 2959 cy/pump 41.73 Mcy/s 1738 cy/sample | tri 0 px 76800 part 0 ch 4 | AHASH s=3240000 c8e54c97
T t=136.5 bar=71 ph=9 the eye | render ms 6.22/6.23/6.26 | fps 59.7 | hold 1 miss 0 late 0 | gap ms 16.73 | under 0 fill 464 | copy 2439 cy/line 34.39 Mcy/s | synth 2960 cy/pump 41.74 Mcy/s 1739 cy/sample | tri 0 px 76800 part 0 ch 4 | AHASH s=3264000 477858f9
T t=137.5 bar=71 ph=9 the eye | render ms 6.22/6.24/6.25 | fps 59.7 | hold 1 miss 0 late 0 | gap ms 16.73 | under 0 fill 464 | copy 2439 cy/line 34.39 Mcy/s | synth 2959 cy/pump 41.73 Mcy/s 1739 cy/sample | tri 0 px 76800 part 0 ch 4 | AHASH s=3288000 b36904b5
PHRASE t=138.2 bar=72 ph=10 the forge | render ms 6.21/6.23/6.26 | fps 59.7 | hold 1 miss 0 late 0 | gap ms 16.73 | under 0 fill 464 | copy 2439 cy/line 34.94 Mcy/s | synth 2958 cy/pump 42.38 Mcy/s 1766 cy/sample | tri 0 px 76800 part 0 ch 5 | AHASH s=3312000 4417a264
T t=138.5 bar=72 ph=10 the forge | render ms 6.23/6.24/6.28 | fps 59.7 | hold 1 miss 0 late 0 | gap ms 16.73 | under 0 fill 464 | copy 2439 cy/line 34.39 Mcy/s | synth 2958 cy/pump 41.72 Mcy/s 1738 cy/sample | tri 0 px 76800 part 0 ch 5 | AHASH s=3312000 4417a264
T t=139.5 bar=72 ph=10 the forge | render ms 6.24/6.26/6.27 | fps 59.7 | hold 1 miss 0 late 0 | gap ms 16.73 | under 0 fill 464 | copy 2439 cy/line 34.39 Mcy/s | synth 2960 cy/pump 41.75 Mcy/s 1739 cy/sample | tri 0 px 76800 part 0 ch 5 | AHASH s=3336000 b52e67ca
T t=140.5 bar=73 ph=10 the forge | render ms 6.24/6.25/6.28 | fps 59.7 | hold 1 miss 0 late 0 | gap ms 16.73 | under 0 fill 464 | copy 2449 cy/line 34.54 Mcy/s | synth 2677 cy/pump 37.75 Mcy/s 1573 cy/sample | tri 0 px 76800 part 0 ch 5 | AHASH s=3360000 e8c9be35
T t=141.5 bar=73 ph=10 the forge | render ms 6.24/6.25/6.28 | fps 59.7 | hold 1 miss 0 late 0 | gap ms 16.73 | under 0 fill 464 | copy 2456 cy/line 34.63 Mcy/s | synth 2517 cy/pump 35.50 Mcy/s 1479 cy/sample | tri 0 px 76800 part 0 ch 5 | AHASH s=3384000 78ec8b6d
T t=142.5 bar=74 ph=10 the forge | render ms 6.24/6.25/6.28 | fps 59.7 | hold 1 miss 0 late 0 | gap ms 16.73 | under 0 fill 464 | copy 2456 cy/line 34.63 Mcy/s | synth 2516 cy/pump 35.48 Mcy/s 1478 cy/sample | tri 0 px 76800 part 0 ch 5 | AHASH s=3408000 24e3995f
T t=143.5 bar=74 ph=10 the forge | render ms 6.24/6.26/6.28 | fps 59.7 | hold 1 miss 0 late 0 | gap ms 16.73 | under 0 fill 464 | copy 2456 cy/line 34.64 Mcy/s | synth 2517 cy/pump 35.49 Mcy/s 1478 cy/sample | tri 0 px 76800 part 0 ch 5 | AHASH s=3432000 a167a78e
T t=144.5 bar=75 ph=10 the forge | render ms 6.24/6.26/6.27 | fps 59.7 | hold 1 miss 0 late 0 | gap ms 16.73 | under 0 fill 464 | copy 2456 cy/line 34.63 Mcy/s | synth 2517 cy/pump 35.49 Mcy/s 1479 cy/sample | tri 0 px 76800 part 0 ch 5 | AHASH s=3456000 634c61d6
T t=145.5 bar=75 ph=10 the forge | render ms 6.24/6.26/6.27 | fps 59.7 | hold 1 miss 0 late 0 | gap ms 16.73 | under 0 fill 464 | copy 2456 cy/line 34.63 Mcy/s | synth 2516 cy/pump 35.49 Mcy/s 1478 cy/sample | tri 0 px 76800 part 0 ch 5 | AHASH s=3480000 71fe7714
T t=146.5 bar=76 ph=10 the forge | render ms 6.24/6.26/6.28 | fps 59.7 | hold 1 miss 0 late 0 | gap ms 16.73 | under 0 fill 464 | copy 2456 cy/line 34.63 Mcy/s | synth 2517 cy/pump 35.50 Mcy/s 1479 cy/sample | tri 0 px 76800 part 0 ch 5 | AHASH s=3504000 1ad90c4d
T t=147.6 bar=76 ph=10 the forge | render ms 6.24/6.26/6.28 | fps 59.7 | hold 1 miss 0 late 0 | gap ms 16.73 | under 0 fill 464 | copy 2456 cy/line 34.63 Mcy/s | synth 2517 cy/pump 35.50 Mcy/s 1479 cy/sample | tri 0 px 76800 part 0 ch 5 | AHASH s=3528000 8841309f
T t=148.6 bar=77 ph=10 the forge | render ms 6.24/6.26/6.27 | fps 59.7 | hold 1 miss 0 late 0 | gap ms 16.73 | under 0 fill 464 | copy 2456 cy/line 34.63 Mcy/s | synth 2516 cy/pump 35.49 Mcy/s 1478 cy/sample | tri 0 px 76800 part 0 ch 5 | AHASH s=3552000 dff90dbd
T t=149.6 bar=77 ph=10 the forge | render ms 6.24/6.26/6.29 | fps 59.7 | hold 1 miss 0 late 0 | gap ms 16.73 | under 0 fill 464 | copy 2456 cy/line 34.63 Mcy/s | synth 2517 cy/pump 35.49 Mcy/s 1479 cy/sample | tri 0 px 76800 part 0 ch 5 | AHASH s=3576000 10ef495b
T t=150.6 bar=78 ph=10 the forge | render ms 6.24/6.26/6.28 | fps 59.7 | hold 1 miss 0 late 0 | gap ms 16.73 | under 0 fill 464 | copy 2456 cy/line 34.63 Mcy/s | synth 2517 cy/pump 35.49 Mcy/s 1479 cy/sample | tri 0 px 76800 part 0 ch 5 | AHASH s=3600000 a827f115
T t=151.6 bar=78 ph=10 the forge | render ms 6.24/6.26/6.28 | fps 59.7 | hold 1 miss 0 late 0 | gap ms 16.73 | under 0 fill 464 | copy 2456 cy/line 34.64 Mcy/s | synth 2517 cy/pump 35.49 Mcy/s 1479 cy/sample | tri 0 px 76800 part 0 ch 5 | AHASH s=3624000 70a52061
T t=152.6 bar=79 ph=10 the forge | render ms 6.24/6.26/6.28 | fps 59.7 | hold 1 miss 0 late 0 | gap ms 16.73 | under 0 fill 464 | copy 2456 cy/line 34.64 Mcy/s | synth 2517 cy/pump 35.49 Mcy/s 1478 cy/sample | tri 0 px 76800 part 0 ch 5 | AHASH s=3648000 83a0cb6b
PHRASE t=153.6 bar=80 ph=11 the forge | render ms 6.24/6.26/6.29 | fps 59.7 | hold 1 miss 0 late 0 | gap ms 16.73 | under 0 fill 464 | copy 2454 cy/line 35.16 Mcy/s | synth 2563 cy/pump 36.71 Mcy/s 1529 cy/sample | tri 0 px 76800 part 0 ch 5 | AHASH s=3672000 abe9098c
T t=153.6 bar=80 ph=11 the forge | render ms 6.24/6.26/6.28 | fps 59.7 | hold 1 miss 0 late 0 | gap ms 16.73 | under 0 fill 464 | copy 2454 cy/line 34.61 Mcy/s | synth 2479 cy/pump 34.96 Mcy/s 1456 cy/sample | tri 0 px 76800 part 0 ch 5 | AHASH s=3672000 abe9098c
T t=154.6 bar=80 ph=11 the forge | render ms 6.24/6.26/6.28 | fps 59.7 | hold 1 miss 0 late 0 | gap ms 16.73 | under 0 fill 464 | copy 2456 cy/line 34.63 Mcy/s | synth 2517 cy/pump 35.49 Mcy/s 1479 cy/sample | tri 0 px 76800 part 0 ch 5 | AHASH s=3696000 3176b28e
T t=155.6 bar=81 ph=11 the forge | render ms 6.24/6.26/6.28 | fps 59.7 | hold 1 miss 0 late 0 | gap ms 16.73 | under 0 fill 464 | copy 2454 cy/line 34.60 Mcy/s | synth 2578 cy/pump 36.35 Mcy/s 1514 cy/sample | tri 0 px 76800 part 0 ch 5 | AHASH s=3720000 95f09d70
T t=156.6 bar=81 ph=11 the forge | render ms 6.25/6.26/6.29 | fps 59.7 | hold 1 miss 0 late 0 | gap ms 16.73 | under 0 fill 464 | copy 2439 cy/line 34.40 Mcy/s | synth 2958 cy/pump 41.71 Mcy/s 1738 cy/sample | tri 0 px 76800 part 0 ch 5 | AHASH s=3744000 ca1f9b64
T t=157.6 bar=82 ph=11 the forge | render ms 6.24/6.26/6.29 | fps 59.7 | hold 1 miss 0 late 0 | gap ms 16.73 | under 0 fill 464 | copy 2439 cy/line 34.40 Mcy/s | synth 2959 cy/pump 41.73 Mcy/s 1738 cy/sample | tri 0 px 76800 part 0 ch 5 | AHASH s=3768000 9d415870
T t=158.6 bar=82 ph=11 the forge | render ms 6.25/6.26/6.28 | fps 59.7 | hold 1 miss 0 late 0 | gap ms 16.73 | under 0 fill 464 | copy 2439 cy/line 34.39 Mcy/s | synth 2959 cy/pump 41.73 Mcy/s 1739 cy/sample | tri 0 px 76800 part 0 ch 5 | AHASH s=3792000 7d3d2864
T t=159.6 bar=83 ph=11 the forge | render ms 6.24/6.26/6.28 | fps 59.7 | hold 1 miss 0 late 0 | gap ms 16.73 | under 0 fill 464 | copy 2439 cy/line 34.39 Mcy/s | synth 2959 cy/pump 41.73 Mcy/s 1738 cy/sample | tri 0 px 76800 part 0 ch 5 | AHASH s=3816000 deef4d72
T t=160.6 bar=83 ph=11 the forge | render ms 6.25/6.26/6.28 | fps 59.7 | hold 1 miss 0 late 0 | gap ms 16.73 | under 0 fill 464 | copy 2439 cy/line 34.39 Mcy/s | synth 2960 cy/pump 41.75 Mcy/s 1739 cy/sample | tri 0 px 76800 part 0 ch 5 | AHASH s=3840000 9a42f6cc
T t=161.6 bar=84 ph=11 the forge | render ms 6.25/6.26/6.28 | fps 59.7 | hold 1 miss 0 late 0 | gap ms 16.73 | under 0 fill 464 | copy 2439 cy/line 34.39 Mcy/s | synth 2959 cy/pump 41.73 Mcy/s 1738 cy/sample | tri 0 px 76800 part 0 ch 5 | AHASH s=3864000 41e70dda
T t=162.6 bar=84 ph=11 the forge | render ms 6.24/6.26/6.28 | fps 59.7 | hold 1 miss 0 late 0 | gap ms 16.73 | under 0 fill 464 | copy 2439 cy/line 34.39 Mcy/s | synth 2959 cy/pump 41.73 Mcy/s 1738 cy/sample | tri 0 px 76800 part 0 ch 5 | AHASH s=3888000 31bd76a8
T t=163.6 bar=85 ph=11 the forge | render ms 6.25/6.26/6.29 | fps 59.7 | hold 1 miss 0 late 0 | gap ms 16.73 | under 0 fill 464 | copy 2439 cy/line 34.40 Mcy/s | synth 2958 cy/pump 41.71 Mcy/s 1738 cy/sample | tri 0 px 76800 part 0 ch 5 | AHASH s=3912000 0ad3b991
T t=164.6 bar=85 ph=11 the forge | render ms 6.24/6.26/6.28 | fps 59.7 | hold 1 miss 0 late 0 | gap ms 16.73 | under 0 fill 464 | copy 2439 cy/line 34.40 Mcy/s | synth 2961 cy/pump 41.75 Mcy/s 1739 cy/sample | tri 0 px 76800 part 0 ch 5 | AHASH s=3936000 b3d08b8f
T t=165.6 bar=86 ph=11 the forge | render ms 6.25/6.26/6.28 | fps 59.7 | hold 1 miss 0 late 0 | gap ms 16.73 | under 0 fill 464 | copy 2439 cy/line 34.39 Mcy/s | synth 2958 cy/pump 41.72 Mcy/s 1738 cy/sample | tri 0 px 76800 part 0 ch 5 | AHASH s=3960000 d105d087
T t=166.6 bar=86 ph=11 the forge | render ms 6.25/6.26/6.29 | fps 59.7 | hold 1 miss 0 late 0 | gap ms 16.73 | under 0 fill 464 | copy 2439 cy/line 34.39 Mcy/s | synth 2959 cy/pump 41.73 Mcy/s 1738 cy/sample | tri 0 px 76800 part 0 ch 5 | AHASH s=3984000 a355dacd
T t=167.6 bar=87 ph=11 the forge | render ms 6.25/6.26/6.28 | fps 59.7 | hold 1 miss 0 late 0 | gap ms 16.73 | under 0 fill 464 | copy 2439 cy/line 34.40 Mcy/s | synth 2958 cy/pump 41.72 Mcy/s 1738 cy/sample | tri 0 px 76800 part 0 ch 5 | AHASH s=4008000 91641358
T t=168.6 bar=87 ph=11 the forge | render ms 6.24/6.26/6.29 | fps 59.7 | hold 1 miss 0 late 0 | gap ms 16.73 | under 0 fill 464 | copy 2439 cy/line 34.39 Mcy/s | synth 2959 cy/pump 41.72 Mcy/s 1738 cy/sample | tri 0 px 76800 part 0 ch 5 | AHASH s=4032000 966fd824
PHRASE t=168.9 bar=88 ph=12 the spine | render ms 6.24/6.26/6.29 | fps 59.7 | hold 1 miss 0 late 0 | gap ms 16.73 | under 0 fill 464 | copy 2442 cy/line 34.98 Mcy/s | synth 2902 cy/pump 41.58 Mcy/s 1732 cy/sample | tri 0 px 76800 part 0 ch 6 | AHASH s=4056000 2a6e3e64
T t=169.6 bar=88 ph=12 the spine | render ms 6.25/6.26/6.29 | fps 59.7 | hold 1 miss 0 late 0 | gap ms 16.73 | under 0 fill 464 | copy 2442 cy/line 34.43 Mcy/s | synth 2919 cy/pump 41.16 Mcy/s 1715 cy/sample | tri 0 px 76800 part 0 ch 6 | AHASH s=4056000 2a6e3e64
T t=170.6 bar=88 ph=12 the spine | render ms 6.24/6.26/6.28 | fps 59.7 | hold 1 miss 0 late 0 | gap ms 16.73 | under 0 fill 464 | copy 2439 cy/line 34.39 Mcy/s | synth 2959 cy/pump 41.73 Mcy/s 1739 cy/sample | tri 0 px 76800 part 0 ch 6 | AHASH s=4080000 3b693886
T t=171.7 bar=89 ph=12 the spine | render ms 6.25/6.26/6.27 | fps 59.7 | hold 1 miss 0 late 0 | gap ms 16.73 | under 0 fill 464 | copy 2439 cy/line 34.40 Mcy/s | synth 2959 cy/pump 41.73 Mcy/s 1738 cy/sample | tri 0 px 76800 part 0 ch 6 | AHASH s=4104000 9dae99f0
T t=172.7 bar=89 ph=12 the spine | render ms 6.25/6.26/6.29 | fps 59.7 | hold 1 miss 0 late 0 | gap ms 16.73 | under 0 fill 464 | copy 2439 cy/line 34.39 Mcy/s | synth 2959 cy/pump 41.73 Mcy/s 1739 cy/sample | tri 0 px 76800 part 0 ch 6 | AHASH s=4128000 570b885b
T t=173.7 bar=90 ph=12 the spine | render ms 6.24/6.26/6.28 | fps 59.7 | hold 1 miss 0 late 0 | gap ms 16.73 | under 0 fill 464 | copy 2439 cy/line 34.39 Mcy/s | synth 2958 cy/pump 41.72 Mcy/s 1738 cy/sample | tri 0 px 76800 part 0 ch 6 | AHASH s=4152000 ca16384e
T t=174.7 bar=90 ph=12 the spine | render ms 6.25/6.26/6.28 | fps 59.7 | hold 1 miss 0 late 0 | gap ms 16.73 | under 0 fill 464 | copy 2439 cy/line 34.39 Mcy/s | synth 2959 cy/pump 41.73 Mcy/s 1739 cy/sample | tri 0 px 76800 part 0 ch 6 | AHASH s=4176000 0d111beb
T t=175.7 bar=91 ph=12 the spine | render ms 6.25/6.26/6.28 | fps 59.7 | hold 1 miss 0 late 0 | gap ms 16.73 | under 0 fill 464 | copy 2439 cy/line 34.39 Mcy/s | synth 2959 cy/pump 41.73 Mcy/s 1739 cy/sample | tri 0 px 76800 part 0 ch 6 | AHASH s=4200000 b9b23caa
T t=176.7 bar=92 ph=12 the spine | render ms 6.25/6.26/6.29 | fps 59.7 | hold 1 miss 0 late 0 | gap ms 16.73 | under 0 fill 464 | copy 2439 cy/line 34.40 Mcy/s | synth 2958 cy/pump 41.72 Mcy/s 1738 cy/sample | tri 0 px 76800 part 0 ch 6 | AHASH s=4224000 ec41826b
T t=177.7 bar=92 ph=12 the spine | render ms 6.25/6.26/6.28 | fps 59.7 | hold 1 miss 0 late 0 | gap ms 16.73 | under 0 fill 464 | copy 2439 cy/line 34.40 Mcy/s | synth 2958 cy/pump 41.72 Mcy/s 1738 cy/sample | tri 0 px 76800 part 0 ch 6 | AHASH s=4248000 a8146d58
T t=178.7 bar=93 ph=12 the spine | render ms 6.25/6.26/6.28 | fps 59.7 | hold 1 miss 0 late 0 | gap ms 16.73 | under 0 fill 464 | copy 2439 cy/line 34.39 Mcy/s | synth 2958 cy/pump 41.71 Mcy/s 1738 cy/sample | tri 0 px 76800 part 0 ch 6 | AHASH s=4272000 2c216a89
T t=179.7 bar=93 ph=12 the spine | render ms 6.25/6.26/6.28 | fps 59.7 | hold 1 miss 0 late 0 | gap ms 16.73 | under 0 fill 464 | copy 2439 cy/line 34.40 Mcy/s | synth 2959 cy/pump 41.73 Mcy/s 1738 cy/sample | tri 0 px 76800 part 0 ch 6 | AHASH s=4296000 294d03a0
T t=180.7 bar=94 ph=12 the spine | render ms 6.25/6.26/6.28 | fps 59.7 | hold 1 miss 0 late 0 | gap ms 16.73 | under 0 fill 464 | copy 2439 cy/line 34.40 Mcy/s | synth 2958 cy/pump 41.71 Mcy/s 1738 cy/sample | tri 0 px 76800 part 0 ch 6 | AHASH s=4320000 c078dc9b
T t=181.7 bar=94 ph=12 the spine | render ms 6.25/6.26/6.28 | fps 59.7 | hold 1 miss 0 late 0 | gap ms 16.73 | under 0 fill 464 | copy 2439 cy/line 34.39 Mcy/s | synth 2959 cy/pump 41.73 Mcy/s 1739 cy/sample | tri 0 px 76800 part 0 ch 6 | AHASH s=4344000 7b701b47
T t=182.7 bar=95 ph=12 the spine | render ms 6.24/6.26/6.28 | fps 59.7 | hold 1 miss 0 late 0 | gap ms 16.73 | under 0 fill 464 | copy 2439 cy/line 34.39 Mcy/s | synth 2958 cy/pump 41.71 Mcy/s 1738 cy/sample | tri 0 px 76800 part 0 ch 6 | AHASH s=4368000 db66af5d
T t=183.7 bar=95 ph=12 the spine | render ms 6.25/6.26/6.28 | fps 59.7 | hold 1 miss 0 late 0 | gap ms 16.73 | under 0 fill 464 | copy 2439 cy/line 34.40 Mcy/s | synth 2959 cy/pump 41.73 Mcy/s 1738 cy/sample | tri 0 px 76800 part 0 ch 6 | AHASH s=4392000 834ccdbe
PHRASE t=184.3 bar=96 ph=13 the spine | render ms 6.24/6.26/6.29 | fps 59.7 | hold 1 miss 0 late 0 | gap ms 16.73 | under 0 fill 464 | copy 2439 cy/line 34.94 Mcy/s | synth 2959 cy/pump 42.38 Mcy/s 1766 cy/sample | tri 0 px 76800 part 0 ch 6 | AHASH s=4416000 7f5e6d22
T t=184.7 bar=96 ph=13 the spine | render ms 6.23/6.25/6.28 | fps 59.7 | hold 1 miss 0 late 0 | gap ms 16.73 | under 0 fill 464 | copy 2439 cy/line 34.40 Mcy/s | synth 2958 cy/pump 41.72 Mcy/s 1738 cy/sample | tri 0 px 76800 part 0 ch 6 | AHASH s=4416000 7f5e6d22
T t=185.7 bar=96 ph=13 the spine | render ms 6.23/6.24/6.27 | fps 59.7 | hold 1 miss 0 late 0 | gap ms 16.73 | under 0 fill 464 | copy 2439 cy/line 34.39 Mcy/s | synth 2958 cy/pump 41.72 Mcy/s 1738 cy/sample | tri 0 px 76800 part 0 ch 6 | AHASH s=4440000 f6688f25
T t=186.7 bar=97 ph=13 the spine | render ms 6.23/6.24/6.26 | fps 59.7 | hold 1 miss 0 late 0 | gap ms 16.73 | under 0 fill 464 | copy 2439 cy/line 34.39 Mcy/s | synth 2958 cy/pump 41.72 Mcy/s 1738 cy/sample | tri 0 px 76800 part 0 ch 6 | AHASH s=4464000 08a66ad1
T t=187.7 bar=97 ph=13 the spine | render ms 6.23/6.24/6.26 | fps 59.7 | hold 1 miss 0 late 0 | gap ms 16.73 | under 0 fill 464 | copy 2439 cy/line 34.39 Mcy/s | synth 2958 cy/pump 41.72 Mcy/s 1738 cy/sample | tri 0 px 76800 part 0 ch 6 | AHASH s=4488000 d442a545
T t=188.7 bar=98 ph=13 the spine | render ms 6.23/6.25/6.27 | fps 59.7 | hold 1 miss 0 late 0 | gap ms 16.73 | under 0 fill 464 | copy 2439 cy/line 34.39 Mcy/s | synth 2958 cy/pump 41.72 Mcy/s 1738 cy/sample | tri 0 px 76800 part 0 ch 6 | AHASH s=4512000 e4258c4c
T t=189.7 bar=98 ph=13 the spine | render ms 6.24/6.25/6.28 | fps 59.7 | hold 1 miss 0 late 0 | gap ms 16.73 | under 0 fill 464 | copy 2439 cy/line 34.39 Mcy/s | synth 2959 cy/pump 41.73 Mcy/s 1738 cy/sample | tri 0 px 76800 part 0 ch 6 | AHASH s=4536000 3857df0b
T t=190.7 bar=99 ph=13 the spine | render ms 6.24/6.25/6.27 | fps 59.7 | hold 1 miss 0 late 0 | gap ms 16.73 | under 0 fill 464 | copy 2439 cy/line 34.39 Mcy/s | synth 2959 cy/pump 41.72 Mcy/s 1738 cy/sample | tri 0 px 76800 part 0 ch 6 | AHASH s=4560000 34b08260
T t=191.7 bar=99 ph=13 the spine | render ms 6.24/6.25/6.28 | fps 59.7 | hold 1 miss 0 late 0 | gap ms 16.73 | under 0 fill 464 | copy 2439 cy/line 34.39 Mcy/s | synth 2959 cy/pump 41.73 Mcy/s 1738 cy/sample | tri 0 px 76800 part 0 ch 6 | AHASH s=4584000 5c02ea2f
T t=192.7 bar=100 ph=13 the spine | render ms 6.24/6.25/6.27 | fps 59.7 | hold 1 miss 0 late 0 | gap ms 16.73 | under 0 fill 464 | copy 2439 cy/line 34.39 Mcy/s | synth 2959 cy/pump 41.73 Mcy/s 1738 cy/sample | tri 0 px 76800 part 0 ch 6 | AHASH s=4608000 9c8c2e5e
T t=193.7 bar=100 ph=13 the spine | render ms 6.24/6.25/6.27 | fps 59.7 | hold 1 miss 0 late 0 | gap ms 16.73 | under 0 fill 464 | copy 2439 cy/line 34.39 Mcy/s | synth 2959 cy/pump 41.72 Mcy/s 1738 cy/sample | tri 0 px 76800 part 0 ch 6 | AHASH s=4632000 82c359a6
T t=194.7 bar=101 ph=13 the spine | render ms 6.24/6.25/6.28 | fps 59.7 | hold 1 miss 0 late 0 | gap ms 16.73 | under 0 fill 464 | copy 2439 cy/line 34.39 Mcy/s | synth 2958 cy/pump 41.72 Mcy/s 1738 cy/sample | tri 0 px 76800 part 0 ch 6 | AHASH s=4656000 cc213693
T t=195.8 bar=101 ph=13 the spine | render ms 6.24/6.25/6.28 | fps 59.7 | hold 1 miss 0 late 0 | gap ms 16.73 | under 0 fill 464 | copy 2439 cy/line 34.39 Mcy/s | synth 2959 cy/pump 41.73 Mcy/s 1739 cy/sample | tri 0 px 76800 part 0 ch 6 | AHASH s=4680000 bc62e6e7
T t=196.8 bar=102 ph=13 the spine | render ms 6.24/6.25/6.27 | fps 59.7 | hold 1 miss 0 late 0 | gap ms 16.73 | under 0 fill 464 | copy 2439 cy/line 34.39 Mcy/s | synth 2958 cy/pump 41.71 Mcy/s 1738 cy/sample | tri 0 px 76800 part 0 ch 6 | AHASH s=4704000 f071fff0
T t=197.8 bar=103 ph=13 the spine | render ms 6.24/6.25/6.27 | fps 59.7 | hold 1 miss 0 late 0 | gap ms 16.73 | under 0 fill 464 | copy 2439 cy/line 34.39 Mcy/s | synth 2959 cy/pump 41.73 Mcy/s 1738 cy/sample | tri 0 px 76800 part 0 ch 6 | AHASH s=4728000 9599cf61
T t=198.8 bar=103 ph=13 the spine | render ms 6.24/6.25/6.28 | fps 59.7 | hold 1 miss 0 late 0 | gap ms 16.73 | under 0 fill 464 | copy 2439 cy/line 34.39 Mcy/s | synth 2959 cy/pump 41.73 Mcy/s 1738 cy/sample | tri 0 px 76800 part 0 ch 6 | AHASH s=4752000 150d43de
PHRASE t=199.6 bar=104 ph=14 the spine | render ms 6.23/6.25/6.28 | fps 59.7 | hold 1 miss 0 late 0 | gap ms 16.73 | under 0 fill 464 | copy 2439 cy/line 34.94 Mcy/s | synth 2959 cy/pump 42.38 Mcy/s 1766 cy/sample | tri 0 px 76800 part 0 ch 6 | AHASH s=4776000 625e270e
T t=199.8 bar=104 ph=14 the spine | render ms 6.24/6.25/6.28 | fps 59.7 | hold 1 miss 0 late 0 | gap ms 16.73 | under 0 fill 464 | copy 2439 cy/line 34.39 Mcy/s | synth 2958 cy/pump 41.71 Mcy/s 1738 cy/sample | tri 0 px 76800 part 0 ch 6 | AHASH s=4776000 625e270e
T t=200.8 bar=104 ph=14 the spine | render ms 6.25/6.26/6.29 | fps 59.7 | hold 1 miss 0 late 0 | gap ms 16.73 | under 0 fill 464 | copy 2439 cy/line 34.39 Mcy/s | synth 2959 cy/pump 41.73 Mcy/s 1739 cy/sample | tri 0 px 76800 part 0 ch 6 | AHASH s=4800000 a7f2d6fb
T t=201.8 bar=105 ph=14 the spine | render ms 6.25/6.26/6.28 | fps 59.7 | hold 1 miss 0 late 0 | gap ms 16.73 | under 0 fill 464 | copy 2439 cy/line 34.40 Mcy/s | synth 2958 cy/pump 41.71 Mcy/s 1738 cy/sample | tri 0 px 76800 part 0 ch 6 | AHASH s=4824000 b075041f
T t=202.8 bar=105 ph=14 the spine | render ms 6.25/6.26/6.27 | fps 59.7 | hold 1 miss 0 late 0 | gap ms 16.73 | under 0 fill 464 | copy 2439 cy/line 34.39 Mcy/s | synth 2960 cy/pump 41.74 Mcy/s 1739 cy/sample | tri 0 px 76800 part 0 ch 6 | AHASH s=4848000 f021a5d9
T t=203.8 bar=106 ph=14 the spine | render ms 6.24/6.26/6.28 | fps 59.7 | hold 1 miss 0 late 0 | gap ms 16.73 | under 0 fill 464 | copy 2439 cy/line 34.40 Mcy/s | synth 2958 cy/pump 41.72 Mcy/s 1738 cy/sample | tri 0 px 76800 part 0 ch 6 | AHASH s=4872000 a990b9de
T t=204.8 bar=106 ph=14 the spine | render ms 6.25/6.26/6.28 | fps 59.7 | hold 1 miss 0 late 0 | gap ms 16.73 | under 0 fill 464 | copy 2439 cy/line 34.40 Mcy/s | synth 2958 cy/pump 41.72 Mcy/s 1738 cy/sample | tri 0 px 76800 part 0 ch 6 | AHASH s=4896000 d9ad139a
T t=205.8 bar=107 ph=14 the spine | render ms 6.24/6.26/6.28 | fps 59.7 | hold 1 miss 0 late 0 | gap ms 16.73 | under 0 fill 464 | copy 2439 cy/line 34.39 Mcy/s | synth 2959 cy/pump 41.72 Mcy/s 1738 cy/sample | tri 0 px 76800 part 0 ch 6 | AHASH s=4920000 bca9eaa2
T t=206.8 bar=107 ph=14 the spine | render ms 6.25/6.26/6.29 | fps 59.7 | hold 1 miss 0 late 0 | gap ms 16.73 | under 0 fill 464 | copy 2439 cy/line 34.39 Mcy/s | synth 2959 cy/pump 41.73 Mcy/s 1738 cy/sample | tri 0 px 76800 part 0 ch 6 | AHASH s=4944000 4e29cf8b
T t=207.8 bar=108 ph=14 the spine | render ms 6.25/6.26/6.28 | fps 59.7 | hold 1 miss 0 late 0 | gap ms 16.73 | under 0 fill 464 | copy 2439 cy/line 34.40 Mcy/s | synth 2958 cy/pump 41.71 Mcy/s 1738 cy/sample | tri 0 px 76800 part 0 ch 6 | AHASH s=4968000 e967a20a
T t=208.8 bar=108 ph=14 the spine | render ms 6.25/6.26/6.28 | fps 59.7 | hold 1 miss 0 late 0 | gap ms 16.73 | under 0 fill 464 | copy 2439 cy/line 34.40 Mcy/s | synth 2960 cy/pump 41.74 Mcy/s 1739 cy/sample | tri 0 px 76800 part 0 ch 6 | AHASH s=4992000 2c73c629
T t=209.8 bar=109 ph=14 the spine | render ms 6.25/6.26/6.29 | fps 59.7 | hold 1 miss 0 late 0 | gap ms 16.73 | under 0 fill 464 | copy 2439 cy/line 34.40 Mcy/s | synth 2959 cy/pump 41.72 Mcy/s 1738 cy/sample | tri 0 px 76800 part 0 ch 6 | AHASH s=5016000 da8972a4
T t=210.8 bar=109 ph=14 the spine | render ms 6.25/6.26/6.29 | fps 59.7 | hold 1 miss 0 late 0 | gap ms 16.73 | under 0 fill 464 | copy 2439 cy/line 34.39 Mcy/s | synth 2959 cy/pump 41.73 Mcy/s 1738 cy/sample | tri 0 px 76800 part 0 ch 6 | AHASH s=5040000 fb19c748
T t=211.8 bar=110 ph=14 the spine | render ms 6.25/6.26/6.28 | fps 59.7 | hold 1 miss 0 late 0 | gap ms 16.73 | under 0 fill 464 | copy 2439 cy/line 34.40 Mcy/s | synth 2957 cy/pump 41.71 Mcy/s 1737 cy/sample | tri 0 px 76800 part 0 ch 6 | AHASH s=5064000 87a5ee77
T t=212.8 bar=110 ph=14 the spine | render ms 6.24/6.26/6.28 | fps 59.7 | hold 1 miss 0 late 0 | gap ms 16.73 | under 0 fill 464 | copy 2439 cy/line 34.40 Mcy/s | synth 2960 cy/pump 41.74 Mcy/s 1739 cy/sample | tri 0 px 76800 part 0 ch 6 | AHASH s=5088000 949206dd
T t=213.8 bar=111 ph=14 the spine | render ms 6.24/6.26/6.28 | fps 59.7 | hold 1 miss 0 late 0 | gap ms 16.73 | under 0 fill 464 | copy 2439 cy/line 34.40 Mcy/s | synth 2958 cy/pump 41.72 Mcy/s 1738 cy/sample | tri 0 px 76800 part 0 ch 6 | AHASH s=5112000 c792daea
T t=214.8 bar=111 ph=14 the spine | render ms 6.25/6.26/6.28 | fps 59.7 | hold 1 miss 0 late 0 | gap ms 16.73 | under 0 fill 464 | copy 2439 cy/line 34.40 Mcy/s | synth 2959 cy/pump 41.73 Mcy/s 1738 cy/sample | tri 0 px 76800 part 0 ch 6 | AHASH s=5136000 82409aa2
PHRASE t=215.0 bar=112 ph=15 the crown | render ms 6.24/6.26/6.29 | fps 59.7 | hold 1 miss 0 late 0 | gap ms 16.73 | under 0 fill 464 | copy 2439 cy/line 34.94 Mcy/s | synth 2959 cy/pump 42.39 Mcy/s 1766 cy/sample | tri 0 px 76800 part 0 ch 7 | AHASH s=5160000 708f258d
T t=215.8 bar=112 ph=15 the crown | render ms 6.25/6.26/6.29 | fps 59.7 | hold 1 miss 0 late 0 | gap ms 16.73 | under 0 fill 464 | copy 2439 cy/line 34.40 Mcy/s | synth 2958 cy/pump 41.71 Mcy/s 1738 cy/sample | tri 0 px 76800 part 0 ch 7 | AHASH s=5160000 708f258d
T t=216.8 bar=112 ph=15 the crown | render ms 6.25/6.26/6.28 | fps 59.7 | hold 1 miss 0 late 0 | gap ms 16.73 | under 0 fill 464 | copy 2439 cy/line 34.40 Mcy/s | synth 2959 cy/pump 41.73 Mcy/s 1739 cy/sample | tri 0 px 76800 part 0 ch 7 | AHASH s=5184000 7cd93894
T t=217.8 bar=113 ph=15 the crown | render ms 6.24/6.26/6.29 | fps 59.7 | hold 1 miss 0 late 0 | gap ms 16.73 | under 0 fill 464 | copy 2439 cy/line 34.40 Mcy/s | synth 2958 cy/pump 41.71 Mcy/s 1738 cy/sample | tri 0 px 76800 part 0 ch 7 | AHASH s=5208000 9aba97dc
T t=218.9 bar=114 ph=15 the crown | render ms 6.25/6.26/6.29 | fps 59.7 | hold 1 miss 0 late 0 | gap ms 16.73 | under 0 fill 464 | copy 2439 cy/line 34.39 Mcy/s | synth 2959 cy/pump 41.73 Mcy/s 1738 cy/sample | tri 0 px 76800 part 0 ch 7 | AHASH s=5232000 a7d6fe01
T t=219.9 bar=114 ph=15 the crown | render ms 6.25/6.26/6.27 | fps 59.7 | hold 1 miss 0 late 0 | gap ms 16.73 | under 0 fill 464 | copy 2439 cy/line 34.39 Mcy/s | synth 2958 cy/pump 41.71 Mcy/s 1738 cy/sample | tri 0 px 76800 part 0 ch 7 | AHASH s=5256000 8deb41c9
T t=220.9 bar=115 ph=15 the crown | render ms 6.25/6.26/6.29 | fps 59.7 | hold 1 miss 0 late 0 | gap ms 16.73 | under 0 fill 464 | copy 2439 cy/line 34.39 Mcy/s | synth 2959 cy/pump 41.72 Mcy/s 1738 cy/sample | tri 0 px 76800 part 0 ch 7 | AHASH s=5280000 cbd7f221
T t=221.9 bar=115 ph=15 the crown | render ms 6.25/6.26/6.28 | fps 59.7 | hold 1 miss 0 late 0 | gap ms 16.73 | under 0 fill 464 | copy 2439 cy/line 34.40 Mcy/s | synth 2960 cy/pump 41.74 Mcy/s 1739 cy/sample | tri 0 px 76800 part 0 ch 7 | AHASH s=5304000 dc9eb509
T t=222.9 bar=116 ph=15 the crown | render ms 6.25/6.26/6.29 | fps 59.7 | hold 1 miss 0 late 0 | gap ms 16.73 | under 0 fill 464 | copy 2439 cy/line 34.40 Mcy/s | synth 2958 cy/pump 41.72 Mcy/s 1738 cy/sample | tri 0 px 76800 part 0 ch 7 | AHASH s=5328000 f353331d
T t=223.9 bar=116 ph=15 the crown | render ms 6.25/6.26/6.29 | fps 59.7 | hold 1 miss 0 late 0 | gap ms 16.73 | under 0 fill 464 | copy 2439 cy/line 34.39 Mcy/s | synth 2960 cy/pump 41.74 Mcy/s 1739 cy/sample | tri 0 px 76800 part 0 ch 7 | AHASH s=5352000 2435ec76
T t=224.9 bar=117 ph=15 the crown | render ms 6.25/6.26/6.29 | fps 59.7 | hold 1 miss 0 late 0 | gap ms 16.73 | under 0 fill 464 | copy 2439 cy/line 34.39 Mcy/s | synth 2959 cy/pump 41.73 Mcy/s 1738 cy/sample | tri 0 px 76800 part 0 ch 7 | AHASH s=5376000 3cd040bd
T t=225.9 bar=117 ph=15 the crown | render ms 6.25/6.26/6.28 | fps 59.7 | hold 1 miss 0 late 0 | gap ms 16.73 | under 0 fill 464 | copy 2439 cy/line 34.39 Mcy/s | synth 2960 cy/pump 41.74 Mcy/s 1739 cy/sample | tri 0 px 76800 part 0 ch 7 | AHASH s=5400000 290ccdfd
T t=226.9 bar=118 ph=15 the crown | render ms 6.25/6.26/6.29 | fps 59.7 | hold 1 miss 0 late 0 | gap ms 16.73 | under 0 fill 464 | copy 2439 cy/line 34.39 Mcy/s | synth 2958 cy/pump 41.72 Mcy/s 1738 cy/sample | tri 0 px 76800 part 0 ch 7 | AHASH s=5424000 d6d55e3e
T t=227.9 bar=118 ph=15 the crown | render ms 6.25/6.26/6.28 | fps 59.7 | hold 1 miss 0 late 0 | gap ms 16.73 | under 0 fill 464 | copy 2439 cy/line 34.39 Mcy/s | synth 2959 cy/pump 41.73 Mcy/s 1738 cy/sample | tri 0 px 76800 part 0 ch 7 | AHASH s=5448000 752152cf
T t=228.9 bar=119 ph=15 the crown | render ms 6.25/6.26/6.28 | fps 59.7 | hold 1 miss 0 late 0 | gap ms 16.73 | under 0 fill 464 | copy 2439 cy/line 34.40 Mcy/s | synth 2959 cy/pump 41.72 Mcy/s 1738 cy/sample | tri 0 px 76800 part 0 ch 7 | AHASH s=5472000 141e2680
T t=229.9 bar=119 ph=15 the crown | render ms 6.24/6.26/6.28 | fps 59.7 | hold 1 miss 0 late 0 | gap ms 16.73 | under 0 fill 464 | copy 2439 cy/line 34.40 Mcy/s | synth 2960 cy/pump 41.74 Mcy/s 1739 cy/sample | tri 0 px 76800 part 0 ch 7 | AHASH s=5496000 4c6b10cb
PHRASE t=230.4 bar=120 ph=16 the crown | render ms 6.24/6.26/6.29 | fps 59.7 | hold 1 miss 0 late 0 | gap ms 16.73 | under 0 fill 464 | copy 2439 cy/line 34.94 Mcy/s | synth 2959 cy/pump 42.39 Mcy/s 1766 cy/sample | tri 0 px 76800 part 0 ch 7 | AHASH s=5520000 b862e7f1
T t=230.9 bar=120 ph=16 the crown | render ms 6.25/6.26/6.28 | fps 59.7 | hold 1 miss 0 late 0 | gap ms 16.73 | under 0 fill 464 | copy 2439 cy/line 34.39 Mcy/s | synth 2958 cy/pump 41.72 Mcy/s 1738 cy/sample | tri 0 px 76800 part 0 ch 7 | AHASH s=5520000 b862e7f1
T t=231.9 bar=120 ph=16 the crown | render ms 6.25/6.26/6.28 | fps 59.7 | hold 1 miss 0 late 0 | gap ms 16.73 | under 0 fill 464 | copy 2439 cy/line 34.39 Mcy/s | synth 2960 cy/pump 41.74 Mcy/s 1739 cy/sample | tri 0 px 76800 part 0 ch 7 | AHASH s=5544000 84661a73
T t=232.9 bar=121 ph=16 the crown | render ms 6.25/6.26/6.27 | fps 59.7 | hold 1 miss 0 late 0 | gap ms 16.73 | under 0 fill 464 | copy 2439 cy/line 34.39 Mcy/s | synth 2959 cy/pump 41.73 Mcy/s 1738 cy/sample | tri 0 px 76800 part 0 ch 7 | AHASH s=5568000 681533e2
T t=233.9 bar=121 ph=16 the crown | render ms 6.25/6.26/6.28 | fps 59.7 | hold 1 miss 0 late 0 | gap ms 16.73 | under 0 fill 464 | copy 2439 cy/line 34.40 Mcy/s | synth 2960 cy/pump 41.74 Mcy/s 1739 cy/sample | tri 0 px 76800 part 0 ch 7 | AHASH s=5616000 7c38cb85
T t=234.9 bar=122 ph=16 the crown | render ms 6.25/6.26/6.29 | fps 59.7 | hold 1 miss 0 late 0 | gap ms 16.73 | under 0 fill 464 | copy 2439 cy/line 34.39 Mcy/s | synth 2958 cy/pump 41.72 Mcy/s 1738 cy/sample | tri 0 px 76800 part 0 ch 7 | AHASH s=5640000 9db84134
T t=235.9 bar=122 ph=16 the crown | render ms 6.25/6.26/6.28 | fps 59.7 | hold 1 miss 0 late 0 | gap ms 16.73 | under 0 fill 464 | copy 2439 cy/line 34.39 Mcy/s | synth 2959 cy/pump 41.73 Mcy/s 1738 cy/sample | tri 0 px 76800 part 0 ch 7 | AHASH s=5664000 6c183dfc
T t=236.9 bar=123 ph=16 the crown | render ms 6.25/6.26/6.27 | fps 59.7 | hold 1 miss 0 late 0 | gap ms 16.73 | under 0 fill 464 | copy 2439 cy/line 34.40 Mcy/s | synth 2958 cy/pump 41.71 Mcy/s 1738 cy/sample | tri 0 px 76800 part 0 ch 7 | AHASH s=5688000 05d539ef
T t=237.9 bar=123 ph=16 the crown | render ms 6.25/6.26/6.28 | fps 59.7 | hold 1 miss 0 late 0 | gap ms 16.73 | under 0 fill 464 | copy 2439 cy/line 34.40 Mcy/s | synth 2960 cy/pump 41.74 Mcy/s 1739 cy/sample | tri 0 px 76800 part 0 ch 7 | AHASH s=5712000 31cbeeea
T t=238.9 bar=124 ph=16 the crown | render ms 6.25/6.26/6.28 | fps 59.7 | hold 1 miss 0 late 0 | gap ms 16.73 | under 0 fill 464 | copy 2439 cy/line 34.39 Mcy/s | synth 2958 cy/pump 41.72 Mcy/s 1738 cy/sample | tri 0 px 76800 part 0 ch 7 | AHASH s=5736000 c81eba09
T t=239.9 bar=124 ph=16 the crown | render ms 6.25/6.26/6.28 | fps 59.7 | hold 1 miss 0 late 0 | gap ms 16.73 | under 0 fill 464 | copy 2439 cy/line 34.39 Mcy/s | synth 2958 cy/pump 41.71 Mcy/s 1738 cy/sample | tri 0 px 76800 part 0 ch 7 | AHASH s=5760000 2c68c39b
T t=240.9 bar=125 ph=16 the crown | render ms 6.25/6.26/6.28 | fps 59.7 | hold 1 miss 0 late 0 | gap ms 16.73 | under 0 fill 464 | copy 2439 cy/line 34.40 Mcy/s | synth 2959 cy/pump 41.72 Mcy/s 1738 cy/sample | tri 0 px 76800 part 0 ch 7 | AHASH s=5784000 41cf35c7
T t=241.9 bar=126 ph=16 the crown | render ms 6.25/6.26/6.28 | fps 59.7 | hold 1 miss 0 late 0 | gap ms 16.73 | under 0 fill 464 | copy 2439 cy/line 34.39 Mcy/s | synth 2958 cy/pump 41.72 Mcy/s 1738 cy/sample | tri 0 px 76800 part 0 ch 7 | AHASH s=5808000 32b03b3d
T t=243.0 bar=126 ph=16 the crown | render ms 6.25/6.26/6.28 | fps 59.7 | hold 1 miss 0 late 0 | gap ms 16.73 | under 0 fill 464 | copy 2439 cy/line 34.39 Mcy/s | synth 2959 cy/pump 41.73 Mcy/s 1739 cy/sample | tri 0 px 76800 part 0 ch 7 | AHASH s=5832000 f1d57bbc
T t=244.0 bar=127 ph=16 the crown | render ms 6.24/6.26/6.29 | fps 59.7 | hold 1 miss 0 late 0 | gap ms 16.73 | under 0 fill 464 | copy 2439 cy/line 34.39 Mcy/s | synth 2958 cy/pump 41.72 Mcy/s 1738 cy/sample | tri 0 px 76800 part 0 ch 7 | AHASH s=5856000 1e801b8d
T t=245.0 bar=127 ph=16 the crown | render ms 6.25/6.26/6.28 | fps 59.7 | hold 1 miss 0 late 0 | gap ms 16.73 | under 0 fill 464 | copy 2439 cy/line 34.40 Mcy/s | synth 2959 cy/pump 41.73 Mcy/s 1738 cy/sample | tri 0 px 76800 part 0 ch 7 | AHASH s=5880000 a4ba12db
PHRASE t=245.7 bar=128 ph=17 the colossus | render ms 6.24/6.26/6.29 | fps 59.7 | hold 1 miss 0 late 0 | gap ms 16.73 | under 0 fill 464 | copy 2439 cy/line 34.94 Mcy/s | synth 2959 cy/pump 42.39 Mcy/s 1766 cy/sample | tri 0 px 76800 part 0 ch 8 | AHASH s=5880000 a4ba12db
T t=246.0 bar=128 ph=17 the colossus | render ms 6.25/6.26/6.28 | fps 59.7 | hold 1 miss 0 late 0 | gap ms 16.73 | under 0 fill 464 | copy 2439 cy/line 34.40 Mcy/s | synth 2959 cy/pump 41.73 Mcy/s 1738 cy/sample | tri 0 px 76800 part 0 ch 8 | AHASH s=5904000 c4f406e2
T t=247.0 bar=128 ph=17 the colossus | render ms 6.25/6.27/6.29 | fps 59.7 | hold 1 miss 0 late 0 | gap ms 16.73 | under 0 fill 464 | copy 2439 cy/line 34.39 Mcy/s | synth 2959 cy/pump 41.72 Mcy/s 1738 cy/sample | tri 0 px 76800 part 0 ch 8 | AHASH s=5928000 383eb593
T t=248.0 bar=129 ph=17 the colossus | render ms 6.25/6.27/6.29 | fps 59.7 | hold 1 miss 0 late 0 | gap ms 16.73 | under 0 fill 464 | copy 2439 cy/line 34.40 Mcy/s | synth 2958 cy/pump 41.72 Mcy/s 1738 cy/sample | tri 0 px 76800 part 0 ch 8 | AHASH s=5952000 baab71cd
T t=249.0 bar=129 ph=17 the colossus | render ms 6.25/6.27/6.29 | fps 59.7 | hold 1 miss 0 late 0 | gap ms 16.73 | under 0 fill 464 | copy 2439 cy/line 34.40 Mcy/s | synth 2959 cy/pump 41.73 Mcy/s 1738 cy/sample | tri 0 px 76800 part 0 ch 8 | AHASH s=5976000 8380b23d
T t=250.0 bar=130 ph=17 the colossus | render ms 6.25/6.27/6.29 | fps 59.7 | hold 1 miss 0 late 0 | gap ms 16.73 | under 0 fill 464 | copy 2439 cy/line 34.40 Mcy/s | synth 2958 cy/pump 41.71 Mcy/s 1738 cy/sample | tri 0 px 76800 part 0 ch 8 | AHASH s=6000000 138c9b24
T t=251.0 bar=130 ph=17 the colossus | render ms 6.25/6.27/6.29 | fps 59.7 | hold 1 miss 0 late 0 | gap ms 16.73 | under 0 fill 464 | copy 2439 cy/line 34.39 Mcy/s | synth 2960 cy/pump 41.74 Mcy/s 1739 cy/sample | tri 0 px 76800 part 0 ch 8 | AHASH s=6024000 47ca3d94
T t=252.0 bar=131 ph=17 the colossus | render ms 6.25/6.27/6.29 | fps 59.7 | hold 1 miss 0 late 0 | gap ms 16.73 | under 0 fill 464 | copy 2439 cy/line 34.39 Mcy/s | synth 2957 cy/pump 41.71 Mcy/s 1737 cy/sample | tri 0 px 76800 part 0 ch 8 | AHASH s=6048000 8b47c525
T t=253.0 bar=131 ph=17 the colossus | render ms 6.25/6.27/6.29 | fps 59.7 | hold 1 miss 0 late 0 | gap ms 16.73 | under 0 fill 464 | copy 2439 cy/line 34.39 Mcy/s | synth 2960 cy/pump 41.75 Mcy/s 1739 cy/sample | tri 0 px 76800 part 0 ch 8 | AHASH s=6072000 f3391ce0
T t=254.0 bar=132 ph=17 the colossus | render ms 6.25/6.27/6.28 | fps 59.7 | hold 1 miss 0 late 0 | gap ms 16.73 | under 0 fill 464 | copy 2439 cy/line 34.39 Mcy/s | synth 2958 cy/pump 41.71 Mcy/s 1738 cy/sample | tri 0 px 76800 part 0 ch 8 | AHASH s=6096000 de4ce337
T t=255.0 bar=132 ph=17 the colossus | render ms 6.25/6.27/6.30 | fps 59.7 | hold 1 miss 0 late 0 | gap ms 16.73 | under 0 fill 464 | copy 2439 cy/line 34.40 Mcy/s | synth 2960 cy/pump 41.74 Mcy/s 1739 cy/sample | tri 0 px 76800 part 0 ch 8 | AHASH s=6120000 a8a5e1d0
T t=256.0 bar=133 ph=17 the colossus | render ms 6.25/6.27/6.28 | fps 59.7 | hold 1 miss 0 late 0 | gap ms 16.73 | under 0 fill 464 | copy 2439 cy/line 34.39 Mcy/s | synth 2959 cy/pump 41.73 Mcy/s 1738 cy/sample | tri 0 px 76800 part 0 ch 8 | AHASH s=6144000 59f4b5c6
T t=257.0 bar=133 ph=17 the colossus | render ms 6.25/6.27/6.28 | fps 59.7 | hold 1 miss 0 late 0 | gap ms 16.73 | under 0 fill 464 | copy 2439 cy/line 34.39 Mcy/s | synth 2958 cy/pump 41.72 Mcy/s 1738 cy/sample | tri 0 px 76800 part 0 ch 8 | AHASH s=6168000 2863794b
T t=258.0 bar=134 ph=17 the colossus | render ms 6.25/6.27/6.29 | fps 59.7 | hold 1 miss 0 late 0 | gap ms 16.73 | under 0 fill 464 | copy 2439 cy/line 34.40 Mcy/s | synth 2959 cy/pump 41.73 Mcy/s 1738 cy/sample | tri 0 px 76800 part 0 ch 8 | AHASH s=6192000 79d74958
T t=259.0 bar=134 ph=17 the colossus | render ms 6.25/6.26/6.28 | fps 59.7 | hold 1 miss 0 late 0 | gap ms 16.73 | under 0 fill 464 | copy 2439 cy/line 34.39 Mcy/s | synth 2959 cy/pump 41.73 Mcy/s 1738 cy/sample | tri 0 px 76800 part 0 ch 8 | AHASH s=6216000 48d65178
T t=260.0 bar=135 ph=17 the colossus | render ms 6.26/6.27/6.28 | fps 59.7 | hold 1 miss 0 late 0 | gap ms 16.73 | under 0 fill 464 | copy 2439 cy/line 34.39 Mcy/s | synth 2957 cy/pump 41.70 Mcy/s 1737 cy/sample | tri 0 px 76800 part 0 ch 8 | AHASH s=6240000 a573fad9
T t=261.0 bar=135 ph=17 the colossus | render ms 6.25/6.27/6.29 | fps 59.7 | hold 1 miss 0 late 0 | gap ms 16.73 | under 0 fill 464 | copy 2439 cy/line 34.40 Mcy/s | synth 2959 cy/pump 41.73 Mcy/s 1738 cy/sample | tri 0 px 76800 part 0 ch 8 | AHASH s=6264000 695c5400
PHRASE t=261.1 bar=136 ph=18 the colossus | render ms 6.25/6.27/6.30 | fps 59.7 | hold 1 miss 0 late 0 | gap ms 16.73 | under 0 fill 464 | copy 2439 cy/line 34.94 Mcy/s | synth 2959 cy/pump 42.39 Mcy/s 1766 cy/sample | tri 0 px 76800 part 0 ch 8 | AHASH s=6264000 695c5400
T t=262.0 bar=136 ph=18 the colossus | render ms 6.25/6.27/6.29 | fps 59.7 | hold 1 miss 0 late 0 | gap ms 16.73 | under 0 fill 464 | copy 2439 cy/line 34.40 Mcy/s | synth 2959 cy/pump 41.73 Mcy/s 1738 cy/sample | tri 0 px 76800 part 0 ch 8 | AHASH s=6288000 305069cf
T t=263.0 bar=137 ph=18 the colossus | render ms 6.25/6.27/6.29 | fps 59.7 | hold 1 miss 0 late 0 | gap ms 16.73 | under 0 fill 464 | copy 2439 cy/line 34.40 Mcy/s | synth 2960 cy/pump 41.74 Mcy/s 1739 cy/sample | tri 0 px 76800 part 0 ch 8 | AHASH s=6312000 828dd9c1
T t=264.0 bar=137 ph=18 the colossus | render ms 6.25/6.27/6.28 | fps 59.7 | hold 1 miss 0 late 0 | gap ms 16.73 | under 0 fill 464 | copy 2439 cy/line 34.39 Mcy/s | synth 2959 cy/pump 41.73 Mcy/s 1738 cy/sample | tri 0 px 76800 part 0 ch 8 | AHASH s=6336000 7059147f
T t=265.0 bar=138 ph=18 the colossus | render ms 6.25/6.27/6.29 | fps 59.7 | hold 1 miss 0 late 0 | gap ms 16.73 | under 0 fill 464 | copy 2439 cy/line 34.39 Mcy/s | synth 2959 cy/pump 41.73 Mcy/s 1739 cy/sample | tri 0 px 76800 part 0 ch 8 | AHASH s=6360000 7aa6dded
T t=266.0 bar=138 ph=18 the colossus | render ms 6.25/6.27/6.29 | fps 59.7 | hold 1 miss 0 late 0 | gap ms 16.73 | under 0 fill 464 | copy 2439 cy/line 34.39 Mcy/s | synth 2959 cy/pump 41.73 Mcy/s 1739 cy/sample | tri 0 px 76800 part 0 ch 8 | AHASH s=6384000 81e2d431
T t=267.1 bar=139 ph=18 the colossus | render ms 6.25/6.26/6.28 | fps 59.7 | hold 1 miss 0 late 0 | gap ms 16.73 | under 0 fill 464 | copy 2439 cy/line 34.39 Mcy/s | synth 2959 cy/pump 41.73 Mcy/s 1738 cy/sample | tri 0 px 76800 part 0 ch 8 | AHASH s=6408000 ef30adf0
T t=268.1 bar=139 ph=18 the colossus | render ms 6.25/6.27/6.29 | fps 59.7 | hold 1 miss 0 late 0 | gap ms 16.73 | under 0 fill 464 | copy 2439 cy/line 34.39 Mcy/s | synth 2958 cy/pump 41.72 Mcy/s 1738 cy/sample | tri 0 px 76800 part 0 ch 8 | AHASH s=6432000 60062f57
T t=269.1 bar=140 ph=18 the colossus | render ms 6.25/6.27/6.29 | fps 59.7 | hold 1 miss 0 late 0 | gap ms 16.73 | under 0 fill 464 | copy 2439 cy/line 34.40 Mcy/s | synth 2958 cy/pump 41.71 Mcy/s 1738 cy/sample | tri 0 px 76800 part 0 ch 8 | AHASH s=6456000 7b930143
T t=270.1 bar=140 ph=18 the colossus | render ms 6.25/6.27/6.29 | fps 59.7 | hold 1 miss 0 late 0 | gap ms 16.73 | under 0 fill 464 | copy 2439 cy/line 34.40 Mcy/s | synth 2960 cy/pump 41.74 Mcy/s 1739 cy/sample | tri 0 px 76800 part 0 ch 8 | AHASH s=6480000 2adcb194
T t=271.1 bar=141 ph=18 the colossus | render ms 6.25/6.27/6.28 | fps 59.7 | hold 1 miss 0 late 0 | gap ms 16.73 | under 0 fill 464 | copy 2439 cy/line 34.40 Mcy/s | synth 2959 cy/pump 41.73 Mcy/s 1738 cy/sample | tri 0 px 76800 part 0 ch 8 | AHASH s=6504000 17007f35
T t=272.1 bar=141 ph=18 the colossus | render ms 6.25/6.27/6.28 | fps 59.7 | hold 1 miss 0 late 0 | gap ms 16.73 | under 0 fill 464 | copy 2439 cy/line 34.39 Mcy/s | synth 2960 cy/pump 41.74 Mcy/s 1739 cy/sample | tri 0 px 76800 part 0 ch 8 | AHASH s=6528000 b433fa00
T t=273.1 bar=142 ph=18 the colossus | render ms 6.25/6.27/6.28 | fps 59.7 | hold 1 miss 0 late 0 | gap ms 16.73 | under 0 fill 464 | copy 2439 cy/line 34.40 Mcy/s | synth 2959 cy/pump 41.72 Mcy/s 1738 cy/sample | tri 0 px 76800 part 0 ch 8 | AHASH s=6552000 4fefd826
T t=274.1 bar=142 ph=18 the colossus | render ms 6.25/6.27/6.28 | fps 59.7 | hold 1 miss 0 late 0 | gap ms 16.73 | under 0 fill 464 | copy 2439 cy/line 34.39 Mcy/s | synth 2960 cy/pump 41.74 Mcy/s 1739 cy/sample | tri 0 px 76800 part 0 ch 8 | AHASH s=6576000 cef0dd1d
T t=275.1 bar=143 ph=18 the colossus | render ms 6.25/6.27/6.29 | fps 59.7 | hold 1 miss 0 late 0 | gap ms 16.73 | under 0 fill 464 | copy 2439 cy/line 34.40 Mcy/s | synth 2959 cy/pump 41.73 Mcy/s 1738 cy/sample | tri 0 px 76800 part 0 ch 8 | AHASH s=6600000 9e70d01d
T t=276.1 bar=143 ph=18 the colossus | render ms 6.25/6.27/6.29 | fps 59.7 | hold 1 miss 0 late 0 | gap ms 16.73 | under 0 fill 464 | copy 2439 cy/line 34.39 Mcy/s | synth 2959 cy/pump 41.73 Mcy/s 1739 cy/sample | tri 0 px 76800 part 0 ch 8 | AHASH s=6624000 c64f2443
PHRASE t=276.4 bar=144 ph=19 coda | render ms 6.23/6.27/6.29 | fps 59.7 | hold 1 miss 0 late 0 | gap ms 16.73 | under 0 fill 464 | copy 2439 cy/line 34.95 Mcy/s | synth 2959 cy/pump 42.39 Mcy/s 1766 cy/sample | tri 0 px 76800 part 0 ch 9 | AHASH s=6624000 c64f2443
T t=277.1 bar=144 ph=19 coda | render ms 6.21/6.24/6.29 | fps 59.7 | hold 1 miss 0 late 0 | gap ms 16.73 | under 0 fill 464 | copy 2439 cy/line 34.39 Mcy/s | synth 2957 cy/pump 41.71 Mcy/s 1737 cy/sample | tri 0 px 76800 part 0 ch 9 | AHASH s=6648000 cb7a3c0a
T t=278.1 bar=144 ph=19 coda | render ms 6.21/6.23/6.25 | fps 59.7 | hold 1 miss 0 late 0 | gap ms 16.73 | under 0 fill 464 | copy 2439 cy/line 34.39 Mcy/s | synth 2959 cy/pump 41.73 Mcy/s 1739 cy/sample | tri 0 px 76800 part 0 ch 9 | AHASH s=6672000 1b3cb947
T t=279.1 bar=145 ph=19 coda | render ms 6.21/6.23/6.25 | fps 59.7 | hold 1 miss 0 late 0 | gap ms 16.73 | under 0 fill 464 | copy 2439 cy/line 34.40 Mcy/s | synth 2959 cy/pump 41.73 Mcy/s 1738 cy/sample | tri 0 px 76800 part 0 ch 9 | AHASH s=6696000 c33b0199
T t=280.1 bar=145 ph=19 coda | render ms 6.21/6.23/6.25 | fps 59.7 | hold 1 miss 0 late 0 | gap ms 16.73 | under 0 fill 464 | copy 2439 cy/line 34.39 Mcy/s | synth 2959 cy/pump 41.72 Mcy/s 1738 cy/sample | tri 0 px 76800 part 0 ch 9 | AHASH s=6720000 24c69270
T t=281.1 bar=146 ph=19 coda | render ms 6.21/6.23/6.25 | fps 59.7 | hold 1 miss 0 late 0 | gap ms 16.73 | under 0 fill 464 | copy 2439 cy/line 34.39 Mcy/s | synth 2958 cy/pump 41.71 Mcy/s 1738 cy/sample | tri 0 px 76800 part 0 ch 9 | AHASH s=6744000 a7bea33b
T t=282.1 bar=146 ph=19 coda | render ms 6.21/6.23/6.26 | fps 59.7 | hold 1 miss 0 late 0 | gap ms 16.73 | under 0 fill 464 | copy 2439 cy/line 34.39 Mcy/s | synth 2960 cy/pump 41.74 Mcy/s 1739 cy/sample | tri 0 px 76800 part 0 ch 9 | AHASH s=6768000 5f3af91b
T t=283.1 bar=147 ph=19 coda | render ms 6.21/6.22/6.24 | fps 59.7 | hold 1 miss 0 late 0 | gap ms 16.73 | under 0 fill 464 | copy 2439 cy/line 34.39 Mcy/s | synth 2959 cy/pump 41.72 Mcy/s 1738 cy/sample | tri 0 px 76800 part 0 ch 9 | AHASH s=6792000 950631a6
T t=284.1 bar=148 ph=19 coda | render ms 6.21/6.22/6.25 | fps 59.7 | hold 1 miss 0 late 0 | gap ms 16.73 | under 0 fill 464 | copy 2439 cy/line 34.39 Mcy/s | synth 2959 cy/pump 41.72 Mcy/s 1738 cy/sample | tri 0 px 76800 part 0 ch 9 | AHASH s=6816000 147dbfff
T t=285.1 bar=148 ph=19 coda | render ms 6.20/6.22/6.25 | fps 59.7 | hold 1 miss 0 late 0 | gap ms 16.73 | under 0 fill 464 | copy 2439 cy/line 34.39 Mcy/s | synth 2959 cy/pump 41.73 Mcy/s 1738 cy/sample | tri 0 px 76800 part 0 ch 9 | AHASH s=6840000 00406ffd
T t=286.1 bar=149 ph=19 coda | render ms 6.20/6.22/6.24 | fps 59.7 | hold 1 miss 0 late 0 | gap ms 16.73 | under 0 fill 464 | copy 2439 cy/line 34.39 Mcy/s | synth 2960 cy/pump 41.74 Mcy/s 1739 cy/sample | tri 0 px 76800 part 0 ch 9 | AHASH s=6864000 6a0d4962
T t=287.1 bar=149 ph=19 coda | render ms 6.20/6.22/6.24 | fps 59.7 | hold 1 miss 0 late 0 | gap ms 16.73 | under 0 fill 464 | copy 2439 cy/line 34.39 Mcy/s | synth 2959 cy/pump 41.73 Mcy/s 1738 cy/sample | tri 0 px 76800 part 0 ch 9 | AHASH s=6888000 9b63138c
T t=288.1 bar=150 ph=19 coda | render ms 6.20/6.22/6.24 | fps 59.7 | hold 1 miss 0 late 0 | gap ms 16.73 | under 0 fill 464 | copy 2438 cy/line 34.39 Mcy/s | synth 2958 cy/pump 41.71 Mcy/s 1738 cy/sample | tri 0 px 76800 part 0 ch 9 | AHASH s=6912000 829f894d
T t=289.1 bar=150 ph=19 coda | render ms 6.20/6.21/6.23 | fps 59.7 | hold 1 miss 0 late 0 | gap ms 16.73 | under 0 fill 464 | copy 2438 cy/line 34.39 Mcy/s | synth 2959 cy/pump 41.73 Mcy/s 1738 cy/sample | tri 0 px 76800 part 0 ch 9 | AHASH s=6936000 1f23e7aa
T t=290.1 bar=151 ph=19 coda | render ms 6.20/6.21/6.23 | fps 59.7 | hold 1 miss 0 late 0 | gap ms 16.73 | under 0 fill 464 | copy 2439 cy/line 34.39 Mcy/s | synth 2957 cy/pump 41.71 Mcy/s 1737 cy/sample | tri 0 px 76800 part 0 ch 9 | AHASH s=6960000 2faf33e5
T t=291.2 bar=151 ph=19 coda | render ms 6.20/6.21/6.24 | fps 59.7 | hold 1 miss 0 late 0 | gap ms 16.73 | under 0 fill 464 | copy 2438 cy/line 34.39 Mcy/s | synth 2959 cy/pump 41.72 Mcy/s 1738 cy/sample | tri 0 px 76800 part 0 ch 9 | AHASH s=6984000 c239b3d9
PHRASE t=291.8 bar=152 ph=20 coda | render ms 6.20/6.22/6.26 | fps 59.7 | hold 1 miss 0 late 0 | gap ms 16.73 | under 0 fill 464 | copy 2439 cy/line 34.94 Mcy/s | synth 2959 cy/pump 42.38 Mcy/s 1766 cy/sample | tri 0 px 76800 part 0 ch 9 | AHASH s=6984000 c239b3d9
T t=292.2 bar=152 ph=20 coda | render ms 6.20/6.21/6.24 | fps 59.7 | hold 1 miss 0 late 0 | gap ms 16.73 | under 0 fill 464 | copy 2438 cy/line 34.39 Mcy/s | synth 2957 cy/pump 41.70 Mcy/s 1737 cy/sample | tri 0 px 76800 part 0 ch 9 | AHASH s=7008000 704099c2
T t=293.2 bar=152 ph=20 coda | render ms 6.20/6.21/6.23 | fps 59.7 | hold 1 miss 0 late 0 | gap ms 16.73 | under 0 fill 464 | copy 2438 cy/line 34.39 Mcy/s | synth 2959 cy/pump 41.73 Mcy/s 1738 cy/sample | tri 0 px 76800 part 0 ch 9 | AHASH s=7032000 995b0358
T t=294.2 bar=153 ph=20 coda | render ms 6.20/6.21/6.23 | fps 59.7 | hold 1 miss 0 late 0 | gap ms 16.73 | under 0 fill 464 | copy 2438 cy/line 34.38 Mcy/s | synth 2958 cy/pump 41.71 Mcy/s 1738 cy/sample | tri 0 px 76800 part 0 ch 9 | AHASH s=7056000 2f66bfb1
T t=295.2 bar=153 ph=20 coda | render ms 6.20/6.21/6.22 | fps 59.7 | hold 1 miss 0 late 0 | gap ms 16.73 | under 0 fill 464 | copy 2438 cy/line 34.39 Mcy/s | synth 2959 cy/pump 41.73 Mcy/s 1738 cy/sample | tri 0 px 76800 part 0 ch 9 | AHASH s=7080000 e194e682
T t=296.2 bar=154 ph=20 coda | render ms 6.20/6.21/6.23 | fps 59.7 | hold 1 miss 0 late 0 | gap ms 16.73 | under 0 fill 464 | copy 2440 cy/line 34.41 Mcy/s | synth 2929 cy/pump 41.30 Mcy/s 1720 cy/sample | tri 0 px 76800 part 0 ch 9 | AHASH s=7104000 564c453e
T t=297.2 bar=154 ph=20 coda | render ms 6.20/6.21/6.23 | fps 59.7 | hold 1 miss 0 late 0 | gap ms 16.73 | under 0 fill 464 | copy 2460 cy/line 34.70 Mcy/s | synth 2633 cy/pump 37.14 Mcy/s 1547 cy/sample | tri 0 px 76800 part 0 ch 9 | AHASH s=7128000 eb476912
T t=298.2 bar=155 ph=20 coda | render ms 6.20/6.21/6.22 | fps 59.7 | hold 1 miss 0 late 0 | gap ms 16.73 | under 0 fill 464 | copy 2460 cy/line 34.69 Mcy/s | synth 2633 cy/pump 37.13 Mcy/s 1547 cy/sample | tri 0 px 76800 part 0 ch 9 | AHASH s=7152000 94ebcd29
T t=299.2 bar=155 ph=20 coda | render ms 6.20/6.21/6.23 | fps 59.7 | hold 1 miss 0 late 0 | gap ms 16.73 | under 0 fill 464 | copy 2460 cy/line 34.69 Mcy/s | synth 2633 cy/pump 37.13 Mcy/s 1547 cy/sample | tri 0 px 76800 part 0 ch 9 | AHASH s=7176000 688e80ce
T t=300.2 bar=156 ph=20 coda | render ms 6.19/6.20/6.23 | fps 59.7 | hold 1 miss 0 late 0 | gap ms 16.73 | under 0 fill 464 | copy 2460 cy/line 34.70 Mcy/s | synth 2632 cy/pump 37.11 Mcy/s 1546 cy/sample | tri 0 px 76800 part 0 ch 9 | AHASH s=7200000 595bd6d6
T t=301.2 bar=156 ph=20 coda | render ms 6.18/6.20/6.22 | fps 59.7 | hold 1 miss 0 late 0 | gap ms 16.73 | under 0 fill 464 | copy 2454 cy/line 34.60 Mcy/s | synth 2509 cy/pump 35.38 Mcy/s 1474 cy/sample | tri 0 px 76800 part 0 ch 9 | AHASH s=7224000 9b690296
T t=302.2 bar=157 ph=20 coda | render ms 6.18/6.20/6.22 | fps 59.7 | hold 1 miss 0 late 0 | gap ms 16.73 | under 0 fill 464 | copy 2438 cy/line 34.38 Mcy/s | synth 2208 cy/pump 31.14 Mcy/s 1297 cy/sample | tri 0 px 76800 part 0 ch 9 | AHASH s=7248000 06c26f09
T t=303.2 bar=157 ph=20 coda | render ms 6.18/6.20/6.22 | fps 59.7 | hold 1 miss 0 late 0 | gap ms 16.73 | under 0 fill 464 | copy 2438 cy/line 34.38 Mcy/s | synth 2208 cy/pump 31.14 Mcy/s 1297 cy/sample | tri 0 px 76800 part 0 ch 9 | AHASH s=7272000 59a672b8
T t=304.2 bar=158 ph=20 coda | render ms 6.18/6.20/6.22 | fps 59.7 | hold 1 miss 0 late 0 | gap ms 16.73 | under 0 fill 464 | copy 2438 cy/line 34.38 Mcy/s | synth 2209 cy/pump 31.15 Mcy/s 1298 cy/sample | tri 0 px 76800 part 0 ch 9 | AHASH s=7296000 1cf1f220
T t=305.2 bar=158 ph=20 coda | render ms 6.18/6.20/6.23 | fps 59.7 | hold 1 miss 0 late 0 | gap ms 16.73 | under 0 fill 464 | copy 2438 cy/line 34.38 Mcy/s | synth 2208 cy/pump 31.14 Mcy/s 1297 cy/sample | tri 0 px 76800 part 0 ch 9 | AHASH s=7320000 1c41b916
T t=306.2 bar=159 ph=20 coda | render ms 6.18/6.20/6.23 | fps 59.7 | hold 1 miss 0 late 0 | gap ms 16.73 | under 0 fill 464 | copy 2438 cy/line 34.38 Mcy/s | synth 2214 cy/pump 31.22 Mcy/s 1300 cy/sample | tri 0 px 76800 part 0 ch 9 | AHASH s=7344000 024e2125
PHRASE t=307.1 bar=159 ph=20 coda | render ms 6.18/6.20/6.24 | fps 59.7 | hold 1 miss 0 late 0 | gap ms 16.73 | under 0 fill 464 | copy 2445 cy/line 35.03 Mcy/s | synth 2551 cy/pump 36.55 Mcy/s 1523 cy/sample | tri 0 px 76800 part 0 ch 9 | AHASH s=7368000 cc1dbcdf
DONE frames=18355 render_max_us=6300 gap_max_us=16768 miss=0 late=1 under=0 min_fill=464 copy_worst_cy=2978 pump_worst_cy=76551 vsyncs=18359 heap_free=139264 peak=29914
