
=== COLOSSUS / LATENT / 2026 === sys_clk=300000000
BOOT heap_region=62352 heap_free=62352 ballast=0 total_samples=7372800 bars=160
BOOT heap_free_after_init=62352
BOOT heap_free_after_video=49152 scanout_lines=240
T t=0.9 bar=0 ph=1 overture | render ms 65.63/65.68/65.77 | fps 14.9 | hold 4 miss 15 late 15 | gap ms 66.94 | under 0 fill 466 | copy 2351 cy/line 34.28 Mcy/s | synth 2204 cy/pump 31.61 Mcy/s 1317 cy/sample | tri 1500 px 90000 part 256 ch 0 | AHASH s=24000 45de1a0f
T t=1.9 bar=1 ph=1 overture | render ms 65.66/65.71/65.81 | fps 14.9 | hold 4 miss 15 late 15 | gap ms 66.94 | under 0 fill 466 | copy 2350 cy/line 33.70 Mcy/s | synth 2207 cy/pump 31.65 Mcy/s 1319 cy/sample | tri 1500 px 90000 part 256 ch 0 | AHASH s=48000 a2fc1ab4
T t=2.9 bar=1 ph=1 overture | render ms 65.66/65.69/65.81 | fps 14.9 | hold 4 miss 15 late 15 | gap ms 66.94 | under 0 fill 466 | copy 2350 cy/line 33.70 Mcy/s | synth 2205 cy/pump 31.62 Mcy/s 1317 cy/sample | tri 1500 px 90000 part 256 ch 0 | AHASH s=72000 27282b38
T t=3.9 bar=2 ph=1 overture | render ms 65.66/65.70/65.81 | fps 14.9 | hold 4 miss 15 late 15 | gap ms 66.94 | under 0 fill 466 | copy 2353 cy/line 33.74 Mcy/s | synth 2261 cy/pump 32.43 Mcy/s 1351 cy/sample | tri 1500 px 90000 part 256 ch 0 | AHASH s=96000 7defff26
T t=4.9 bar=2 ph=1 overture | render ms 65.66/65.70/65.85 | fps 14.9 | hold 4 miss 15 late 15 | gap ms 66.94 | under 0 fill 466 | copy 2366 cy/line 33.93 Mcy/s | synth 2498 cy/pump 35.83 Mcy/s 1492 cy/sample | tri 1500 px 90000 part 256 ch 0 | AHASH s=120000 586f7958
T t=5.9 bar=3 ph=1 overture | render ms 65.67/65.72/65.83 | fps 14.9 | hold 4 miss 15 late 15 | gap ms 66.94 | under 0 fill 466 | copy 2366 cy/line 33.93 Mcy/s | synth 2501 cy/pump 35.87 Mcy/s 1494 cy/sample | tri 1500 px 90000 part 256 ch 0 | AHASH s=144000 3f1c7235
T t=6.9 bar=3 ph=1 overture | render ms 65.66/65.70/65.91 | fps 14.9 | hold 4 miss 15 late 15 | gap ms 66.94 | under 0 fill 466 | copy 2366 cy/line 33.93 Mcy/s | synth 2501 cy/pump 35.87 Mcy/s 1494 cy/sample | tri 1500 px 90000 part 256 ch 0 | AHASH s=168000 9f2cdd11
T t=7.9 bar=4 ph=1 overture | render ms 65.66/65.72/65.84 | fps 14.9 | hold 4 miss 15 late 15 | gap ms 66.94 | under 0 fill 466 | copy 2361 cy/line 33.85 Mcy/s | synth 2665 cy/pump 38.22 Mcy/s 1592 cy/sample | tri 1500 px 90000 part 256 ch 0 | AHASH s=192000 cbe11e82
T t=8.9 bar=4 ph=1 overture | render ms 65.68/65.72/65.85 | fps 14.9 | hold 4 miss 15 late 15 | gap ms 66.94 | under 0 fill 466 | copy 2351 cy/line 33.72 Mcy/s | synth 2940 cy/pump 42.17 Mcy/s 1757 cy/sample | tri 1500 px 90000 part 256 ch 0 | AHASH s=216000 e3ba8e4b
T t=9.9 bar=5 ph=1 overture | render ms 65.66/65.70/65.87 | fps 14.9 | hold 4 miss 15 late 15 | gap ms 66.94 | under 0 fill 466 | copy 2351 cy/line 33.72 Mcy/s | synth 2942 cy/pump 42.19 Mcy/s 1758 cy/sample | tri 1500 px 90000 part 256 ch 0 | AHASH s=240000 67cd6e7a
T t=10.9 bar=5 ph=1 overture | render ms 65.67/65.71/65.83 | fps 14.9 | hold 4 miss 15 late 15 | gap ms 66.94 | under 0 fill 466 | copy 2351 cy/line 33.72 Mcy/s | synth 2944 cy/pump 42.22 Mcy/s 1759 cy/sample | tri 1500 px 90000 part 256 ch 0 | AHASH s=264000 893f3166
T t=11.9 bar=6 ph=1 overture | render ms 65.63/65.69/65.81 | fps 14.9 | hold 4 miss 15 late 15 | gap ms 66.94 | under 0 fill 466 | copy 2351 cy/line 33.72 Mcy/s | synth 2940 cy/pump 42.17 Mcy/s 1757 cy/sample | tri 1500 px 90000 part 256 ch 0 | AHASH s=288000 6e17375a
T t=12.9 bar=6 ph=1 overture | render ms 65.66/65.71/65.84 | fps 14.9 | hold 4 miss 15 late 15 | gap ms 66.94 | under 0 fill 466 | copy 2351 cy/line 33.72 Mcy/s | synth 2945 cy/pump 42.23 Mcy/s 1759 cy/sample | tri 1500 px 90000 part 256 ch 0 | AHASH s=312000 c2bd4215
T t=13.9 bar=7 ph=1 overture | render ms 65.67/65.70/65.83 | fps 14.9 | hold 4 miss 15 late 15 | gap ms 66.94 | under 0 fill 466 | copy 2351 cy/line 33.72 Mcy/s | synth 2940 cy/pump 42.17 Mcy/s 1757 cy/sample | tri 1500 px 90000 part 256 ch 0 | AHASH s=336000 1968032c
T t=14.9 bar=7 ph=1 overture | render ms 65.65/65.70/65.83 | fps 14.9 | hold 4 miss 15 late 15 | gap ms 66.94 | under 0 fill 466 | copy 2351 cy/line 33.72 Mcy/s | synth 2942 cy/pump 42.19 Mcy/s 1758 cy/sample | tri 1500 px 90000 part 256 ch 0 | AHASH s=360000 e3a69d4c
PHRASE t=15.3 bar=8 ph=2 the plain | render ms 65.63/65.81/89.85 | fps 14.9 | hold 6 miss 231 late 231 | gap ms 100.41 | under 0 fill 466 | copy 2355 cy/line 33.77 Mcy/s | synth 2651 cy/pump 38.02 Mcy/s 1584 cy/sample | tri 1500 px 90000 part 256 ch 1 | AHASH s=360000 e3a69d4c
T t=15.9 bar=8 ph=2 the plain | render ms 65.68/79.83/90.06 | fps 11.5 | hold 6 miss 12 late 12 | gap ms 100.41 | under 0 fill 466 | copy 2353 cy/line 33.75 Mcy/s | synth 2940 cy/pump 42.17 Mcy/s 1757 cy/sample | tri 1500 px 90000 part 256 ch 1 | AHASH s=384000 d7159f11
T t=17.0 bar=8 ph=2 the plain | render ms 89.87/89.91/90.05 | fps 9.9 | hold 6 miss 10 late 10 | gap ms 100.41 | under 0 fill 466 | copy 2355 cy/line 33.77 Mcy/s | synth 2940 cy/pump 42.16 Mcy/s 1757 cy/sample | tri 1500 px 90000 part 256 ch 1 | AHASH s=408000 61dc6c0f
T t=18.0 bar=9 ph=2 the plain | render ms 89.86/89.93/90.05 | fps 9.9 | hold 6 miss 10 late 10 | gap ms 100.41 | under 0 fill 466 | copy 2355 cy/line 33.77 Mcy/s | synth 2940 cy/pump 42.16 Mcy/s 1756 cy/sample | tri 1500 px 90000 part 256 ch 1 | AHASH s=432000 2e15854e
T t=19.0 bar=9 ph=2 the plain | render ms 89.90/89.93/90.05 | fps 9.9 | hold 6 miss 10 late 10 | gap ms 100.41 | under 0 fill 466 | copy 2355 cy/line 33.77 Mcy/s | synth 2940 cy/pump 42.17 Mcy/s 1757 cy/sample | tri 1500 px 90000 part 256 ch 1 | AHASH s=456000 0fee5aae
T t=20.0 bar=10 ph=2 the plain | render ms 89.85/89.92/90.07 | fps 9.9 | hold 6 miss 10 late 10 | gap ms 100.41 | under 0 fill 466 | copy 2355 cy/line 33.77 Mcy/s | synth 2939 cy/pump 42.15 Mcy/s 1756 cy/sample | tri 1500 px 90000 part 256 ch 1 | AHASH s=480000 024f13e5
T t=21.0 bar=10 ph=2 the plain | render ms 89.88/89.94/90.04 | fps 9.9 | hold 6 miss 10 late 10 | gap ms 100.41 | under 0 fill 466 | copy 2355 cy/line 33.77 Mcy/s | synth 2943 cy/pump 42.20 Mcy/s 1758 cy/sample | tri 1500 px 90000 part 256 ch 1 | AHASH s=504000 6bc4f7f9
T t=22.0 bar=11 ph=2 the plain | render ms 89.88/89.92/90.01 | fps 9.9 | hold 6 miss 10 late 10 | gap ms 100.41 | under 0 fill 466 | copy 2355 cy/line 33.77 Mcy/s | synth 2939 cy/pump 42.15 Mcy/s 1756 cy/sample | tri 1500 px 90000 part 256 ch 1 | AHASH s=528000 6c7867f1
T t=23.0 bar=11 ph=2 the plain | render ms 89.86/89.92/90.05 | fps 9.9 | hold 6 miss 10 late 10 | gap ms 100.41 | under 0 fill 466 | copy 2355 cy/line 33.77 Mcy/s | synth 2940 cy/pump 42.16 Mcy/s 1757 cy/sample | tri 1500 px 90000 part 256 ch 1 | AHASH s=552000 4c4ba436
T t=24.0 bar=12 ph=2 the plain | render ms 89.91/89.95/90.06 | fps 9.9 | hold 6 miss 10 late 10 | gap ms 100.41 | under 0 fill 466 | copy 2355 cy/line 33.77 Mcy/s | synth 2942 cy/pump 42.19 Mcy/s 1758 cy/sample | tri 1500 px 90000 part 256 ch 1 | AHASH s=576000 dd9eff28
T t=25.0 bar=13 ph=2 the plain | render ms 89.86/89.94/90.09 | fps 9.9 | hold 6 miss 10 late 10 | gap ms 100.41 | under 0 fill 466 | copy 2355 cy/line 33.77 Mcy/s | synth 2939 cy/pump 42.15 Mcy/s 1756 cy/sample | tri 1500 px 90000 part 256 ch 1 | AHASH s=600000 77d6e64d
T t=26.0 bar=13 ph=2 the plain | render ms 89.89/89.94/90.07 | fps 9.9 | hold 6 miss 10 late 10 | gap ms 100.41 | under 0 fill 466 | copy 2355 cy/line 33.77 Mcy/s | synth 2942 cy/pump 42.19 Mcy/s 1758 cy/sample | tri 1500 px 90000 part 256 ch 1 | AHASH s=624000 5b6cb012
T t=27.0 bar=14 ph=2 the plain | render ms 89.86/89.91/90.04 | fps 9.9 | hold 6 miss 10 late 10 | gap ms 100.41 | under 0 fill 466 | copy 2355 cy/line 33.77 Mcy/s | synth 2940 cy/pump 42.16 Mcy/s 1756 cy/sample | tri 1500 px 90000 part 256 ch 1 | AHASH s=648000 6b7bf1ef
T t=28.0 bar=14 ph=2 the plain | render ms 89.87/89.90/90.06 | fps 9.9 | hold 6 miss 10 late 10 | gap ms 100.41 | under 0 fill 466 | copy 2355 cy/line 33.77 Mcy/s | synth 2940 cy/pump 42.16 Mcy/s 1757 cy/sample | tri 1500 px 90000 part 256 ch 1 | AHASH s=672000 ffe2d472
T t=29.0 bar=15 ph=2 the plain | render ms 89.89/89.93/90.05 | fps 9.9 | hold 6 miss 10 late 10 | gap ms 100.41 | under 0 fill 466 | copy 2355 cy/line 33.77 Mcy/s | synth 2943 cy/pump 42.21 Mcy/s 1758 cy/sample | tri 1500 px 90000 part 256 ch 1 | AHASH s=696000 f6db67eb
T t=30.0 bar=15 ph=2 the plain | render ms 89.86/89.91/90.01 | fps 9.9 | hold 6 miss 10 late 10 | gap ms 100.41 | under 0 fill 466 | copy 2355 cy/line 33.77 Mcy/s | synth 2940 cy/pump 42.16 Mcy/s 1757 cy/sample | tri 1500 px 90000 part 256 ch 1 | AHASH s=720000 f5803255
PHRASE t=30.7 bar=16 ph=3 the plain | render ms 89.84/89.92/90.09 | fps 9.9 | hold 6 miss 153 late 153 | gap ms 100.41 | under 0 fill 466 | copy 2355 cy/line 33.77 Mcy/s | synth 2941 cy/pump 42.17 Mcy/s 1757 cy/sample | tri 1500 px 90000 part 256 ch 1 | AHASH s=720000 f5803255
T t=31.0 bar=16 ph=3 the plain | render ms 89.85/89.93/90.06 | fps 9.9 | hold 6 miss 10 late 10 | gap ms 100.41 | under 0 fill 466 | copy 2355 cy/line 33.77 Mcy/s | synth 2941 cy/pump 42.17 Mcy/s 1757 cy/sample | tri 1500 px 90000 part 256 ch 1 | AHASH s=744000 81431960
T t=32.0 bar=16 ph=3 the plain | render ms 89.84/89.90/90.04 | fps 9.9 | hold 6 miss 10 late 10 | gap ms 100.41 | under 0 fill 466 | copy 2355 cy/line 33.77 Mcy/s | synth 2941 cy/pump 42.18 Mcy/s 1757 cy/sample | tri 1500 px 90000 part 256 ch 1 | AHASH s=768000 2e36c2ff
T t=33.0 bar=17 ph=3 the plain | render ms 89.88/89.91/90.03 | fps 9.9 | hold 6 miss 10 late 10 | gap ms 100.41 | under 0 fill 466 | copy 2355 cy/line 33.77 Mcy/s | synth 2940 cy/pump 42.16 Mcy/s 1756 cy/sample | tri 1500 px 90000 part 256 ch 1 | AHASH s=792000 db9f6da3
T t=34.0 bar=17 ph=3 the plain | render ms 89.87/89.93/90.05 | fps 9.9 | hold 6 miss 10 late 10 | gap ms 100.41 | under 0 fill 466 | copy 2355 cy/line 33.77 Mcy/s | synth 2942 cy/pump 42.18 Mcy/s 1757 cy/sample | tri 1500 px 90000 part 256 ch 1 | AHASH s=816000 fe2692d6
T t=35.0 bar=18 ph=3 the plain | render ms 89.92/89.97/90.12 | fps 9.9 | hold 6 miss 10 late 10 | gap ms 100.41 | under 0 fill 466 | copy 2355 cy/line 33.77 Mcy/s | synth 2945 cy/pump 42.23 Mcy/s 1759 cy/sample | tri 1500 px 90000 part 256 ch 1 | AHASH s=840000 c7922fc0
T t=36.0 bar=18 ph=3 the plain | render ms 89.88/89.93/90.08 | fps 9.9 | hold 6 miss 10 late 10 | gap ms 100.41 | under 0 fill 466 | copy 2355 cy/line 33.77 Mcy/s | synth 2939 cy/pump 42.15 Mcy/s 1756 cy/sample | tri 1500 px 90000 part 256 ch 1 | AHASH s=864000 197a6d81
T t=37.0 bar=19 ph=3 the plain | render ms 89.90/89.94/90.06 | fps 9.9 | hold 6 miss 10 late 10 | gap ms 100.41 | under 0 fill 466 | copy 2355 cy/line 33.77 Mcy/s | synth 2942 cy/pump 42.18 Mcy/s 1757 cy/sample | tri 1500 px 90000 part 256 ch 1 | AHASH s=888000 7489a231
T t=38.0 bar=19 ph=3 the plain | render ms 89.88/89.92/90.08 | fps 9.9 | hold 6 miss 10 late 10 | gap ms 100.41 | under 0 fill 466 | copy 2354 cy/line 33.77 Mcy/s | synth 2940 cy/pump 42.17 Mcy/s 1757 cy/sample | tri 1500 px 90000 part 256 ch 1 | AHASH s=912000 f1caa5b0
T t=39.0 bar=20 ph=3 the plain | render ms 89.91/89.96/90.06 | fps 9.9 | hold 6 miss 10 late 10 | gap ms 100.41 | under 0 fill 466 | copy 2355 cy/line 33.77 Mcy/s | synth 2941 cy/pump 42.18 Mcy/s 1757 cy/sample | tri 1500 px 90000 part 256 ch 1 | AHASH s=936000 6502a091
T t=40.0 bar=20 ph=3 the plain | render ms 89.92/89.95/90.06 | fps 9.9 | hold 6 miss 10 late 10 | gap ms 100.41 | under 0 fill 466 | copy 2355 cy/line 33.77 Mcy/s | synth 2942 cy/pump 42.19 Mcy/s 1758 cy/sample | tri 1500 px 90000 part 256 ch 1 | AHASH s=960000 343dd2f7
T t=41.1 bar=21 ph=3 the plain | render ms 89.87/89.92/90.04 | fps 9.9 | hold 6 miss 10 late 10 | gap ms 100.41 | under 0 fill 466 | copy 2355 cy/line 33.77 Mcy/s | synth 2940 cy/pump 42.16 Mcy/s 1756 cy/sample | tri 1500 px 90000 part 256 ch 1 | AHASH s=984000 1856fdf2
T t=42.1 bar=21 ph=3 the plain | render ms 89.85/89.90/90.10 | fps 9.9 | hold 6 miss 10 late 10 | gap ms 100.41 | under 0 fill 466 | copy 2355 cy/line 33.77 Mcy/s | synth 2940 cy/pump 42.17 Mcy/s 1757 cy/sample | tri 1500 px 90000 part 256 ch 1 | AHASH s=1008000 a0412651
T t=43.1 bar=22 ph=3 the plain | render ms 89.85/89.89/90.03 | fps 9.9 | hold 6 miss 10 late 10 | gap ms 100.41 | under 0 fill 466 | copy 2355 cy/line 33.77 Mcy/s | synth 2940 cy/pump 42.16 Mcy/s 1757 cy/sample | tri 1500 px 90000 part 256 ch 1 | AHASH s=1032000 aaebaad7
T t=44.1 bar=22 ph=3 the plain | render ms 89.87/89.92/90.04 | fps 9.9 | hold 6 miss 10 late 10 | gap ms 100.41 | under 0 fill 466 | copy 2355 cy/line 33.77 Mcy/s | synth 2940 cy/pump 42.16 Mcy/s 1756 cy/sample | tri 1500 px 90000 part 256 ch 1 | AHASH s=1056000 b6aeddef
T t=45.1 bar=23 ph=3 the plain | render ms 89.90/89.94/90.08 | fps 9.9 | hold 6 miss 10 late 10 | gap ms 100.41 | under 0 fill 466 | copy 2354 cy/line 33.77 Mcy/s | synth 2942 cy/pump 42.19 Mcy/s 1758 cy/sample | tri 1500 px 90000 part 256 ch 1 | AHASH s=1080000 3c3b7676
PHRASE t=46.1 bar=24 ph=4 the hand | render ms 47.86/89.65/90.12 | fps 9.9 | hold 6 miss 153 late 153 | gap ms 100.41 | under 0 fill 466 | copy 2355 cy/line 33.77 Mcy/s | synth 2941 cy/pump 42.18 Mcy/s 1757 cy/sample | tri 1500 px 90000 part 256 ch 2 | AHASH s=1104000 159985cb
T t=46.1 bar=24 ph=4 the hand | render ms 47.86/82.28/90.02 | fps 10.9 | hold 6 miss 11 late 11 | gap ms 100.41 | under 0 fill 466 | copy 2355 cy/line 33.77 Mcy/s | synth 2943 cy/pump 42.21 Mcy/s 1758 cy/sample | tri 1500 px 90000 part 256 ch 2 | AHASH s=1104000 159985cb
T t=47.1 bar=24 ph=4 the hand | render ms 47.72/47.77/47.96 | fps 19.9 | hold 3 miss 20 late 20 | gap ms 50.20 | under 0 fill 466 | copy 2354 cy/line 33.75 Mcy/s | synth 2949 cy/pump 42.30 Mcy/s 1762 cy/sample | tri 1500 px 90000 part 256 ch 2 | AHASH s=1128000 a507af95
T t=48.1 bar=25 ph=4 the hand | render ms 47.72/47.77/47.94 | fps 19.9 | hold 3 miss 20 late 20 | gap ms 50.20 | under 0 fill 466 | copy 2354 cy/line 33.75 Mcy/s | synth 2950 cy/pump 42.30 Mcy/s 1762 cy/sample | tri 1500 px 90000 part 256 ch 2 | AHASH s=1152000 fea4f11a
T t=49.1 bar=25 ph=4 the hand | render ms 47.73/47.76/47.92 | fps 19.9 | hold 3 miss 20 late 20 | gap ms 50.20 | under 0 fill 466 | copy 2354 cy/line 33.76 Mcy/s | synth 2946 cy/pump 42.25 Mcy/s 1760 cy/sample | tri 1500 px 90000 part 256 ch 2 | AHASH s=1176000 ac690a5a
T t=50.1 bar=26 ph=4 the hand | render ms 47.72/47.76/47.90 | fps 19.9 | hold 3 miss 20 late 20 | gap ms 50.20 | under 0 fill 466 | copy 2354 cy/line 33.75 Mcy/s | synth 2948 cy/pump 42.27 Mcy/s 1761 cy/sample | tri 1500 px 90000 part 256 ch 2 | AHASH s=1200000 f873dd08
T t=51.1 bar=26 ph=4 the hand | render ms 47.72/47.76/47.92 | fps 19.9 | hold 3 miss 20 late 20 | gap ms 50.20 | under 0 fill 466 | copy 2354 cy/line 33.75 Mcy/s | synth 2948 cy/pump 42.27 Mcy/s 1761 cy/sample | tri 1500 px 90000 part 256 ch 2 | AHASH s=1224000 c3b4bb76
T t=52.1 bar=27 ph=4 the hand | render ms 47.73/47.79/47.92 | fps 19.9 | hold 3 miss 20 late 20 | gap ms 50.20 | under 0 fill 466 | copy 2353 cy/line 33.75 Mcy/s | synth 2950 cy/pump 42.30 Mcy/s 1762 cy/sample | tri 1500 px 90000 part 256 ch 2 | AHASH s=1248000 05745f6b
T t=53.2 bar=27 ph=4 the hand | render ms 47.73/47.76/47.91 | fps 19.9 | hold 3 miss 20 late 20 | gap ms 50.20 | under 0 fill 466 | copy 2354 cy/line 33.75 Mcy/s | synth 2947 cy/pump 42.26 Mcy/s 1761 cy/sample | tri 1500 px 90000 part 256 ch 2 | AHASH s=1272000 a13b2140
T t=54.2 bar=28 ph=4 the hand | render ms 47.75/47.79/47.94 | fps 19.9 | hold 3 miss 20 late 20 | gap ms 50.20 | under 0 fill 466 | copy 2354 cy/line 33.75 Mcy/s | synth 2950 cy/pump 42.30 Mcy/s 1762 cy/sample | tri 1500 px 90000 part 256 ch 2 | AHASH s=1296000 78105b3c
T t=55.2 bar=28 ph=4 the hand | render ms 47.73/47.78/47.94 | fps 19.9 | hold 3 miss 20 late 20 | gap ms 50.20 | under 0 fill 466 | copy 2354 cy/line 33.75 Mcy/s | synth 2948 cy/pump 42.27 Mcy/s 1761 cy/sample | tri 1500 px 90000 part 256 ch 2 | AHASH s=1320000 afedece0
T t=56.2 bar=29 ph=4 the hand | render ms 47.74/47.77/47.97 | fps 19.9 | hold 3 miss 20 late 20 | gap ms 50.20 | under 0 fill 466 | copy 2354 cy/line 33.76 Mcy/s | synth 2947 cy/pump 42.26 Mcy/s 1760 cy/sample | tri 1500 px 90000 part 256 ch 2 | AHASH s=1344000 5b477c1e
T t=57.2 bar=29 ph=4 the hand | render ms 47.72/47.76/47.89 | fps 19.9 | hold 3 miss 20 late 20 | gap ms 50.20 | under 0 fill 466 | copy 2354 cy/line 33.75 Mcy/s | synth 2946 cy/pump 42.26 Mcy/s 1760 cy/sample | tri 1500 px 90000 part 256 ch 2 | AHASH s=1368000 812c4246
T t=58.2 bar=30 ph=4 the hand | render ms 47.74/47.77/47.89 | fps 19.9 | hold 3 miss 20 late 20 | gap ms 50.20 | under 0 fill 466 | copy 2354 cy/line 33.76 Mcy/s | synth 2947 cy/pump 42.26 Mcy/s 1761 cy/sample | tri 1500 px 90000 part 256 ch 2 | AHASH s=1392000 bd966cf3
T t=59.2 bar=30 ph=4 the hand | render ms 47.74/47.77/47.92 | fps 19.9 | hold 3 miss 20 late 20 | gap ms 50.20 | under 0 fill 466 | copy 2354 cy/line 33.75 Mcy/s | synth 2947 cy/pump 42.26 Mcy/s 1761 cy/sample | tri 1500 px 90000 part 256 ch 2 | AHASH s=1416000 6495f6fb
T t=60.2 bar=31 ph=4 the hand | render ms 47.73/47.76/47.92 | fps 19.9 | hold 3 miss 20 late 20 | gap ms 50.20 | under 0 fill 466 | copy 2354 cy/line 33.75 Mcy/s | synth 2946 cy/pump 42.25 Mcy/s 1760 cy/sample | tri 1500 px 90000 part 256 ch 2 | AHASH s=1440000 3f5f9a21
T t=61.2 bar=31 ph=4 the hand | render ms 47.72/47.76/47.90 | fps 19.9 | hold 3 miss 20 late 20 | gap ms 50.20 | under 0 fill 466 | copy 2354 cy/line 33.75 Mcy/s | synth 2948 cy/pump 42.28 Mcy/s 1761 cy/sample | tri 1500 px 90000 part 256 ch 2 | AHASH s=1464000 444d7d03
PHRASE t=61.4 bar=32 ph=5 the hand | render ms 47.72/47.77/47.99 | fps 19.9 | hold 3 miss 306 late 306 | gap ms 50.20 | under 0 fill 466 | copy 2354 cy/line 33.75 Mcy/s | synth 2948 cy/pump 42.27 Mcy/s 1761 cy/sample | tri 1500 px 90000 part 256 ch 2 | AHASH s=1464000 444d7d03
T t=62.2 bar=32 ph=5 the hand | render ms 47.72/47.77/47.91 | fps 19.9 | hold 3 miss 20 late 20 | gap ms 50.20 | under 0 fill 466 | copy 2354 cy/line 33.75 Mcy/s | synth 2949 cy/pump 42.29 Mcy/s 1762 cy/sample | tri 1500 px 90000 part 256 ch 2 | AHASH s=1488000 941943d6
T t=63.2 bar=32 ph=5 the hand | render ms 47.73/47.77/47.91 | fps 19.9 | hold 3 miss 20 late 20 | gap ms 50.20 | under 0 fill 466 | copy 2354 cy/line 33.75 Mcy/s | synth 2948 cy/pump 42.27 Mcy/s 1761 cy/sample | tri 1500 px 90000 part 256 ch 2 | AHASH s=1512000 8a2532e6
T t=64.2 bar=33 ph=5 the hand | render ms 47.73/47.78/47.91 | fps 19.9 | hold 3 miss 20 late 20 | gap ms 50.20 | under 0 fill 466 | copy 2354 cy/line 33.76 Mcy/s | synth 2947 cy/pump 42.27 Mcy/s 1761 cy/sample | tri 1500 px 90000 part 256 ch 2 | AHASH s=1536000 106f9ee9
T t=65.2 bar=33 ph=5 the hand | render ms 47.72/47.78/47.92 | fps 19.9 | hold 3 miss 20 late 20 | gap ms 50.20 | under 0 fill 466 | copy 2354 cy/line 33.75 Mcy/s | synth 2948 cy/pump 42.27 Mcy/s 1761 cy/sample | tri 1500 px 90000 part 256 ch 2 | AHASH s=1560000 6056688e
T t=66.2 bar=34 ph=5 the hand | render ms 47.73/47.77/47.93 | fps 19.9 | hold 3 miss 20 late 20 | gap ms 50.20 | under 0 fill 466 | copy 2354 cy/line 33.75 Mcy/s | synth 2948 cy/pump 42.27 Mcy/s 1761 cy/sample | tri 1500 px 90000 part 256 ch 2 | AHASH s=1584000 ff52ffe2
T t=67.2 bar=35 ph=5 the hand | render ms 47.73/47.79/47.93 | fps 19.9 | hold 3 miss 20 late 20 | gap ms 50.20 | under 0 fill 466 | copy 2353 cy/line 33.75 Mcy/s | synth 2950 cy/pump 42.30 Mcy/s 1762 cy/sample | tri 1500 px 90000 part 256 ch 2 | AHASH s=1608000 83f990b5
T t=68.2 bar=35 ph=5 the hand | render ms 47.70/47.75/47.90 | fps 19.9 | hold 3 miss 20 late 20 | gap ms 50.20 | under 0 fill 466 | copy 2354 cy/line 33.76 Mcy/s | synth 2948 cy/pump 42.28 Mcy/s 1761 cy/sample | tri 1500 px 90000 part 256 ch 2 | AHASH s=1632000 1317fced
T t=69.2 bar=36 ph=5 the hand | render ms 47.71/47.76/47.91 | fps 19.9 | hold 3 miss 20 late 20 | gap ms 50.20 | under 0 fill 466 | copy 2354 cy/line 33.75 Mcy/s | synth 2950 cy/pump 42.30 Mcy/s 1762 cy/sample | tri 1500 px 90000 part 256 ch 2 | AHASH s=1656000 3cb02279
T t=70.2 bar=36 ph=5 the hand | render ms 47.73/47.77/47.91 | fps 19.9 | hold 3 miss 20 late 20 | gap ms 50.20 | under 0 fill 466 | copy 2354 cy/line 33.75 Mcy/s | synth 2948 cy/pump 42.28 Mcy/s 1761 cy/sample | tri 1500 px 90000 part 256 ch 2 | AHASH s=1680000 80101a1c
T t=71.2 bar=37 ph=5 the hand | render ms 47.74/47.77/47.93 | fps 19.9 | hold 3 miss 20 late 20 | gap ms 50.20 | under 0 fill 466 | copy 2354 cy/line 33.75 Mcy/s | synth 2947 cy/pump 42.26 Mcy/s 1761 cy/sample | tri 1500 px 90000 part 256 ch 2 | AHASH s=1704000 3b94f7bc
T t=72.2 bar=37 ph=5 the hand | render ms 47.71/47.76/47.90 | fps 19.9 | hold 3 miss 20 late 20 | gap ms 50.20 | under 0 fill 466 | copy 2354 cy/line 33.75 Mcy/s | synth 2948 cy/pump 42.28 Mcy/s 1761 cy/sample | tri 1500 px 90000 part 256 ch 2 | AHASH s=1728000 4db2e8f2
T t=73.2 bar=38 ph=5 the hand | render ms 47.73/47.76/47.89 | fps 19.9 | hold 3 miss 20 late 20 | gap ms 50.20 | under 0 fill 466 | copy 2354 cy/line 33.75 Mcy/s | synth 2947 cy/pump 42.26 Mcy/s 1761 cy/sample | tri 1500 px 90000 part 256 ch 2 | AHASH s=1752000 d6d05b06
T t=74.2 bar=38 ph=5 the hand | render ms 47.74/47.77/47.93 | fps 19.9 | hold 3 miss 20 late 20 | gap ms 50.20 | under 0 fill 466 | copy 2354 cy/line 33.75 Mcy/s | synth 2947 cy/pump 42.26 Mcy/s 1761 cy/sample | tri 1500 px 90000 part 256 ch 2 | AHASH s=1776000 22959014
T t=75.2 bar=39 ph=5 the hand | render ms 47.74/47.78/47.94 | fps 19.9 | hold 3 miss 20 late 20 | gap ms 50.20 | under 0 fill 466 | copy 2354 cy/line 33.75 Mcy/s | synth 2946 cy/pump 42.26 Mcy/s 1760 cy/sample | tri 1500 px 90000 part 256 ch 2 | AHASH s=1800000 1f021550
T t=76.2 bar=39 ph=5 the hand | render ms 47.71/47.75/47.92 | fps 19.9 | hold 3 miss 20 late 20 | gap ms 50.20 | under 0 fill 466 | copy 2354 cy/line 33.75 Mcy/s | synth 2948 cy/pump 42.27 Mcy/s 1761 cy/sample | tri 1500 px 90000 part 256 ch 2 | AHASH s=1824000 f424dace
PHRASE t=76.8 bar=40 ph=6 the heart | render ms 47.70/47.81/59.79 | fps 19.8 | hold 4 miss 305 late 305 | gap ms 66.94 | under 0 fill 466 | copy 2354 cy/line 33.75 Mcy/s | synth 2948 cy/pump 42.28 Mcy/s 1761 cy/sample | tri 1500 px 90000 part 256 ch 3 | AHASH s=1824000 f424dace
T t=77.3 bar=40 ph=6 the heart | render ms 47.72/53.78/59.93 | fps 17.0 | hold 4 miss 18 late 18 | gap ms 66.94 | under 0 fill 466 | copy 2355 cy/line 33.77 Mcy/s | synth 2948 cy/pump 42.27 Mcy/s 1761 cy/sample | tri 1500 px 90000 part 256 ch 3 | AHASH s=1848000 1f7fa627
T t=78.3 bar=40 ph=6 the heart | render ms 59.74/59.78/59.92 | fps 14.9 | hold 4 miss 15 late 15 | gap ms 66.94 | under 0 fill 466 | copy 2355 cy/line 33.77 Mcy/s | synth 2945 cy/pump 42.23 Mcy/s 1759 cy/sample | tri 1500 px 90000 part 256 ch 3 | AHASH s=1872000 e386ffeb
T t=79.3 bar=41 ph=6 the heart | render ms 59.74/59.78/59.91 | fps 14.9 | hold 4 miss 15 late 15 | gap ms 66.94 | under 0 fill 466 | copy 2355 cy/line 33.78 Mcy/s | synth 2944 cy/pump 42.22 Mcy/s 1759 cy/sample | tri 1500 px 90000 part 256 ch 3 | AHASH s=1896000 7ee13529
T t=80.3 bar=41 ph=6 the heart | render ms 59.75/59.79/59.93 | fps 14.9 | hold 4 miss 15 late 15 | gap ms 66.94 | under 0 fill 466 | copy 2355 cy/line 33.77 Mcy/s | synth 2946 cy/pump 42.25 Mcy/s 1760 cy/sample | tri 1500 px 90000 part 256 ch 3 | AHASH s=1920000 1cc1e0a1
T t=81.3 bar=42 ph=6 the heart | render ms 59.77/59.84/59.96 | fps 14.9 | hold 4 miss 15 late 15 | gap ms 66.94 | under 0 fill 466 | copy 2355 cy/line 33.78 Mcy/s | synth 2948 cy/pump 42.28 Mcy/s 1761 cy/sample | tri 1500 px 90000 part 256 ch 3 | AHASH s=1944000 1ffa4469
T t=82.3 bar=42 ph=6 the heart | render ms 59.77/59.80/59.94 | fps 14.9 | hold 4 miss 15 late 15 | gap ms 66.94 | under 0 fill 466 | copy 2355 cy/line 33.77 Mcy/s | synth 2946 cy/pump 42.24 Mcy/s 1760 cy/sample | tri 1500 px 90000 part 256 ch 3 | AHASH s=1968000 a182c235
T t=83.3 bar=43 ph=6 the heart | render ms 59.79/59.83/59.96 | fps 14.9 | hold 4 miss 15 late 15 | gap ms 66.94 | under 0 fill 466 | copy 2355 cy/line 33.78 Mcy/s | synth 2945 cy/pump 42.24 Mcy/s 1760 cy/sample | tri 1500 px 90000 part 256 ch 3 | AHASH s=1992000 5027bfaf
T t=84.3 bar=43 ph=6 the heart | render ms 59.76/59.80/59.96 | fps 14.9 | hold 4 miss 15 late 15 | gap ms 66.94 | under 0 fill 466 | copy 2355 cy/line 33.77 Mcy/s | synth 2946 cy/pump 42.25 Mcy/s 1760 cy/sample | tri 1500 px 90000 part 256 ch 3 | AHASH s=2016000 7a85e49a
T t=85.3 bar=44 ph=6 the heart | render ms 59.77/59.80/59.97 | fps 14.9 | hold 4 miss 15 late 15 | gap ms 66.94 | under 0 fill 466 | copy 2355 cy/line 33.78 Mcy/s | synth 2945 cy/pump 42.23 Mcy/s 1759 cy/sample | tri 1500 px 90000 part 256 ch 3 | AHASH s=2040000 ff39b825
T t=86.3 bar=44 ph=6 the heart | render ms 59.78/59.82/59.96 | fps 14.9 | hold 4 miss 15 late 15 | gap ms 66.94 | under 0 fill 466 | copy 2355 cy/line 33.77 Mcy/s | synth 2945 cy/pump 42.23 Mcy/s 1759 cy/sample | tri 1500 px 90000 part 256 ch 3 | AHASH s=2064000 d6b81d94
T t=87.3 bar=45 ph=6 the heart | render ms 59.78/59.81/59.96 | fps 14.9 | hold 4 miss 15 late 15 | gap ms 66.94 | under 0 fill 466 | copy 2355 cy/line 33.78 Mcy/s | synth 2944 cy/pump 42.22 Mcy/s 1759 cy/sample | tri 1500 px 90000 part 256 ch 3 | AHASH s=2088000 12be213a
T t=88.3 bar=46 ph=6 the heart | render ms 59.75/59.79/59.95 | fps 14.9 | hold 4 miss 15 late 15 | gap ms 66.94 | under 0 fill 466 | copy 2355 cy/line 33.77 Mcy/s | synth 2943 cy/pump 42.21 Mcy/s 1758 cy/sample | tri 1500 px 90000 part 256 ch 3 | AHASH s=2112000 97f87b86
T t=89.3 bar=46 ph=6 the heart | render ms 59.76/59.80/59.95 | fps 14.9 | hold 4 miss 15 late 15 | gap ms 66.94 | under 0 fill 466 | copy 2355 cy/line 33.78 Mcy/s | synth 2943 cy/pump 42.21 Mcy/s 1758 cy/sample | tri 1500 px 90000 part 256 ch 3 | AHASH s=2136000 8830535a
T t=90.3 bar=47 ph=6 the heart | render ms 59.78/59.82/59.96 | fps 14.9 | hold 4 miss 15 late 15 | gap ms 66.94 | under 0 fill 466 | copy 2355 cy/line 33.77 Mcy/s | synth 2944 cy/pump 42.22 Mcy/s 1759 cy/sample | tri 1500 px 90000 part 256 ch 3 | AHASH s=2160000 fc2b037f
T t=91.3 bar=47 ph=6 the heart | render ms 59.79/59.82/59.96 | fps 14.9 | hold 4 miss 15 late 15 | gap ms 66.94 | under 0 fill 466 | copy 2355 cy/line 33.78 Mcy/s | synth 2946 cy/pump 42.24 Mcy/s 1760 cy/sample | tri 1500 px 90000 part 256 ch 3 | AHASH s=2184000 1bc4b39c
PHRASE t=92.1 bar=48 ph=7 the heart | render ms 59.74/59.81/59.97 | fps 14.9 | hold 4 miss 230 late 230 | gap ms 66.94 | under 0 fill 466 | copy 2355 cy/line 33.77 Mcy/s | synth 2945 cy/pump 42.23 Mcy/s 1759 cy/sample | tri 1500 px 90000 part 256 ch 3 | AHASH s=2208000 5dfce50c
T t=92.3 bar=48 ph=7 the heart | render ms 59.79/59.84/60.01 | fps 14.9 | hold 4 miss 15 late 15 | gap ms 66.94 | under 0 fill 466 | copy 2355 cy/line 33.77 Mcy/s | synth 2945 cy/pump 42.23 Mcy/s 1759 cy/sample | tri 1500 px 90000 part 256 ch 3 | AHASH s=2208000 5dfce50c
T t=93.4 bar=48 ph=7 the heart | render ms 59.77/59.80/59.95 | fps 14.9 | hold 4 miss 15 late 15 | gap ms 66.94 | under 0 fill 466 | copy 2355 cy/line 33.78 Mcy/s | synth 2946 cy/pump 42.25 Mcy/s 1760 cy/sample | tri 1500 px 90000 part 256 ch 3 | AHASH s=2232000 15641653
T t=94.4 bar=49 ph=7 the heart | render ms 59.79/59.83/59.95 | fps 14.9 | hold 4 miss 15 late 15 | gap ms 66.94 | under 0 fill 466 | copy 2355 cy/line 33.77 Mcy/s | synth 2945 cy/pump 42.23 Mcy/s 1759 cy/sample | tri 1500 px 90000 part 256 ch 3 | AHASH s=2256000 6c2c8fe6
T t=95.4 bar=49 ph=7 the heart | render ms 59.77/59.82/59.98 | fps 14.9 | hold 4 miss 15 late 15 | gap ms 66.94 | under 0 fill 466 | copy 2355 cy/line 33.78 Mcy/s | synth 2945 cy/pump 42.23 Mcy/s 1759 cy/sample | tri 1500 px 90000 part 256 ch 3 | AHASH s=2280000 77459282
T t=96.4 bar=50 ph=7 the heart | render ms 59.78/59.82/59.96 | fps 14.9 | hold 4 miss 15 late 15 | gap ms 66.94 | under 0 fill 466 | copy 2355 cy/line 33.77 Mcy/s | synth 2945 cy/pump 42.24 Mcy/s 1760 cy/sample | tri 1500 px 90000 part 256 ch 3 | AHASH s=2304000 57ad9b3d
T t=97.4 bar=50 ph=7 the heart | render ms 59.76/59.80/59.95 | fps 14.9 | hold 4 miss 15 late 15 | gap ms 66.94 | under 0 fill 466 | copy 2355 cy/line 33.77 Mcy/s | synth 2945 cy/pump 42.23 Mcy/s 1759 cy/sample | tri 1500 px 90000 part 256 ch 3 | AHASH s=2328000 46324a32
T t=98.4 bar=51 ph=7 the heart | render ms 59.76/59.80/59.91 | fps 14.9 | hold 4 miss 15 late 15 | gap ms 66.94 | under 0 fill 466 | copy 2355 cy/line 33.77 Mcy/s | synth 2946 cy/pump 42.25 Mcy/s 1760 cy/sample | tri 1500 px 90000 part 256 ch 3 | AHASH s=2352000 f1166fe6
T t=99.4 bar=51 ph=7 the heart | render ms 59.76/59.80/59.97 | fps 14.9 | hold 4 miss 15 late 15 | gap ms 66.94 | under 0 fill 466 | copy 2355 cy/line 33.78 Mcy/s | synth 2946 cy/pump 42.25 Mcy/s 1760 cy/sample | tri 1500 px 90000 part 256 ch 3 | AHASH s=2376000 3f3f2310
