
=== COLOSSUS / LATENT / 2026 === sys_clk=300000000
BOOT heap_region=61616 heap_free=61616 ballast=0 total_samples=7372800 bars=160
BOOT heap_free_after_init=61616
BOOT heap_free_after_video=49152 scanout_lines=240
T t=0.9 bar=0 ph=1 overture | render ms 46.41/46.44/46.48 | fps 19.9 | hold 3 miss 20 late 20 | gap ms 50.23 | under 0 fill 465 | copy 2353 cy/line 34.31 Mcy/s | synth 2220 cy/pump 31.84 Mcy/s 1326 cy/sample | tri 0 px 0 part 66 ch 0 | AHASH s=24000 45de1a0f
T t=1.9 bar=1 ph=1 overture | render ms 40.50/46.15/46.59 | fps 19.9 | hold 3 miss 20 late 20 | gap ms 50.20 | under 0 fill 465 | copy 2354 cy/line 33.75 Mcy/s | synth 2222 cy/pump 31.86 Mcy/s 1327 cy/sample | tri 0 px 0 part 66 ch 0 | AHASH s=48000 a2fc1ab4
T t=2.9 bar=1 ph=1 overture | render ms 40.49/40.53/40.67 | fps 19.9 | hold 3 miss 20 late 20 | gap ms 50.20 | under 0 fill 465 | copy 2358 cy/line 33.81 Mcy/s | synth 2221 cy/pump 31.86 Mcy/s 1327 cy/sample | tri 0 px 0 part 66 ch 0 | AHASH s=72000 27282b38
T t=3.9 bar=2 ph=1 overture | render ms 40.50/40.53/40.67 | fps 19.9 | hold 3 miss 20 late 20 | gap ms 50.20 | under 0 fill 465 | copy 2360 cy/line 33.85 Mcy/s | synth 2279 cy/pump 32.68 Mcy/s 1361 cy/sample | tri 0 px 0 part 67 ch 0 | AHASH s=96000 7defff26
T t=4.9 bar=2 ph=1 overture | render ms 40.49/40.54/40.68 | fps 19.9 | hold 3 miss 20 late 20 | gap ms 50.20 | under 0 fill 465 | copy 2373 cy/line 34.03 Mcy/s | synth 2516 cy/pump 36.08 Mcy/s 1503 cy/sample | tri 0 px 0 part 67 ch 0 | AHASH s=120000 586f7958
T t=5.9 bar=3 ph=1 overture | render ms 40.50/40.54/40.69 | fps 19.9 | hold 3 miss 20 late 20 | gap ms 50.20 | under 0 fill 465 | copy 2372 cy/line 34.02 Mcy/s | synth 2519 cy/pump 36.13 Mcy/s 1505 cy/sample | tri 0 px 0 part 68 ch 0 | AHASH s=144000 3f1c7235
T t=6.9 bar=3 ph=1 overture | render ms 40.48/40.53/40.65 | fps 19.9 | hold 3 miss 20 late 20 | gap ms 50.20 | under 0 fill 465 | copy 2372 cy/line 34.02 Mcy/s | synth 2518 cy/pump 36.12 Mcy/s 1505 cy/sample | tri 0 px 0 part 68 ch 0 | AHASH s=168000 9f2cdd11
T t=7.9 bar=4 ph=1 overture | render ms 40.49/40.53/40.66 | fps 19.9 | hold 3 miss 20 late 20 | gap ms 50.20 | under 0 fill 465 | copy 2367 cy/line 33.94 Mcy/s | synth 2682 cy/pump 38.46 Mcy/s 1602 cy/sample | tri 0 px 0 part 69 ch 0 | AHASH s=192000 cbe11e82
T t=8.9 bar=4 ph=1 overture | render ms 40.52/40.54/40.67 | fps 19.9 | hold 3 miss 20 late 20 | gap ms 50.20 | under 0 fill 465 | copy 2358 cy/line 33.82 Mcy/s | synth 2960 cy/pump 42.44 Mcy/s 1768 cy/sample | tri 0 px 0 part 69 ch 0 | AHASH s=216000 e3ba8e4b
T t=9.9 bar=5 ph=1 overture | render ms 40.51/40.68/40.90 | fps 19.9 | hold 3 miss 20 late 20 | gap ms 50.20 | under 0 fill 465 | copy 2358 cy/line 33.81 Mcy/s | synth 2960 cy/pump 42.45 Mcy/s 1769 cy/sample | tri 4 px 173 part 70 ch 0 | AHASH s=240000 67cd6e7a
T t=10.9 bar=5 ph=1 overture | render ms 40.85/40.89/41.00 | fps 19.9 | hold 3 miss 20 late 20 | gap ms 50.20 | under 0 fill 465 | copy 2357 cy/line 33.81 Mcy/s | synth 2963 cy/pump 42.49 Mcy/s 1770 cy/sample | tri 4 px 173 part 70 ch 0 | AHASH s=264000 893f3166
T t=11.9 bar=6 ph=1 overture | render ms 40.84/40.89/40.98 | fps 19.9 | hold 3 miss 20 late 20 | gap ms 50.20 | under 0 fill 465 | copy 2357 cy/line 33.81 Mcy/s | synth 2962 cy/pump 42.48 Mcy/s 1770 cy/sample | tri 4 px 173 part 71 ch 0 | AHASH s=288000 6e17375a
T t=13.0 bar=6 ph=1 overture | render ms 40.85/40.89/40.96 | fps 19.9 | hold 3 miss 20 late 20 | gap ms 50.20 | under 0 fill 465 | copy 2357 cy/line 33.81 Mcy/s | synth 2962 cy/pump 42.48 Mcy/s 1770 cy/sample | tri 4 px 173 part 71 ch 0 | AHASH s=312000 c2bd4215
T t=13.9 bar=7 ph=1 overture | render ms 40.86/43.94/69.88 | fps 18.6 | hold 5 miss 19 late 19 | gap ms 83.68 | under 0 fill 465 | copy 2357 cy/line 33.80 Mcy/s | synth 2961 cy/pump 42.46 Mcy/s 1769 cy/sample | tri 8 px 173 part 72 ch 0 | AHASH s=336000 1968032c
T t=14.9 bar=7 ph=1 overture | render ms 70.30/71.07/71.82 | fps 11.9 | hold 5 miss 12 late 12 | gap ms 83.68 | under 0 fill 465 | copy 2358 cy/line 33.81 Mcy/s | synth 2952 cy/pump 42.34 Mcy/s 1764 cy/sample | tri 8 px 7373 part 72 ch 0 | AHASH s=360000 e3a69d4c
PHRASE t=15.4 bar=8 ph=2 the plain | render ms 40.48/43.46/95.40 | fps 19.0 | hold 6 miss 296 late 296 | gap ms 100.41 | under 0 fill 465 | copy 2361 cy/line 33.85 Mcy/s | synth 2668 cy/pump 38.27 Mcy/s 1594 cy/sample | tri 74 px 11634 part 75 ch 1 | AHASH s=360000 e3a69d4c
T t=16.0 bar=8 ph=2 the plain | render ms 72.01/86.73/95.40 | fps 10.6 | hold 6 miss 11 late 11 | gap ms 100.41 | under 0 fill 465 | copy 2353 cy/line 33.75 Mcy/s | synth 2947 cy/pump 42.27 Mcy/s 1761 cy/sample | tri 74 px 8269 part 75 ch 1 | AHASH s=384000 d7159f11
T t=17.0 bar=8 ph=2 the plain | render ms 64.41/85.88/94.65 | fps 10.9 | hold 6 miss 11 late 11 | gap ms 100.41 | under 0 fill 465 | copy 2351 cy/line 33.72 Mcy/s | synth 2950 cy/pump 42.30 Mcy/s 1762 cy/sample | tri 70 px 2986 part 75 ch 1 | AHASH s=408000 61dc6c0f
T t=18.0 bar=9 ph=2 the plain | render ms 64.39/64.42/64.50 | fps 14.9 | hold 4 miss 15 late 15 | gap ms 66.94 | under 0 fill 465 | copy 2350 cy/line 33.71 Mcy/s | synth 2952 cy/pump 42.33 Mcy/s 1764 cy/sample | tri 70 px 3001 part 75 ch 1 | AHASH s=432000 2e15854e
T t=19.0 bar=9 ph=2 the plain | render ms 64.39/64.43/64.51 | fps 14.9 | hold 4 miss 15 late 15 | gap ms 66.94 | under 0 fill 465 | copy 2350 cy/line 33.71 Mcy/s | synth 2953 cy/pump 42.34 Mcy/s 1764 cy/sample | tri 70 px 2994 part 75 ch 1 | AHASH s=456000 0fee5aae
T t=20.0 bar=10 ph=2 the plain | render ms 64.39/64.42/64.52 | fps 14.9 | hold 4 miss 15 late 15 | gap ms 66.94 | under 0 fill 465 | copy 2350 cy/line 33.71 Mcy/s | synth 2953 cy/pump 42.35 Mcy/s 1764 cy/sample | tri 70 px 3004 part 75 ch 1 | AHASH s=480000 024f13e5
T t=21.0 bar=10 ph=2 the plain | render ms 64.39/64.42/64.51 | fps 14.9 | hold 4 miss 15 late 15 | gap ms 66.94 | under 0 fill 465 | copy 2350 cy/line 33.71 Mcy/s | synth 2953 cy/pump 42.35 Mcy/s 1764 cy/sample | tri 70 px 3005 part 75 ch 1 | AHASH s=504000 6bc4f7f9
T t=22.0 bar=11 ph=2 the plain | render ms 64.39/64.43/64.50 | fps 14.9 | hold 4 miss 15 late 15 | gap ms 66.94 | under 0 fill 465 | copy 2350 cy/line 33.71 Mcy/s | synth 2953 cy/pump 42.34 Mcy/s 1764 cy/sample | tri 70 px 3027 part 76 ch 1 | AHASH s=528000 6c7867f1
T t=23.0 bar=12 ph=2 the plain | render ms 64.41/64.44/64.51 | fps 14.9 | hold 4 miss 15 late 15 | gap ms 66.94 | under 0 fill 465 | copy 2350 cy/line 33.71 Mcy/s | synth 2953 cy/pump 42.36 Mcy/s 1765 cy/sample | tri 70 px 3031 part 77 ch 1 | AHASH s=552000 4c4ba436
T t=24.0 bar=12 ph=2 the plain | render ms 64.42/64.45/64.52 | fps 14.9 | hold 4 miss 15 late 15 | gap ms 66.94 | under 0 fill 465 | copy 2350 cy/line 33.71 Mcy/s | synth 2953 cy/pump 42.35 Mcy/s 1764 cy/sample | tri 70 px 3061 part 77 ch 1 | AHASH s=576000 dd9eff28
T t=25.0 bar=13 ph=2 the plain | render ms 64.35/64.44/64.53 | fps 14.9 | hold 4 miss 15 late 15 | gap ms 66.94 | under 0 fill 465 | copy 2350 cy/line 33.70 Mcy/s | synth 2953 cy/pump 42.35 Mcy/s 1764 cy/sample | tri 70 px 3040 part 77 ch 1 | AHASH s=600000 77d6e64d
T t=26.0 bar=13 ph=2 the plain | render ms 64.33/64.36/64.44 | fps 14.9 | hold 4 miss 15 late 15 | gap ms 66.94 | under 0 fill 465 | copy 2350 cy/line 33.71 Mcy/s | synth 2952 cy/pump 42.34 Mcy/s 1764 cy/sample | tri 70 px 3055 part 77 ch 1 | AHASH s=624000 5b6cb012
T t=27.0 bar=14 ph=2 the plain | render ms 64.31/64.36/64.45 | fps 14.9 | hold 4 miss 15 late 15 | gap ms 66.94 | under 0 fill 465 | copy 2350 cy/line 33.70 Mcy/s | synth 2951 cy/pump 42.32 Mcy/s 1763 cy/sample | tri 70 px 3081 part 78 ch 1 | AHASH s=648000 6b7bf1ef
T t=28.1 bar=14 ph=2 the plain | render ms 64.32/64.36/64.48 | fps 14.9 | hold 4 miss 15 late 15 | gap ms 66.94 | under 0 fill 465 | copy 2350 cy/line 33.71 Mcy/s | synth 2952 cy/pump 42.34 Mcy/s 1764 cy/sample | tri 70 px 3067 part 78 ch 1 | AHASH s=672000 ffe2d472
T t=29.1 bar=15 ph=2 the plain | render ms 64.33/64.36/64.45 | fps 14.9 | hold 4 miss 15 late 15 | gap ms 66.94 | under 0 fill 465 | copy 2350 cy/line 33.71 Mcy/s | synth 2952 cy/pump 42.33 Mcy/s 1763 cy/sample | tri 70 px 3076 part 79 ch 1 | AHASH s=696000 f6db67eb
T t=30.1 bar=15 ph=2 the plain | render ms 64.33/64.38/64.45 | fps 14.9 | hold 4 miss 15 late 15 | gap ms 66.94 | under 0 fill 465 | copy 2350 cy/line 33.71 Mcy/s | synth 2951 cy/pump 42.33 Mcy/s 1763 cy/sample | tri 70 px 3093 part 79 ch 1 | AHASH s=720000 f5803255
PHRASE t=30.7 bar=16 ph=3 the plain | render ms 64.31/66.30/95.37 | fps 14.4 | hold 6 miss 222 late 222 | gap ms 100.41 | under 0 fill 465 | copy 2350 cy/line 33.71 Mcy/s | synth 2952 cy/pump 42.33 Mcy/s 1764 cy/sample | tri 70 px 3132 part 82 ch 1 | AHASH s=720000 f5803255
T t=31.1 bar=16 ph=3 the plain | render ms 64.34/64.38/64.48 | fps 14.9 | hold 4 miss 15 late 15 | gap ms 66.94 | under 0 fill 465 | copy 2350 cy/line 33.71 Mcy/s | synth 2952 cy/pump 42.33 Mcy/s 1764 cy/sample | tri 70 px 3134 part 82 ch 1 | AHASH s=744000 81431960
T t=32.1 bar=16 ph=3 the plain | render ms 64.34/64.39/64.47 | fps 14.9 | hold 4 miss 15 late 15 | gap ms 66.94 | under 0 fill 465 | copy 2350 cy/line 33.71 Mcy/s | synth 2952 cy/pump 42.33 Mcy/s 1764 cy/sample | tri 70 px 3141 part 82 ch 1 | AHASH s=768000 2e36c2ff
T t=33.1 bar=17 ph=3 the plain | render ms 64.36/64.39/64.46 | fps 14.9 | hold 4 miss 15 late 15 | gap ms 66.94 | under 0 fill 465 | copy 2350 cy/line 33.70 Mcy/s | synth 2951 cy/pump 42.32 Mcy/s 1763 cy/sample | tri 70 px 3162 part 82 ch 1 | AHASH s=792000 db9f6da3
T t=34.1 bar=17 ph=3 the plain | render ms 64.35/64.40/64.51 | fps 14.9 | hold 4 miss 15 late 15 | gap ms 66.94 | under 0 fill 465 | copy 2350 cy/line 33.70 Mcy/s | synth 2953 cy/pump 42.35 Mcy/s 1764 cy/sample | tri 70 px 3178 part 82 ch 1 | AHASH s=816000 fe2692d6
T t=35.1 bar=18 ph=3 the plain | render ms 64.37/64.40/64.46 | fps 14.9 | hold 4 miss 15 late 15 | gap ms 66.94 | under 0 fill 465 | copy 2350 cy/line 33.71 Mcy/s | synth 2952 cy/pump 42.34 Mcy/s 1764 cy/sample | tri 70 px 3192 part 83 ch 1 | AHASH s=840000 c7922fc0
T t=36.1 bar=18 ph=3 the plain | render ms 64.39/64.42/64.51 | fps 14.9 | hold 4 miss 15 late 15 | gap ms 66.94 | under 0 fill 465 | copy 2350 cy/line 33.71 Mcy/s | synth 2954 cy/pump 42.37 Mcy/s 1765 cy/sample | tri 70 px 3195 part 83 ch 1 | AHASH s=864000 197a6d81
T t=37.1 bar=19 ph=3 the plain | render ms 64.39/64.42/64.49 | fps 14.9 | hold 4 miss 15 late 15 | gap ms 66.94 | under 0 fill 465 | copy 2350 cy/line 33.70 Mcy/s | synth 2952 cy/pump 42.33 Mcy/s 1763 cy/sample | tri 70 px 3209 part 84 ch 1 | AHASH s=888000 7489a231
T t=38.1 bar=19 ph=3 the plain | render ms 64.40/64.42/64.49 | fps 14.9 | hold 4 miss 15 late 15 | gap ms 66.94 | under 0 fill 465 | copy 2350 cy/line 33.70 Mcy/s | synth 2954 cy/pump 42.36 Mcy/s 1765 cy/sample | tri 70 px 3218 part 84 ch 1 | AHASH s=912000 f1caa5b0
T t=39.1 bar=20 ph=3 the plain | render ms 64.41/64.44/64.55 | fps 14.9 | hold 4 miss 15 late 15 | gap ms 66.94 | under 0 fill 465 | copy 2350 cy/line 33.71 Mcy/s | synth 2956 cy/pump 42.39 Mcy/s 1766 cy/sample | tri 70 px 3231 part 86 ch 1 | AHASH s=936000 6502a091
T t=40.1 bar=20 ph=3 the plain | render ms 64.39/64.44/64.52 | fps 14.9 | hold 4 miss 15 late 15 | gap ms 66.94 | under 0 fill 465 | copy 2350 cy/line 33.70 Mcy/s | synth 2952 cy/pump 42.33 Mcy/s 1763 cy/sample | tri 70 px 3237 part 86 ch 1 | AHASH s=960000 343dd2f7
T t=41.1 bar=21 ph=3 the plain | render ms 64.39/64.44/64.52 | fps 14.9 | hold 4 miss 15 late 15 | gap ms 66.94 | under 0 fill 465 | copy 2350 cy/line 33.70 Mcy/s | synth 2953 cy/pump 42.34 Mcy/s 1764 cy/sample | tri 70 px 3254 part 86 ch 1 | AHASH s=984000 1856fdf2
T t=42.1 bar=21 ph=3 the plain | render ms 64.41/64.44/64.51 | fps 14.9 | hold 4 miss 15 late 15 | gap ms 66.94 | under 0 fill 465 | copy 2350 cy/line 33.71 Mcy/s | synth 2954 cy/pump 42.36 Mcy/s 1765 cy/sample | tri 70 px 3252 part 86 ch 1 | AHASH s=1008000 a0412651
T t=43.1 bar=22 ph=3 the plain | render ms 64.41/64.44/64.50 | fps 14.9 | hold 4 miss 15 late 15 | gap ms 66.94 | under 0 fill 465 | copy 2350 cy/line 33.70 Mcy/s | synth 2952 cy/pump 42.33 Mcy/s 1763 cy/sample | tri 70 px 3260 part 87 ch 1 | AHASH s=1032000 aaebaad7
T t=44.1 bar=23 ph=3 the plain | render ms 64.41/64.44/64.51 | fps 14.9 | hold 4 miss 15 late 15 | gap ms 66.94 | under 0 fill 465 | copy 2350 cy/line 33.70 Mcy/s | synth 2953 cy/pump 42.35 Mcy/s 1764 cy/sample | tri 70 px 3250 part 89 ch 1 | AHASH s=1056000 b6aeddef
T t=45.1 bar=23 ph=3 the plain | render ms 64.43/79.17/94.34 | fps 11.9 | hold 6 miss 12 late 12 | gap ms 100.41 | under 0 fill 465 | copy 2351 cy/line 33.71 Mcy/s | synth 2949 cy/pump 42.29 Mcy/s 1762 cy/sample | tri 74 px 6139 part 89 ch 1 | AHASH s=1080000 3c3b7676
PHRASE t=46.1 bar=24 ph=4 the hand | render ms 64.34/66.47/95.51 | fps 14.4 | hold 6 miss 222 late 222 | gap ms 100.41 | under 0 fill 465 | copy 2350 cy/line 33.71 Mcy/s | synth 2952 cy/pump 42.34 Mcy/s 1764 cy/sample | tri 346 px 52337 part 94 ch 2 | AHASH s=1104000 159985cb
T t=46.2 bar=24 ph=4 the hand | render ms 66.72/89.95/95.51 | fps 10.4 | hold 6 miss 11 late 11 | gap ms 100.41 | under 0 fill 465 | copy 2351 cy/line 33.72 Mcy/s | synth 2951 cy/pump 42.31 Mcy/s 1763 cy/sample | tri 346 px 52351 part 94 ch 2 | AHASH s=1104000 159985cb
T t=47.2 bar=24 ph=4 the hand | render ms 65.16/65.96/66.74 | fps 14.6 | hold 5 miss 15 late 15 | gap ms 83.68 | under 0 fill 465 | copy 2352 cy/line 33.73 Mcy/s | synth 2968 cy/pump 42.57 Mcy/s 1773 cy/sample | tri 346 px 44736 part 94 ch 2 | AHASH s=1128000 a507af95
T t=48.2 bar=25 ph=4 the hand | render ms 35.77/41.93/65.07 | fps 18.6 | hold 4 miss 19 late 19 | gap ms 66.94 | under 0 fill 465 | copy 2363 cy/line 33.89 Mcy/s | synth 2983 cy/pump 42.78 Mcy/s 1782 cy/sample | tri 342 px 43868 part 94 ch 2 | AHASH s=1152000 fea4f11a
T t=49.2 bar=25 ph=4 the hand | render ms 35.80/35.84/35.92 | fps 19.9 | hold 3 miss 20 late 20 | gap ms 50.20 | under 0 fill 465 | copy 2367 cy/line 33.95 Mcy/s | synth 2989 cy/pump 42.86 Mcy/s 1786 cy/sample | tri 342 px 44015 part 94 ch 2 | AHASH s=1176000 ac690a5a
T t=50.2 bar=26 ph=4 the hand | render ms 35.83/35.88/35.93 | fps 19.9 | hold 3 miss 20 late 20 | gap ms 50.20 | under 0 fill 465 | copy 2367 cy/line 33.95 Mcy/s | synth 2988 cy/pump 42.84 Mcy/s 1785 cy/sample | tri 342 px 44233 part 94 ch 2 | AHASH s=1200000 f873dd08
T t=51.2 bar=26 ph=4 the hand | render ms 35.86/35.91/36.03 | fps 19.9 | hold 3 miss 20 late 20 | gap ms 50.20 | under 0 fill 465 | copy 2367 cy/line 33.95 Mcy/s | synth 2987 cy/pump 42.84 Mcy/s 1785 cy/sample | tri 342 px 44120 part 94 ch 2 | AHASH s=1224000 c3b4bb76
T t=52.3 bar=27 ph=4 the hand | render ms 35.89/35.98/36.06 | fps 19.9 | hold 3 miss 20 late 20 | gap ms 50.20 | under 0 fill 465 | copy 2367 cy/line 33.95 Mcy/s | synth 2987 cy/pump 42.83 Mcy/s 1784 cy/sample | tri 342 px 44655 part 94 ch 2 | AHASH s=1248000 05745f6b
T t=53.3 bar=27 ph=4 the hand | render ms 36.01/36.06/36.13 | fps 19.9 | hold 3 miss 20 late 20 | gap ms 50.20 | under 0 fill 465 | copy 2367 cy/line 33.95 Mcy/s | synth 2985 cy/pump 42.80 Mcy/s 1783 cy/sample | tri 342 px 44922 part 94 ch 2 | AHASH s=1272000 a13b2140
T t=54.3 bar=28 ph=4 the hand | render ms 36.06/36.15/36.22 | fps 19.9 | hold 3 miss 20 late 20 | gap ms 50.20 | under 0 fill 465 | copy 2367 cy/line 33.94 Mcy/s | synth 2985 cy/pump 42.81 Mcy/s 1783 cy/sample | tri 342 px 45319 part 95 ch 2 | AHASH s=1296000 78105b3c
T t=55.3 bar=28 ph=4 the hand | render ms 36.17/36.25/36.32 | fps 19.9 | hold 3 miss 20 late 20 | gap ms 50.20 | under 0 fill 465 | copy 2367 cy/line 33.94 Mcy/s | synth 2985 cy/pump 42.81 Mcy/s 1784 cy/sample | tri 342 px 45665 part 95 ch 2 | AHASH s=1320000 afedece0
T t=56.3 bar=29 ph=4 the hand | render ms 36.24/36.31/36.39 | fps 19.9 | hold 3 miss 20 late 20 | gap ms 50.20 | under 0 fill 465 | copy 2367 cy/line 33.94 Mcy/s | synth 2987 cy/pump 42.83 Mcy/s 1784 cy/sample | tri 342 px 46144 part 95 ch 2 | AHASH s=1344000 5b477c1e
T t=57.3 bar=29 ph=4 the hand | render ms 36.32/36.38/36.45 | fps 19.9 | hold 3 miss 20 late 20 | gap ms 50.20 | under 0 fill 465 | copy 2366 cy/line 33.94 Mcy/s | synth 2986 cy/pump 42.82 Mcy/s 1784 cy/sample | tri 342 px 46506 part 95 ch 2 | AHASH s=1368000 812c4246
T t=58.3 bar=30 ph=4 the hand | render ms 36.43/36.48/36.53 | fps 19.9 | hold 3 miss 20 late 20 | gap ms 50.20 | under 0 fill 465 | copy 2366 cy/line 33.93 Mcy/s | synth 2987 cy/pump 42.84 Mcy/s 1785 cy/sample | tri 342 px 46812 part 96 ch 2 | AHASH s=1392000 bd966cf3
T t=59.3 bar=30 ph=4 the hand | render ms 36.42/36.51/36.59 | fps 19.9 | hold 3 miss 20 late 20 | gap ms 50.20 | under 0 fill 465 | copy 2366 cy/line 33.93 Mcy/s | synth 2984 cy/pump 42.80 Mcy/s 1783 cy/sample | tri 342 px 47230 part 96 ch 2 | AHASH s=1416000 6495f6fb
T t=60.3 bar=31 ph=4 the hand | render ms 36.57/36.61/36.69 | fps 19.9 | hold 3 miss 20 late 20 | gap ms 50.20 | under 0 fill 465 | copy 2366 cy/line 33.93 Mcy/s | synth 2984 cy/pump 42.79 Mcy/s 1783 cy/sample | tri 342 px 47367 part 98 ch 2 | AHASH s=1440000 3f5f9a21
T t=61.3 bar=31 ph=4 the hand | render ms 36.61/36.65/36.72 | fps 19.9 | hold 3 miss 20 late 20 | gap ms 50.20 | under 0 fill 465 | copy 2366 cy/line 33.93 Mcy/s | synth 2984 cy/pump 42.80 Mcy/s 1783 cy/sample | tri 342 px 47542 part 98 ch 2 | AHASH s=1464000 444d7d03
PHRASE t=61.4 bar=32 ph=5 the hand | render ms 35.77/38.20/66.81 | fps 19.4 | hold 5 miss 298 late 298 | gap ms 83.68 | under 0 fill 465 | copy 2365 cy/line 33.92 Mcy/s | synth 2984 cy/pump 42.80 Mcy/s 1783 cy/sample | tri 342 px 47643 part 104 ch 2 | AHASH s=1464000 444d7d03
T t=62.3 bar=32 ph=5 the hand | render ms 36.66/36.75/36.81 | fps 19.9 | hold 3 miss 20 late 20 | gap ms 50.20 | under 0 fill 465 | copy 2366 cy/line 33.92 Mcy/s | synth 2987 cy/pump 42.84 Mcy/s 1785 cy/sample | tri 342 px 47728 part 104 ch 2 | AHASH s=1488000 941943d6
T t=63.3 bar=32 ph=5 the hand | render ms 36.74/36.83/36.88 | fps 19.9 | hold 3 miss 20 late 20 | gap ms 50.20 | under 0 fill 465 | copy 2366 cy/line 33.93 Mcy/s | synth 2986 cy/pump 42.83 Mcy/s 1784 cy/sample | tri 342 px 48242 part 104 ch 2 | AHASH s=1512000 8a2532e6
T t=64.3 bar=33 ph=5 the hand | render ms 36.84/36.88/36.93 | fps 19.9 | hold 3 miss 20 late 20 | gap ms 50.20 | under 0 fill 465 | copy 2366 cy/line 33.93 Mcy/s | synth 2986 cy/pump 42.83 Mcy/s 1784 cy/sample | tri 342 px 48218 part 104 ch 2 | AHASH s=1536000 106f9ee9
T t=65.3 bar=34 ph=5 the hand | render ms 36.84/36.93/36.99 | fps 19.9 | hold 3 miss 20 late 20 | gap ms 50.20 | under 0 fill 465 | copy 2365 cy/line 33.92 Mcy/s | synth 2984 cy/pump 42.79 Mcy/s 1783 cy/sample | tri 340 px 48563 part 104 ch 2 | AHASH s=1560000 6056688e
T t=66.3 bar=34 ph=5 the hand | render ms 36.96/37.01/37.08 | fps 19.9 | hold 3 miss 20 late 20 | gap ms 50.20 | under 0 fill 465 | copy 2365 cy/line 33.92 Mcy/s | synth 2987 cy/pump 42.84 Mcy/s 1785 cy/sample | tri 340 px 48986 part 104 ch 2 | AHASH s=1584000 ff52ffe2
T t=67.3 bar=35 ph=5 the hand | render ms 37.04/37.08/37.18 | fps 19.9 | hold 3 miss 20 late 20 | gap ms 50.20 | under 0 fill 465 | copy 2365 cy/line 33.92 Mcy/s | synth 2985 cy/pump 42.81 Mcy/s 1784 cy/sample | tri 340 px 48926 part 104 ch 2 | AHASH s=1608000 83f990b5
T t=68.3 bar=35 ph=5 the hand | render ms 37.07/37.18/37.24 | fps 19.9 | hold 3 miss 20 late 20 | gap ms 50.20 | under 0 fill 465 | copy 2365 cy/line 33.92 Mcy/s | synth 2990 cy/pump 42.88 Mcy/s 1786 cy/sample | tri 340 px 49654 part 104 ch 2 | AHASH s=1632000 1317fced
T t=69.3 bar=36 ph=5 the hand | render ms 37.19/37.26/37.38 | fps 19.9 | hold 3 miss 20 late 20 | gap ms 50.20 | under 0 fill 465 | copy 2365 cy/line 33.92 Mcy/s | synth 2986 cy/pump 42.83 Mcy/s 1784 cy/sample | tri 340 px 50252 part 105 ch 2 | AHASH s=1656000 3cb02279
T t=70.3 bar=36 ph=5 the hand | render ms 37.30/37.37/37.48 | fps 19.9 | hold 3 miss 20 late 20 | gap ms 50.20 | under 0 fill 465 | copy 2365 cy/line 33.91 Mcy/s | synth 2986 cy/pump 42.82 Mcy/s 1784 cy/sample | tri 340 px 50507 part 105 ch 2 | AHASH s=1680000 80101a1c
T t=71.3 bar=37 ph=5 the hand | render ms 37.40/37.45/37.51 | fps 19.9 | hold 3 miss 20 late 20 | gap ms 50.20 | under 0 fill 465 | copy 2365 cy/line 33.91 Mcy/s | synth 2984 cy/pump 42.80 Mcy/s 1783 cy/sample | tri 340 px 51024 part 105 ch 2 | AHASH s=1704000 3b94f7bc
T t=72.3 bar=37 ph=5 the hand | render ms 37.54/37.59/37.64 | fps 19.9 | hold 3 miss 20 late 20 | gap ms 50.20 | under 0 fill 465 | copy 2364 cy/line 33.91 Mcy/s | synth 2986 cy/pump 42.83 Mcy/s 1784 cy/sample | tri 340 px 51043 part 105 ch 2 | AHASH s=1728000 4db2e8f2
T t=73.3 bar=38 ph=5 the hand | render ms 37.56/37.61/37.67 | fps 19.9 | hold 3 miss 20 late 20 | gap ms 50.20 | under 0 fill 465 | copy 2364 cy/line 33.91 Mcy/s | synth 2986 cy/pump 42.83 Mcy/s 1784 cy/sample | tri 340 px 51163 part 106 ch 2 | AHASH s=1752000 d6d05b06
T t=74.3 bar=38 ph=5 the hand | render ms 37.53/37.59/37.70 | fps 19.9 | hold 3 miss 20 late 20 | gap ms 50.20 | under 0 fill 465 | copy 2364 cy/line 33.91 Mcy/s | synth 2985 cy/pump 42.81 Mcy/s 1783 cy/sample | tri 340 px 51257 part 106 ch 2 | AHASH s=1776000 22959014
T t=75.4 bar=39 ph=5 the hand | render ms 37.54/40.49/66.50 | fps 19.2 | hold 4 miss 20 late 20 | gap ms 66.94 | under 0 fill 465 | copy 2362 cy/line 33.88 Mcy/s | synth 2982 cy/pump 42.77 Mcy/s 1782 cy/sample | tri 344 px 51198 part 107 ch 2 | AHASH s=1800000 1f021550
T t=76.4 bar=39 ph=5 the hand | render ms 66.86/67.65/68.45 | fps 12.1 | hold 5 miss 13 late 13 | gap ms 83.68 | under 0 fill 465 | copy 2361 cy/line 33.86 Mcy/s | synth 2966 cy/pump 42.54 Mcy/s 1772 cy/sample | tri 344 px 58976 part 107 ch 2 | AHASH s=1824000 f424dace
PHRASE t=76.8 bar=40 ph=6 the heart | render ms 36.72/39.22/74.13 | fps 19.1 | hold 5 miss 294 late 294 | gap ms 83.68 | under 0 fill 465 | copy 2364 cy/line 33.91 Mcy/s | synth 2984 cy/pump 42.79 Mcy/s 1783 cy/sample | tri 146 px 39878 part 108 ch 3 | AHASH s=1824000 f424dace
T t=77.4 bar=40 ph=6 the heart | render ms 68.56/72.56/74.20 | fps 11.9 | hold 5 miss 12 late 12 | gap ms 83.68 | under 0 fill 465 | copy 2356 cy/line 33.79 Mcy/s | synth 2958 cy/pump 42.42 Mcy/s 1767 cy/sample | tri 146 px 35984 part 108 ch 3 | AHASH s=1848000 1f7fa627
T t=78.5 bar=40 ph=6 the heart | render ms 43.15/62.17/73.37 | fps 13.9 | hold 5 miss 14 late 14 | gap ms 83.68 | under 0 fill 465 | copy 2356 cy/line 33.79 Mcy/s | synth 2960 cy/pump 42.45 Mcy/s 1768 cy/sample | tri 142 px 31216 part 108 ch 3 | AHASH s=1872000 e386ffeb
T t=79.5 bar=41 ph=6 the heart | render ms 43.12/43.17/43.27 | fps 19.9 | hold 3 miss 20 late 20 | gap ms 50.20 | under 0 fill 465 | copy 2356 cy/line 33.79 Mcy/s | synth 2969 cy/pump 42.58 Mcy/s 1774 cy/sample | tri 142 px 31243 part 108 ch 3 | AHASH s=1896000 7ee13529
T t=80.5 bar=41 ph=6 the heart | render ms 43.16/43.20/43.28 | fps 19.9 | hold 3 miss 20 late 20 | gap ms 50.20 | under 0 fill 465 | copy 2356 cy/line 33.79 Mcy/s | synth 2969 cy/pump 42.58 Mcy/s 1774 cy/sample | tri 144 px 31284 part 108 ch 3 | AHASH s=1920000 1cc1e0a1
T t=81.5 bar=42 ph=6 the heart | render ms 43.17/43.23/43.27 | fps 19.9 | hold 3 miss 20 late 20 | gap ms 50.20 | under 0 fill 465 | copy 2356 cy/line 33.79 Mcy/s | synth 2968 cy/pump 42.56 Mcy/s 1773 cy/sample | tri 146 px 31351 part 108 ch 3 | AHASH s=1944000 1ffa4469
T t=82.5 bar=42 ph=6 the heart | render ms 43.23/43.26/43.34 | fps 19.9 | hold 3 miss 20 late 20 | gap ms 50.20 | under 0 fill 465 | copy 2356 cy/line 33.79 Mcy/s | synth 2970 cy/pump 42.60 Mcy/s 1775 cy/sample | tri 148 px 31414 part 108 ch 3 | AHASH s=1968000 a182c235
T t=83.5 bar=43 ph=6 the heart | render ms 43.25/43.28/43.35 | fps 19.9 | hold 3 miss 20 late 20 | gap ms 50.20 | under 0 fill 465 | copy 2356 cy/line 33.79 Mcy/s | synth 2968 cy/pump 42.57 Mcy/s 1773 cy/sample | tri 146 px 31423 part 108 ch 3 | AHASH s=1992000 5027bfaf
T t=84.5 bar=44 ph=6 the heart | render ms 43.22/43.29/43.40 | fps 19.9 | hold 3 miss 20 late 20 | gap ms 50.20 | under 0 fill 465 | copy 2356 cy/line 33.79 Mcy/s | synth 2970 cy/pump 42.60 Mcy/s 1775 cy/sample | tri 148 px 31656 part 109 ch 3 | AHASH s=2016000 7a85e49a
T t=85.5 bar=44 ph=6 the heart | render ms 43.30/43.34/43.39 | fps 19.9 | hold 3 miss 20 late 20 | gap ms 50.20 | under 0 fill 465 | copy 2356 cy/line 33.79 Mcy/s | synth 2971 cy/pump 42.60 Mcy/s 1775 cy/sample | tri 146 px 31901 part 109 ch 3 | AHASH s=2040000 ff39b825
T t=86.5 bar=45 ph=6 the heart | render ms 43.26/43.37/43.45 | fps 19.9 | hold 3 miss 20 late 20 | gap ms 50.20 | under 0 fill 465 | copy 2356 cy/line 33.79 Mcy/s | synth 2969 cy/pump 42.58 Mcy/s 1774 cy/sample | tri 146 px 31869 part 109 ch 3 | AHASH s=2064000 d6b81d94
T t=87.5 bar=45 ph=6 the heart | render ms 43.22/43.25/43.36 | fps 19.9 | hold 3 miss 20 late 20 | gap ms 50.20 | under 0 fill 465 | copy 2356 cy/line 33.79 Mcy/s | synth 2970 cy/pump 42.59 Mcy/s 1774 cy/sample | tri 146 px 31821 part 109 ch 3 | AHASH s=2088000 12be213a
T t=88.5 bar=46 ph=6 the heart | render ms 43.17/43.22/43.31 | fps 19.9 | hold 3 miss 20 late 20 | gap ms 50.20 | under 0 fill 465 | copy 2356 cy/line 33.79 Mcy/s | synth 2969 cy/pump 42.58 Mcy/s 1774 cy/sample | tri 142 px 31796 part 110 ch 3 | AHASH s=2112000 97f87b86
T t=89.5 bar=46 ph=6 the heart | render ms 43.15/43.21/43.32 | fps 19.9 | hold 3 miss 20 late 20 | gap ms 50.20 | under 0 fill 465 | copy 2356 cy/line 33.79 Mcy/s | synth 2969 cy/pump 42.57 Mcy/s 1774 cy/sample | tri 144 px 31765 part 110 ch 3 | AHASH s=2136000 8830535a
T t=90.5 bar=47 ph=6 the heart | render ms 43.19/43.23/43.29 | fps 19.9 | hold 3 miss 20 late 20 | gap ms 50.20 | under 0 fill 465 | copy 2356 cy/line 33.79 Mcy/s | synth 2971 cy/pump 42.61 Mcy/s 1775 cy/sample | tri 144 px 32220 part 110 ch 3 | AHASH s=2160000 fc2b037f
T t=91.5 bar=47 ph=6 the heart | render ms 43.19/43.25/43.31 | fps 19.9 | hold 3 miss 20 late 20 | gap ms 50.20 | under 0 fill 465 | copy 2356 cy/line 33.79 Mcy/s | synth 2969 cy/pump 42.58 Mcy/s 1774 cy/sample | tri 142 px 31969 part 110 ch 3 | AHASH s=2184000 1bc4b39c
PHRASE t=92.1 bar=48 ph=7 the heart | render ms 43.12/44.99/74.20 | fps 19.1 | hold 5 miss 294 late 294 | gap ms 83.68 | under 0 fill 465 | copy 2356 cy/line 33.79 Mcy/s | synth 2968 cy/pump 42.57 Mcy/s 1773 cy/sample | tri 142 px 31991 part 111 ch 3 | AHASH s=2208000 5dfce50c
T t=92.5 bar=48 ph=7 the heart | render ms 43.19/43.23/43.29 | fps 19.9 | hold 3 miss 20 late 20 | gap ms 50.20 | under 0 fill 465 | copy 2356 cy/line 33.79 Mcy/s | synth 2970 cy/pump 42.59 Mcy/s 1774 cy/sample | tri 144 px 31989 part 111 ch 3 | AHASH s=2208000 5dfce50c
T t=93.5 bar=48 ph=7 the heart | render ms 43.20/43.25/43.35 | fps 19.9 | hold 3 miss 20 late 20 | gap ms 50.20 | under 0 fill 465 | copy 2356 cy/line 33.79 Mcy/s | synth 2971 cy/pump 42.61 Mcy/s 1775 cy/sample | tri 144 px 32008 part 111 ch 3 | AHASH s=2232000 15641653
T t=94.5 bar=49 ph=7 the heart | render ms 43.20/43.25/43.32 | fps 19.9 | hold 3 miss 20 late 20 | gap ms 50.20 | under 0 fill 465 | copy 2356 cy/line 33.79 Mcy/s | synth 2970 cy/pump 42.59 Mcy/s 1774 cy/sample | tri 142 px 32052 part 111 ch 3 | AHASH s=2256000 6c2c8fe6
T t=95.5 bar=49 ph=7 the heart | render ms 43.31/43.37/43.45 | fps 19.9 | hold 3 miss 20 late 20 | gap ms 50.20 | under 0 fill 465 | copy 2356 cy/line 33.79 Mcy/s | synth 2975 cy/pump 42.66 Mcy/s 1777 cy/sample | tri 144 px 32593 part 111 ch 3 | AHASH s=2280000 77459282
T t=96.5 bar=50 ph=7 the heart | render ms 43.37/43.42/43.48 | fps 19.9 | hold 3 miss 20 late 20 | gap ms 50.20 | under 0 fill 465 | copy 2356 cy/line 33.79 Mcy/s | synth 2975 cy/pump 42.66 Mcy/s 1777 cy/sample | tri 148 px 32622 part 111 ch 3 | AHASH s=2304000 57ad9b3d
T t=97.5 bar=50 ph=7 the heart | render ms 43.42/43.46/43.52 | fps 19.9 | hold 3 miss 20 late 20 | gap ms 50.20 | under 0 fill 465 | copy 2356 cy/line 33.79 Mcy/s | synth 2978 cy/pump 42.71 Mcy/s 1779 cy/sample | tri 148 px 32738 part 111 ch 3 | AHASH s=2328000 46324a32
T t=98.5 bar=51 ph=7 the heart | render ms 43.45/43.48/43.55 | fps 19.9 | hold 3 miss 20 late 20 | gap ms 50.20 | under 0 fill 465 | copy 2356 cy/line 33.78 Mcy/s | synth 2977 cy/pump 42.69 Mcy/s 1778 cy/sample | tri 146 px 32731 part 111 ch 3 | AHASH s=2352000 f1166fe6
T t=99.5 bar=51 ph=7 the heart | render ms 43.44/43.48/43.55 | fps 19.9 | hold 3 miss 20 late 20 | gap ms 50.20 | under 0 fill 465 | copy 2356 cy/line 33.78 Mcy/s | synth 2977 cy/pump 42.69 Mcy/s 1779 cy/sample | tri 148 px 32762 part 111 ch 3 | AHASH s=2376000 3f3f2310
T t=100.6 bar=52 ph=7 the heart | render ms 43.46/43.56/43.61 | fps 19.9 | hold 3 miss 20 late 20 | gap ms 50.20 | under 0 fill 465 | copy 2356 cy/line 33.78 Mcy/s | synth 2974 cy/pump 42.65 Mcy/s 1777 cy/sample | tri 148 px 33250 part 111 ch 3 | AHASH s=2400000 ae191035
T t=101.6 bar=52 ph=7 the heart | render ms 43.55/43.60/43.71 | fps 19.9 | hold 3 miss 20 late 20 | gap ms 50.20 | under 0 fill 465 | copy 2356 cy/line 33.79 Mcy/s | synth 2975 cy/pump 42.66 Mcy/s 1777 cy/sample | tri 146 px 33254 part 111 ch 3 | AHASH s=2424000 c9629b28
T t=102.6 bar=53 ph=7 the heart | render ms 43.54/43.58/43.68 | fps 19.9 | hold 3 miss 20 late 20 | gap ms 50.20 | under 0 fill 465 | copy 2356 cy/line 33.79 Mcy/s | synth 2973 cy/pump 42.63 Mcy/s 1776 cy/sample | tri 146 px 33241 part 111 ch 3 | AHASH s=2448000 0c461bf6
T t=103.6 bar=53 ph=7 the heart | render ms 43.53/43.58/43.71 | fps 19.9 | hold 3 miss 20 late 20 | gap ms 50.20 | under 0 fill 465 | copy 2356 cy/line 33.79 Mcy/s | synth 2973 cy/pump 42.64 Mcy/s 1776 cy/sample | tri 142 px 33237 part 111 ch 3 | AHASH s=2472000 417189a2
T t=104.6 bar=54 ph=7 the heart | render ms 43.51/43.55/43.65 | fps 19.9 | hold 3 miss 20 late 20 | gap ms 50.20 | under 0 fill 465 | copy 2356 cy/line 33.79 Mcy/s | synth 2972 cy/pump 42.63 Mcy/s 1776 cy/sample | tri 142 px 33262 part 112 ch 3 | AHASH s=2496000 601664cb
T t=105.6 bar=55 ph=7 the heart | render ms 43.49/43.53/43.63 | fps 19.9 | hold 3 miss 20 late 20 | gap ms 50.20 | under 0 fill 465 | copy 2356 cy/line 33.79 Mcy/s | synth 2975 cy/pump 42.66 Mcy/s 1777 cy/sample | tri 142 px 33246 part 113 ch 3 | AHASH s=2520000 cf98d3ed
T t=106.6 bar=55 ph=7 the heart | render ms 43.49/59.20/73.43 | fps 14.6 | hold 5 miss 15 late 15 | gap ms 83.68 | under 0 fill 465 | copy 2356 cy/line 33.78 Mcy/s | synth 2963 cy/pump 42.49 Mcy/s 1770 cy/sample | tri 148 px 36088 part 113 ch 3 | AHASH s=2544000 e435c086
PHRASE t=107.5 bar=56 ph=8 the eye | render ms 43.20/45.41/74.56 | fps 19.0 | hold 5 miss 294 late 294 | gap ms 83.68 | under 0 fill 465 | copy 2356 cy/line 33.79 Mcy/s | synth 2972 cy/pump 42.63 Mcy/s 1776 cy/sample | tri 186 px 50466 part 78 ch 4 | AHASH s=2568000 7e8bfa36
T t=107.6 bar=56 ph=8 the eye | render ms 73.55/74.05/74.56 | fps 11.9 | hold 5 miss 12 late 12 | gap ms 83.68 | under 0 fill 465 | copy 2355 cy/line 33.77 Mcy/s | synth 2958 cy/pump 42.43 Mcy/s 1768 cy/sample | tri 186 px 50466 part 78 ch 4 | AHASH s=2568000 7e8bfa36
T t=108.6 bar=56 ph=8 the eye | render ms 72.09/72.86/73.52 | fps 11.9 | hold 5 miss 12 late 12 | gap ms 83.68 | under 0 fill 465 | copy 2369 cy/line 33.97 Mcy/s | synth 2765 cy/pump 39.65 Mcy/s 1652 cy/sample | tri 186 px 43266 part 78 ch 4 | AHASH s=2592000 66b373d5
T t=109.6 bar=57 ph=8 the eye | render ms 42.56/49.08/72.04 | fps 17.3 | hold 5 miss 18 late 18 | gap ms 83.68 | under 0 fill 465 | copy 2376 cy/line 34.08 Mcy/s | synth 2661 cy/pump 38.16 Mcy/s 1590 cy/sample | tri 182 px 41826 part 78 ch 4 | AHASH s=2616000 c82a5663
T t=110.6 bar=57 ph=8 the eye | render ms 42.55/42.59/42.72 | fps 19.9 | hold 3 miss 20 late 20 | gap ms 50.20 | under 0 fill 465 | copy 2376 cy/line 34.07 Mcy/s | synth 2667 cy/pump 38.25 Mcy/s 1593 cy/sample | tri 182 px 41826 part 78 ch 4 | AHASH s=2640000 9f6ffe38
T t=111.6 bar=58 ph=8 the eye | render ms 42.54/42.58/42.67 | fps 19.9 | hold 3 miss 20 late 20 | gap ms 50.20 | under 0 fill 465 | copy 2376 cy/line 34.08 Mcy/s | synth 2665 cy/pump 38.22 Mcy/s 1592 cy/sample | tri 182 px 41826 part 78 ch 4 | AHASH s=2664000 670e852b
T t=112.7 bar=58 ph=8 the eye | render ms 42.57/42.60/42.69 | fps 19.9 | hold 3 miss 20 late 20 | gap ms 50.20 | under 0 fill 465 | copy 2376 cy/line 34.08 Mcy/s | synth 2667 cy/pump 38.24 Mcy/s 1593 cy/sample | tri 182 px 41826 part 78 ch 4 | AHASH s=2688000 c39148f0
T t=113.7 bar=59 ph=8 the eye | render ms 42.56/42.59/42.72 | fps 19.9 | hold 3 miss 20 late 20 | gap ms 50.20 | under 0 fill 465 | copy 2376 cy/line 34.08 Mcy/s | synth 2666 cy/pump 38.23 Mcy/s 1593 cy/sample | tri 182 px 41826 part 78 ch 4 | AHASH s=2712000 f53583f6
T t=114.7 bar=59 ph=8 the eye | render ms 42.57/42.60/42.70 | fps 19.9 | hold 3 miss 20 late 20 | gap ms 50.20 | under 0 fill 465 | copy 2376 cy/line 34.08 Mcy/s | synth 2664 cy/pump 38.20 Mcy/s 1591 cy/sample | tri 182 px 41826 part 78 ch 4 | AHASH s=2736000 500e0439
T t=115.7 bar=60 ph=8 the eye | render ms 42.55/42.59/42.68 | fps 19.9 | hold 3 miss 20 late 20 | gap ms 50.20 | under 0 fill 465 | copy 2376 cy/line 34.08 Mcy/s | synth 2668 cy/pump 38.26 Mcy/s 1594 cy/sample | tri 182 px 41826 part 79 ch 4 | AHASH s=2760000 92d069c7
T t=116.7 bar=60 ph=8 the eye | render ms 42.55/42.58/42.68 | fps 19.9 | hold 3 miss 20 late 20 | gap ms 50.20 | under 0 fill 465 | copy 2376 cy/line 34.08 Mcy/s | synth 2668 cy/pump 38.26 Mcy/s 1594 cy/sample | tri 182 px 41826 part 79 ch 4 | AHASH s=2784000 3672f781
T t=117.7 bar=61 ph=8 the eye | render ms 42.46/42.53/42.70 | fps 19.9 | hold 3 miss 20 late 20 | gap ms 50.20 | under 0 fill 465 | copy 2376 cy/line 34.08 Mcy/s | synth 2665 cy/pump 38.22 Mcy/s 1592 cy/sample | tri 182 px 41826 part 79 ch 4 | AHASH s=2808000 688c7659
T t=118.7 bar=61 ph=8 the eye | render ms 42.46/42.49/42.59 | fps 19.9 | hold 3 miss 20 late 20 | gap ms 50.20 | under 0 fill 465 | copy 2376 cy/line 34.08 Mcy/s | synth 2666 cy/pump 38.23 Mcy/s 1593 cy/sample | tri 182 px 41826 part 79 ch 4 | AHASH s=2832000 3e67fc45
T t=119.7 bar=62 ph=8 the eye | render ms 42.46/42.50/42.60 | fps 19.9 | hold 3 miss 20 late 20 | gap ms 50.20 | under 0 fill 465 | copy 2376 cy/line 34.08 Mcy/s | synth 2665 cy/pump 38.22 Mcy/s 1592 cy/sample | tri 182 px 41826 part 79 ch 4 | AHASH s=2856000 a1c508fe
T t=120.7 bar=62 ph=8 the eye | render ms 42.47/42.51/42.60 | fps 19.9 | hold 3 miss 20 late 20 | gap ms 50.20 | under 0 fill 465 | copy 2376 cy/line 34.07 Mcy/s | synth 2666 cy/pump 38.24 Mcy/s 1593 cy/sample | tri 182 px 41826 part 79 ch 4 | AHASH s=2880000 c01fbcf3
T t=121.7 bar=63 ph=8 the eye | render ms 42.48/42.51/42.61 | fps 19.9 | hold 3 miss 20 late 20 | gap ms 50.20 | under 0 fill 465 | copy 2376 cy/line 34.08 Mcy/s | synth 2665 cy/pump 38.22 Mcy/s 1592 cy/sample | tri 182 px 41826 part 80 ch 4 | AHASH s=2904000 bf7e4e19
T t=122.7 bar=63 ph=8 the eye | render ms 42.47/42.51/42.59 | fps 19.9 | hold 3 miss 20 late 20 | gap ms 50.20 | under 0 fill 465 | copy 2376 cy/line 34.08 Mcy/s | synth 2663 cy/pump 38.20 Mcy/s 1591 cy/sample | tri 182 px 41826 part 80 ch 4 | AHASH s=2928000 e129bcd7
PHRASE t=122.8 bar=64 ph=9 the eye | render ms 42.46/44.29/73.66 | fps 19.1 | hold 5 miss 294 late 294 | gap ms 83.68 | under 0 fill 465 | copy 2375 cy/line 34.07 Mcy/s | synth 2675 cy/pump 38.37 Mcy/s 1598 cy/sample | tri 182 px 41826 part 84 ch 4 | AHASH s=2928000 e129bcd7
T t=123.7 bar=64 ph=9 the eye | render ms 42.51/42.61/42.79 | fps 19.9 | hold 3 miss 20 late 20 | gap ms 50.20 | under 0 fill 465 | copy 2358 cy/line 33.82 Mcy/s | synth 2959 cy/pump 42.43 Mcy/s 1768 cy/sample | tri 182 px 43140 part 84 ch 4 | AHASH s=2952000 c84c1e21
T t=124.7 bar=64 ph=9 the eye | render ms 42.83/43.17/43.56 | fps 19.9 | hold 3 miss 20 late 20 | gap ms 50.20 | under 0 fill 465 | copy 2356 cy/line 33.79 Mcy/s | synth 2981 cy/pump 42.75 Mcy/s 1781 cy/sample | tri 182 px 47329 part 84 ch 4 | AHASH s=2976000 f3539544
T t=125.7 bar=65 ph=9 the eye | render ms 43.63/44.09/44.60 | fps 19.9 | hold 3 miss 20 late 20 | gap ms 50.20 | under 0 fill 465 | copy 2355 cy/line 33.78 Mcy/s | synth 2974 cy/pump 42.65 Mcy/s 1777 cy/sample | tri 182 px 52191 part 84 ch 4 | AHASH s=3000000 c4c7db5e
T t=126.7 bar=66 ph=9 the eye | render ms 44.81/45.22/45.61 | fps 19.9 | hold 3 miss 20 late 20 | gap ms 50.20 | under 0 fill 465 | copy 2354 cy/line 33.76 Mcy/s | synth 2972 cy/pump 42.63 Mcy/s 1776 cy/sample | tri 182 px 56367 part 85 ch 4 | AHASH s=3024000 689501b6
T t=127.7 bar=66 ph=9 the eye | render ms 45.65/45.85/46.02 | fps 19.9 | hold 3 miss 20 late 20 | gap ms 50.20 | under 0 fill 465 | copy 2354 cy/line 33.76 Mcy/s | synth 2973 cy/pump 42.63 Mcy/s 1776 cy/sample | tri 182 px 55302 part 85 ch 4 | AHASH s=3048000 54ddbfb4
T t=128.7 bar=67 ph=9 the eye | render ms 45.76/46.62/47.39 | fps 19.9 | hold 3 miss 20 late 20 | gap ms 50.20 | under 0 fill 465 | copy 2353 cy/line 33.75 Mcy/s | synth 2971 cy/pump 42.60 Mcy/s 1775 cy/sample | tri 182 px 58216 part 85 ch 4 | AHASH s=3072000 ff2af1eb
T t=129.7 bar=67 ph=9 the eye | render ms 47.06/47.19/47.37 | fps 19.9 | hold 3 miss 20 late 20 | gap ms 50.20 | under 0 fill 465 | copy 2353 cy/line 33.74 Mcy/s | synth 2967 cy/pump 42.55 Mcy/s 1773 cy/sample | tri 182 px 48704 part 85 ch 4 | AHASH s=3096000 bcfb55d3
T t=130.7 bar=68 ph=9 the eye | render ms 47.23/48.77/49.68 | fps 19.9 | hold 3 miss 20 late 20 | gap ms 50.20 | under 0 fill 465 | copy 2351 cy/line 33.72 Mcy/s | synth 2963 cy/pump 42.50 Mcy/s 1770 cy/sample | tri 182 px 9748 part 87 ch 4 | AHASH s=3120000 55e3adeb
T t=131.7 bar=68 ph=9 the eye | render ms 45.76/48.49/49.88 | fps 19.9 | hold 3 miss 20 late 20 | gap ms 50.20 | under 0 fill 465 | copy 2351 cy/line 33.71 Mcy/s | synth 2960 cy/pump 42.45 Mcy/s 1768 cy/sample | tri 182 px 10920 part 87 ch 4 | AHASH s=3144000 776b4edd
T t=132.7 bar=69 ph=9 the eye | render ms 46.16/46.70/47.49 | fps 19.9 | hold 3 miss 20 late 20 | gap ms 50.20 | under 0 fill 465 | copy 2352 cy/line 33.74 Mcy/s | synth 2965 cy/pump 42.52 Mcy/s 1771 cy/sample | tri 182 px 17600 part 88 ch 4 | AHASH s=3168000 37750be0
T t=133.8 bar=69 ph=9 the eye | render ms 47.69/48.83/50.48 | fps 19.2 | hold 4 miss 20 late 20 | gap ms 66.94 | under 0 fill 465 | copy 2352 cy/line 33.74 Mcy/s | synth 2965 cy/pump 42.52 Mcy/s 1771 cy/sample | tri 182 px 32024 part 88 ch 4 | AHASH s=3192000 13b36c2c
T t=134.8 bar=70 ph=9 the eye | render ms 50.94/52.60/53.66 | fps 14.9 | hold 4 miss 15 late 15 | gap ms 66.94 | under 0 fill 465 | copy 2362 cy/line 33.87 Mcy/s | synth 2960 cy/pump 42.44 Mcy/s 1768 cy/sample | tri 182 px 47152 part 90 ch 4 | AHASH s=3216000 734b9e99
T t=135.8 bar=70 ph=9 the eye | render ms 46.78/49.18/53.27 | fps 17.9 | hold 4 miss 18 late 18 | gap ms 66.94 | under 0 fill 465 | copy 2356 cy/line 33.78 Mcy/s | synth 2963 cy/pump 42.50 Mcy/s 1770 cy/sample | tri 182 px 14404 part 90 ch 4 | AHASH s=3240000 c8e54c97
T t=136.8 bar=71 ph=9 the eye | render ms 46.96/50.22/76.73 | fps 18.6 | hold 5 miss 20 late 20 | gap ms 83.68 | under 0 fill 465 | copy 2352 cy/line 33.73 Mcy/s | synth 2960 cy/pump 42.46 Mcy/s 1769 cy/sample | tri 186 px 18648 part 94 ch 4 | AHASH s=3264000 477858f9
T t=137.8 bar=71 ph=9 the eye | render ms 77.25/78.09/78.94 | fps 11.9 | hold 5 miss 12 late 12 | gap ms 83.68 | under 0 fill 465 | copy 2352 cy/line 33.73 Mcy/s | synth 2954 cy/pump 42.36 Mcy/s 1765 cy/sample | tri 186 px 28504 part 94 ch 4 | AHASH s=3288000 b36904b5
PHRASE t=138.2 bar=72 ph=10 the load | render ms 42.52/48.88/79.31 | fps 18.5 | hold 5 miss 287 late 287 | gap ms 83.68 | under 0 fill 465 | copy 2354 cy/line 33.76 Mcy/s | synth 2967 cy/pump 42.55 Mcy/s 1773 cy/sample | tri 174 px 26076 part 126 ch 5 | AHASH s=3312000 4417a264
T t=138.8 bar=72 ph=10 the load | render ms 72.06/74.71/79.31 | fps 11.9 | hold 5 miss 12 late 12 | gap ms 83.68 | under 0 fill 465 | copy 2355 cy/line 33.78 Mcy/s | synth 2958 cy/pump 42.42 Mcy/s 1767 cy/sample | tri 174 px 22688 part 126 ch 5 | AHASH s=3312000 4417a264
T t=139.9 bar=72 ph=10 the load | render ms 41.73/62.88/72.07 | fps 13.4 | hold 5 miss 14 late 14 | gap ms 83.68 | under 0 fill 465 | copy 2358 cy/line 33.82 Mcy/s | synth 2940 cy/pump 42.16 Mcy/s 1756 cy/sample | tri 170 px 17432 part 126 ch 5 | AHASH s=3360000 e8c9be35
T t=140.9 bar=73 ph=10 the load | render ms 41.67/41.73/41.83 | fps 19.9 | hold 3 miss 20 late 20 | gap ms 50.20 | under 0 fill 465 | copy 2372 cy/line 34.01 Mcy/s | synth 2537 cy/pump 36.39 Mcy/s 1516 cy/sample | tri 166 px 17396 part 126 ch 5 | AHASH s=3384000 78ec8b6d
T t=141.9 bar=73 ph=10 the load | render ms 41.70/41.74/41.81 | fps 19.9 | hold 3 miss 20 late 20 | gap ms 50.20 | under 0 fill 465 | copy 2371 cy/line 34.01 Mcy/s | synth 2536 cy/pump 36.37 Mcy/s 1515 cy/sample | tri 166 px 17435 part 126 ch 5 | AHASH s=3408000 24e3995f
T t=142.9 bar=74 ph=10 the load | render ms 41.68/41.73/41.81 | fps 19.9 | hold 3 miss 20 late 20 | gap ms 50.20 | under 0 fill 465 | copy 2371 cy/line 34.01 Mcy/s | synth 2535 cy/pump 36.36 Mcy/s 1515 cy/sample | tri 164 px 17385 part 127 ch 5 | AHASH s=3432000 a167a78e
T t=143.9 bar=74 ph=10 the load | render ms 41.69/41.73/41.81 | fps 19.9 | hold 3 miss 20 late 20 | gap ms 50.20 | under 0 fill 465 | copy 2372 cy/line 34.01 Mcy/s | synth 2537 cy/pump 36.39 Mcy/s 1516 cy/sample | tri 164 px 17435 part 127 ch 5 | AHASH s=3456000 634c61d6
T t=144.9 bar=75 ph=10 the load | render ms 41.69/41.73/41.84 | fps 19.9 | hold 3 miss 20 late 20 | gap ms 50.20 | under 0 fill 465 | copy 2372 cy/line 34.01 Mcy/s | synth 2536 cy/pump 36.37 Mcy/s 1515 cy/sample | tri 164 px 17496 part 127 ch 5 | AHASH s=3480000 71fe7714
T t=145.9 bar=76 ph=10 the load | render ms 41.72/41.75/41.82 | fps 19.9 | hold 3 miss 20 late 20 | gap ms 50.20 | under 0 fill 465 | copy 2372 cy/line 34.01 Mcy/s | synth 2536 cy/pump 36.37 Mcy/s 1515 cy/sample | tri 162 px 17536 part 127 ch 5 | AHASH s=3504000 1ad90c4d
T t=146.9 bar=76 ph=10 the load | render ms 41.72/41.75/41.84 | fps 19.9 | hold 3 miss 20 late 20 | gap ms 50.20 | under 0 fill 465 | copy 2371 cy/line 34.01 Mcy/s | synth 2537 cy/pump 36.38 Mcy/s 1515 cy/sample | tri 162 px 17590 part 127 ch 5 | AHASH s=3528000 8841309f
T t=147.9 bar=77 ph=10 the load | render ms 41.68/41.77/41.86 | fps 19.9 | hold 3 miss 20 late 20 | gap ms 50.20 | under 0 fill 465 | copy 2371 cy/line 34.01 Mcy/s | synth 2535 cy/pump 36.36 Mcy/s 1515 cy/sample | tri 164 px 17595 part 127 ch 5 | AHASH s=3552000 dff90dbd
T t=148.9 bar=77 ph=10 the load | render ms 41.69/41.72/41.77 | fps 19.9 | hold 3 miss 20 late 20 | gap ms 50.20 | under 0 fill 465 | copy 2372 cy/line 34.01 Mcy/s | synth 2536 cy/pump 36.37 Mcy/s 1515 cy/sample | tri 164 px 17670 part 127 ch 5 | AHASH s=3576000 10ef495b
T t=149.9 bar=78 ph=10 the load | render ms 41.72/41.76/41.82 | fps 19.9 | hold 3 miss 20 late 20 | gap ms 50.20 | under 0 fill 465 | copy 2372 cy/line 34.01 Mcy/s | synth 2535 cy/pump 36.36 Mcy/s 1515 cy/sample | tri 164 px 17715 part 127 ch 5 | AHASH s=3600000 a827f115
T t=150.9 bar=78 ph=10 the load | render ms 41.74/41.80/41.85 | fps 19.9 | hold 3 miss 20 late 20 | gap ms 50.20 | under 0 fill 465 | copy 2372 cy/line 34.02 Mcy/s | synth 2535 cy/pump 36.36 Mcy/s 1515 cy/sample | tri 164 px 17747 part 127 ch 5 | AHASH s=3624000 70a52061
T t=151.9 bar=79 ph=10 the load | render ms 41.79/41.84/41.91 | fps 19.9 | hold 3 miss 20 late 20 | gap ms 50.20 | under 0 fill 465 | copy 2372 cy/line 34.01 Mcy/s | synth 2536 cy/pump 36.38 Mcy/s 1515 cy/sample | tri 164 px 17809 part 127 ch 5 | AHASH s=3648000 83a0cb6b
T t=153.0 bar=79 ph=10 the load | render ms 41.81/41.86/41.96 | fps 19.9 | hold 3 miss 20 late 20 | gap ms 50.20 | under 0 fill 465 | copy 2372 cy/line 34.02 Mcy/s | synth 2535 cy/pump 36.35 Mcy/s 1514 cy/sample | tri 158 px 17827 part 127 ch 5 | AHASH s=3672000 abe9098c
PHRASE t=153.6 bar=80 ph=11 the load | render ms 41.67/43.51/72.76 | fps 19.1 | hold 5 miss 293 late 293 | gap ms 83.68 | under 0 fill 465 | copy 2370 cy/line 33.99 Mcy/s | synth 2577 cy/pump 36.96 Mcy/s 1540 cy/sample | tri 158 px 17858 part 127 ch 5 | AHASH s=3672000 abe9098c
T t=154.0 bar=80 ph=11 the load | render ms 41.81/41.86/41.94 | fps 19.9 | hold 3 miss 20 late 20 | gap ms 50.20 | under 0 fill 465 | copy 2370 cy/line 33.99 Mcy/s | synth 2497 cy/pump 35.81 Mcy/s 1492 cy/sample | tri 158 px 17844 part 127 ch 5 | AHASH s=3696000 3176b28e
T t=155.0 bar=80 ph=11 the load | render ms 41.82/41.85/41.94 | fps 19.9 | hold 3 miss 20 late 20 | gap ms 50.20 | under 0 fill 465 | copy 2372 cy/line 34.01 Mcy/s | synth 2534 cy/pump 36.34 Mcy/s 1514 cy/sample | tri 160 px 17956 part 127 ch 5 | AHASH s=3720000 95f09d70
T t=156.0 bar=81 ph=11 the load | render ms 41.83/41.87/41.94 | fps 19.9 | hold 3 miss 20 late 20 | gap ms 50.20 | under 0 fill 465 | copy 2363 cy/line 33.89 Mcy/s | synth 2780 cy/pump 39.87 Mcy/s 1661 cy/sample | tri 160 px 18003 part 127 ch 5 | AHASH s=3744000 ca1f9b64
T t=157.0 bar=81 ph=11 the load | render ms 41.86/41.90/42.02 | fps 19.9 | hold 3 miss 20 late 20 | gap ms 50.20 | under 0 fill 465 | copy 2358 cy/line 33.81 Mcy/s | synth 2974 cy/pump 42.65 Mcy/s 1777 cy/sample | tri 160 px 18043 part 127 ch 5 | AHASH s=3768000 9d415870
T t=158.0 bar=82 ph=11 the load | render ms 41.89/41.92/41.99 | fps 19.9 | hold 3 miss 20 late 20 | gap ms 50.20 | under 0 fill 465 | copy 2358 cy/line 33.81 Mcy/s | synth 2973 cy/pump 42.63 Mcy/s 1776 cy/sample | tri 160 px 18205 part 127 ch 5 | AHASH s=3792000 7d3d2864
T t=159.0 bar=82 ph=11 the load | render ms 41.91/41.93/41.99 | fps 19.9 | hold 3 miss 20 late 20 | gap ms 50.20 | under 0 fill 465 | copy 2358 cy/line 33.81 Mcy/s | synth 2972 cy/pump 42.62 Mcy/s 1776 cy/sample | tri 160 px 18198 part 127 ch 5 | AHASH s=3816000 deef4d72
T t=160.0 bar=83 ph=11 the load | render ms 41.94/41.97/42.06 | fps 19.9 | hold 3 miss 20 late 20 | gap ms 50.20 | under 0 fill 465 | copy 2358 cy/line 33.81 Mcy/s | synth 2972 cy/pump 42.62 Mcy/s 1776 cy/sample | tri 162 px 18254 part 127 ch 5 | AHASH s=3840000 9a42f6cc
T t=161.0 bar=83 ph=11 the load | render ms 41.93/41.98/42.05 | fps 19.9 | hold 3 miss 20 late 20 | gap ms 50.20 | under 0 fill 465 | copy 2358 cy/line 33.81 Mcy/s | synth 2973 cy/pump 42.63 Mcy/s 1776 cy/sample | tri 162 px 18376 part 127 ch 5 | AHASH s=3864000 41e70dda
T t=162.0 bar=84 ph=11 the load | render ms 41.98/42.02/42.08 | fps 19.9 | hold 3 miss 20 late 20 | gap ms 50.20 | under 0 fill 465 | copy 2358 cy/line 33.81 Mcy/s | synth 2974 cy/pump 42.65 Mcy/s 1777 cy/sample | tri 164 px 18413 part 127 ch 5 | AHASH s=3888000 31bd76a8
T t=163.0 bar=84 ph=11 the load | render ms 42.01/42.04/42.14 | fps 19.9 | hold 3 miss 20 late 20 | gap ms 50.20 | under 0 fill 465 | copy 2358 cy/line 33.81 Mcy/s | synth 2973 cy/pump 42.64 Mcy/s 1776 cy/sample | tri 164 px 18487 part 127 ch 5 | AHASH s=3912000 0ad3b991
T t=164.0 bar=85 ph=11 the load | render ms 42.03/42.06/42.14 | fps 19.9 | hold 3 miss 20 late 20 | gap ms 50.20 | under 0 fill 465 | copy 2358 cy/line 33.81 Mcy/s | synth 2974 cy/pump 42.65 Mcy/s 1777 cy/sample | tri 164 px 18633 part 127 ch 5 | AHASH s=3936000 b3d08b8f
T t=165.0 bar=85 ph=11 the load | render ms 42.03/42.07/42.15 | fps 19.9 | hold 3 miss 20 late 20 | gap ms 50.20 | under 0 fill 465 | copy 2357 cy/line 33.81 Mcy/s | synth 2974 cy/pump 42.64 Mcy/s 1777 cy/sample | tri 164 px 18657 part 127 ch 5 | AHASH s=3960000 d105d087
T t=166.0 bar=86 ph=11 the load | render ms 42.02/42.08/42.16 | fps 19.9 | hold 3 miss 20 late 20 | gap ms 50.20 | under 0 fill 465 | copy 2357 cy/line 33.81 Mcy/s | synth 2972 cy/pump 42.63 Mcy/s 1776 cy/sample | tri 164 px 18635 part 127 ch 5 | AHASH s=3984000 a355dacd
T t=167.0 bar=87 ph=11 the load | render ms 42.03/42.07/42.13 | fps 19.9 | hold 3 miss 20 late 20 | gap ms 50.20 | under 0 fill 465 | copy 2357 cy/line 33.81 Mcy/s | synth 2972 cy/pump 42.63 Mcy/s 1776 cy/sample | tri 164 px 18727 part 127 ch 5 | AHASH s=4008000 91641358
T t=168.0 bar=87 ph=11 the load | render ms 42.03/57.75/72.03 | fps 14.6 | hold 5 miss 15 late 15 | gap ms 83.68 | under 0 fill 465 | copy 2357 cy/line 33.81 Mcy/s | synth 2962 cy/pump 42.48 Mcy/s 1770 cy/sample | tri 166 px 21650 part 127 ch 5 | AHASH s=4032000 966fd824
PHRASE t=168.9 bar=88 ph=12 the spine | render ms 41.81/43.93/73.17 | fps 19.0 | hold 5 miss 294 late 294 | gap ms 83.68 | under 0 fill 465 | copy 2359 cy/line 33.84 Mcy/s | synth 2916 cy/pump 41.82 Mcy/s 1742 cy/sample | tri 154 px 18761 part 115 ch 6 | AHASH s=4056000 2a6e3e64
T t=169.0 bar=88 ph=12 the spine | render ms 72.25/72.65/73.17 | fps 11.9 | hold 5 miss 12 late 12 | gap ms 83.68 | under 0 fill 465 | copy 2359 cy/line 33.83 Mcy/s | synth 2919 cy/pump 41.87 Mcy/s 1744 cy/sample | tri 154 px 18827 part 115 ch 6 | AHASH s=4056000 2a6e3e64
T t=170.0 bar=88 ph=12 the spine | render ms 70.71/71.43/72.16 | fps 11.9 | hold 5 miss 12 late 12 | gap ms 83.68 | under 0 fill 465 | copy 2357 cy/line 33.81 Mcy/s | synth 2955 cy/pump 42.38 Mcy/s 1766 cy/sample | tri 158 px 12114 part 115 ch 6 | AHASH s=4080000 3b693886
T t=171.1 bar=89 ph=12 the spine | render ms 41.29/47.84/70.74 | fps 17.3 | hold 5 miss 18 late 18 | gap ms 83.68 | under 0 fill 465 | copy 2358 cy/line 33.82 Mcy/s | synth 2965 cy/pump 42.52 Mcy/s 1771 cy/sample | tri 156 px 10980 part 115 ch 6 | AHASH s=4104000 9dae99f0
T t=172.1 bar=89 ph=12 the spine | render ms 41.16/41.30/41.50 | fps 19.9 | hold 3 miss 20 late 20 | gap ms 50.20 | under 0 fill 465 | copy 2358 cy/line 33.81 Mcy/s | synth 2971 cy/pump 42.61 Mcy/s 1775 cy/sample | tri 150 px 10474 part 115 ch 6 | AHASH s=4128000 570b885b
T t=173.1 bar=90 ph=12 the spine | render ms 41.21/41.28/41.35 | fps 19.9 | hold 3 miss 20 late 20 | gap ms 50.20 | under 0 fill 465 | copy 2358 cy/line 33.81 Mcy/s | synth 2969 cy/pump 42.58 Mcy/s 1774 cy/sample | tri 150 px 10614 part 115 ch 6 | AHASH s=4152000 ca16384e
T t=174.1 bar=90 ph=12 the spine | render ms 40.91/40.99/41.32 | fps 19.9 | hold 3 miss 20 late 20 | gap ms 50.20 | under 0 fill 465 | copy 2358 cy/line 33.81 Mcy/s | synth 2971 cy/pump 42.60 Mcy/s 1775 cy/sample | tri 154 px 10397 part 115 ch 6 | AHASH s=4176000 0d111beb
T t=175.1 bar=91 ph=12 the spine | render ms 40.83/40.97/41.19 | fps 19.9 | hold 3 miss 20 late 20 | gap ms 50.20 | under 0 fill 465 | copy 2358 cy/line 33.81 Mcy/s | synth 2968 cy/pump 42.57 Mcy/s 1773 cy/sample | tri 156 px 10068 part 115 ch 6 | AHASH s=4200000 b9b23caa
T t=176.1 bar=91 ph=12 the spine | render ms 40.72/40.85/41.02 | fps 19.9 | hold 3 miss 20 late 20 | gap ms 50.20 | under 0 fill 465 | copy 2358 cy/line 33.82 Mcy/s | synth 2969 cy/pump 42.57 Mcy/s 1774 cy/sample | tri 154 px 9456 part 115 ch 6 | AHASH s=4224000 ec41826b
T t=177.1 bar=92 ph=12 the spine | render ms 40.58/40.72/40.87 | fps 19.9 | hold 3 miss 20 late 20 | gap ms 50.20 | under 0 fill 465 | copy 2358 cy/line 33.82 Mcy/s | synth 2969 cy/pump 42.58 Mcy/s 1774 cy/sample | tri 150 px 9071 part 115 ch 6 | AHASH s=4248000 a8146d58
T t=178.1 bar=92 ph=12 the spine | render ms 40.47/40.61/40.75 | fps 19.9 | hold 3 miss 20 late 20 | gap ms 50.20 | under 0 fill 465 | copy 2358 cy/line 33.82 Mcy/s | synth 2970 cy/pump 42.59 Mcy/s 1774 cy/sample | tri 150 px 8621 part 115 ch 6 | AHASH s=4272000 2c216a89
T t=179.1 bar=93 ph=12 the spine | render ms 40.29/40.43/40.64 | fps 19.9 | hold 3 miss 20 late 20 | gap ms 50.20 | under 0 fill 465 | copy 2359 cy/line 33.83 Mcy/s | synth 2966 cy/pump 42.54 Mcy/s 1772 cy/sample | tri 156 px 8366 part 115 ch 6 | AHASH s=4296000 294d03a0
T t=180.1 bar=93 ph=12 the spine | render ms 40.28/40.41/40.62 | fps 19.9 | hold 3 miss 20 late 20 | gap ms 50.20 | under 0 fill 465 | copy 2359 cy/line 33.83 Mcy/s | synth 2966 cy/pump 42.54 Mcy/s 1772 cy/sample | tri 156 px 8503 part 115 ch 6 | AHASH s=4320000 c078dc9b
T t=181.1 bar=94 ph=12 the spine | render ms 40.29/40.38/40.54 | fps 19.9 | hold 3 miss 20 late 20 | gap ms 50.20 | under 0 fill 465 | copy 2359 cy/line 33.83 Mcy/s | synth 2965 cy/pump 42.52 Mcy/s 1771 cy/sample | tri 150 px 8563 part 115 ch 6 | AHASH s=4344000 7b701b47
T t=182.1 bar=94 ph=12 the spine | render ms 40.32/40.40/40.50 | fps 19.9 | hold 3 miss 20 late 20 | gap ms 50.20 | under 0 fill 465 | copy 2359 cy/line 33.83 Mcy/s | synth 2966 cy/pump 42.53 Mcy/s 1772 cy/sample | tri 150 px 8366 part 115 ch 6 | AHASH s=4368000 db66af5d
T t=183.1 bar=95 ph=12 the spine | render ms 40.33/40.39/40.59 | fps 19.9 | hold 3 miss 20 late 20 | gap ms 50.20 | under 0 fill 465 | copy 2359 cy/line 33.83 Mcy/s | synth 2966 cy/pump 42.54 Mcy/s 1772 cy/sample | tri 154 px 8250 part 115 ch 6 | AHASH s=4392000 834ccdbe
T t=184.1 bar=95 ph=12 the spine | render ms 40.33/40.41/40.54 | fps 19.9 | hold 3 miss 20 late 20 | gap ms 50.20 | under 0 fill 465 | copy 2359 cy/line 33.83 Mcy/s | synth 2966 cy/pump 42.54 Mcy/s 1772 cy/sample | tri 156 px 8268 part 115 ch 6 | AHASH s=4416000 7f5e6d22
PHRASE t=184.3 bar=96 ph=13 the spine | render ms 40.28/42.57/72.31 | fps 19.1 | hold 5 miss 294 late 294 | gap ms 83.68 | under 0 fill 465 | copy 2358 cy/line 33.82 Mcy/s | synth 2967 cy/pump 42.55 Mcy/s 1773 cy/sample | tri 624 px 77020 part 102 ch 6 | AHASH s=4416000 7f5e6d22
T t=185.2 bar=96 ph=13 the spine | render ms 40.41/57.67/60.61 | fps 15.4 | hold 4 miss 16 late 16 | gap ms 66.94 | under 0 fill 465 | copy 2355 cy/line 33.77 Mcy/s | synth 2976 cy/pump 42.68 Mcy/s 1778 cy/sample | tri 620 px 74516 part 102 ch 6 | AHASH s=4440000 f6688f25
T t=186.2 bar=96 ph=13 the spine | render ms 58.91/59.36/59.79 | fps 14.9 | hold 4 miss 15 late 15 | gap ms 66.94 | under 0 fill 465 | copy 2355 cy/line 33.78 Mcy/s | synth 2979 cy/pump 42.73 Mcy/s 1780 cy/sample | tri 614 px 71040 part 102 ch 6 | AHASH s=4464000 08a66ad1
T t=187.2 bar=97 ph=13 the spine | render ms 58.01/58.43/58.89 | fps 14.9 | hold 4 miss 15 late 15 | gap ms 66.94 | under 0 fill 465 | copy 2355 cy/line 33.78 Mcy/s | synth 2978 cy/pump 42.71 Mcy/s 1779 cy/sample | tri 608 px 67530 part 102 ch 6 | AHASH s=4488000 d442a545
T t=188.2 bar=98 ph=13 the spine | render ms 42.50/55.72/57.99 | fps 15.4 | hold 4 miss 16 late 16 | gap ms 66.94 | under 0 fill 465 | copy 2356 cy/line 33.79 Mcy/s | synth 2979 cy/pump 42.73 Mcy/s 1780 cy/sample | tri 616 px 62953 part 102 ch 6 | AHASH s=4512000 e4258c4c
T t=189.2 bar=98 ph=13 the spine | render ms 41.53/42.00/42.44 | fps 19.9 | hold 3 miss 20 late 20 | gap ms 50.20 | under 0 fill 465 | copy 2358 cy/line 33.82 Mcy/s | synth 2995 cy/pump 42.95 Mcy/s 1789 cy/sample | tri 614 px 58956 part 102 ch 6 | AHASH s=4536000 3857df0b
T t=190.2 bar=99 ph=13 the spine | render ms 40.73/41.14/41.58 | fps 19.9 | hold 3 miss 20 late 20 | gap ms 50.20 | under 0 fill 465 | copy 2359 cy/line 33.83 Mcy/s | synth 2993 cy/pump 42.92 Mcy/s 1788 cy/sample | tri 618 px 55469 part 102 ch 6 | AHASH s=4560000 34b08260
T t=191.2 bar=99 ph=13 the spine | render ms 40.12/40.53/41.03 | fps 19.9 | hold 3 miss 20 late 20 | gap ms 50.20 | under 0 fill 465 | copy 2360 cy/line 33.85 Mcy/s | synth 2993 cy/pump 42.92 Mcy/s 1788 cy/sample | tri 636 px 51647 part 102 ch 6 | AHASH s=4584000 5c02ea2f
T t=192.2 bar=100 ph=13 the spine | render ms 39.34/39.73/40.16 | fps 19.9 | hold 3 miss 20 late 20 | gap ms 50.20 | under 0 fill 465 | copy 2362 cy/line 33.87 Mcy/s | synth 2991 cy/pump 42.89 Mcy/s 1787 cy/sample | tri 640 px 47860 part 103 ch 6 | AHASH s=4608000 9c8c2e5e
T t=193.2 bar=100 ph=13 the spine | render ms 38.55/38.92/39.36 | fps 19.9 | hold 3 miss 20 late 20 | gap ms 50.20 | under 0 fill 465 | copy 2363 cy/line 33.89 Mcy/s | synth 2991 cy/pump 42.90 Mcy/s 1787 cy/sample | tri 648 px 44756 part 103 ch 6 | AHASH s=4632000 82c359a6
T t=194.2 bar=101 ph=13 the spine | render ms 37.83/38.15/38.54 | fps 19.9 | hold 3 miss 20 late 20 | gap ms 50.20 | under 0 fill 465 | copy 2364 cy/line 33.91 Mcy/s | synth 2991 cy/pump 42.89 Mcy/s 1787 cy/sample | tri 638 px 41826 part 103 ch 6 | AHASH s=4656000 cc213693
T t=195.2 bar=101 ph=13 the spine | render ms 37.32/37.61/37.91 | fps 19.9 | hold 3 miss 20 late 20 | gap ms 50.20 | under 0 fill 465 | copy 2365 cy/line 33.92 Mcy/s | synth 2992 cy/pump 42.90 Mcy/s 1787 cy/sample | tri 644 px 39446 part 103 ch 6 | AHASH s=4680000 bc62e6e7
T t=196.3 bar=102 ph=13 the spine | render ms 36.92/37.17/37.45 | fps 19.9 | hold 3 miss 20 late 20 | gap ms 50.20 | under 0 fill 465 | copy 2366 cy/line 33.93 Mcy/s | synth 2991 cy/pump 42.89 Mcy/s 1787 cy/sample | tri 650 px 37787 part 104 ch 6 | AHASH s=4704000 f071fff0
T t=197.3 bar=102 ph=13 the spine | render ms 36.58/36.76/37.05 | fps 19.9 | hold 3 miss 20 late 20 | gap ms 50.20 | under 0 fill 465 | copy 2367 cy/line 33.94 Mcy/s | synth 2990 cy/pump 42.89 Mcy/s 1787 cy/sample | tri 654 px 36099 part 104 ch 6 | AHASH s=4728000 9599cf61
T t=198.3 bar=103 ph=13 the spine | render ms 35.91/36.22/36.62 | fps 19.9 | hold 3 miss 20 late 20 | gap ms 50.20 | under 0 fill 465 | copy 2368 cy/line 33.95 Mcy/s | synth 2988 cy/pump 42.85 Mcy/s 1785 cy/sample | tri 648 px 33739 part 106 ch 6 | AHASH s=4752000 150d43de
T t=199.3 bar=103 ph=13 the spine | render ms 35.28/35.57/35.93 | fps 19.9 | hold 3 miss 20 late 20 | gap ms 50.20 | under 0 fill 465 | copy 2369 cy/line 33.97 Mcy/s | synth 2991 cy/pump 42.90 Mcy/s 1787 cy/sample | tri 644 px 31404 part 106 ch 6 | AHASH s=4776000 625e270e
PHRASE t=199.7 bar=104 ph=14 the spine | render ms 35.04/42.50/60.61 | fps 18.6 | hold 4 miss 287 late 287 | gap ms 66.94 | under 0 fill 465 | copy 2362 cy/line 33.87 Mcy/s | synth 2988 cy/pump 42.85 Mcy/s 1785 cy/sample | tri 644 px 30421 part 115 ch 6 | AHASH s=4776000 625e270e
T t=200.3 bar=104 ph=14 the spine | render ms 34.65/34.98/35.32 | fps 19.9 | hold 3 miss 20 late 20 | gap ms 50.20 | under 0 fill 465 | copy 2369 cy/line 33.97 Mcy/s | synth 2985 cy/pump 42.81 Mcy/s 1783 cy/sample | tri 646 px 28805 part 115 ch 6 | AHASH s=4800000 a7f2d6fb
T t=201.3 bar=104 ph=14 the spine | render ms 34.00/34.32/34.71 | fps 19.9 | hold 3 miss 20 late 20 | gap ms 50.20 | under 0 fill 465 | copy 2369 cy/line 33.98 Mcy/s | synth 2988 cy/pump 42.85 Mcy/s 1785 cy/sample | tri 652 px 25990 part 115 ch 6 | AHASH s=4824000 b075041f
T t=202.3 bar=105 ph=14 the spine | render ms 33.23/33.59/34.03 | fps 22.5 | hold 3 miss 15 late 23 | gap ms 50.20 | under 0 fill 465 | copy 2365 cy/line 33.92 Mcy/s | synth 2990 cy/pump 42.88 Mcy/s 1786 cy/sample | tri 648 px 23228 part 115 ch 6 | AHASH s=4848000 f021a5d9
T t=203.3 bar=105 ph=14 the spine | render ms 32.46/32.82/33.31 | fps 29.3 | hold 3 miss 1 late 30 | gap ms 50.20 | under 0 fill 465 | copy 2354 cy/line 33.76 Mcy/s | synth 3002 cy/pump 43.06 Mcy/s 1794 cy/sample | tri 648 px 20132 part 115 ch 6 | AHASH s=4872000 a990b9de
T t=204.3 bar=106 ph=14 the spine | render ms 31.78/32.11/32.52 | fps 29.8 | hold 2 miss 0 late 30 | gap ms 33.47 | under 0 fill 465 | copy 2354 cy/line 33.76 Mcy/s | synth 3001 cy/pump 43.04 Mcy/s 1793 cy/sample | tri 646 px 17450 part 115 ch 6 | AHASH s=4896000 d9ad139a
T t=205.3 bar=106 ph=14 the spine | render ms 31.31/31.55/31.88 | fps 29.8 | hold 2 miss 0 late 30 | gap ms 33.47 | under 0 fill 465 | copy 2354 cy/line 33.76 Mcy/s | synth 2997 cy/pump 42.98 Mcy/s 1791 cy/sample | tri 644 px 15026 part 115 ch 6 | AHASH s=4920000 bca9eaa2
T t=206.3 bar=107 ph=14 the spine | render ms 30.76/31.02/31.35 | fps 29.8 | hold 2 miss 0 late 30 | gap ms 33.47 | under 0 fill 465 | copy 2355 cy/line 33.77 Mcy/s | synth 2992 cy/pump 42.91 Mcy/s 1788 cy/sample | tri 648 px 12749 part 115 ch 6 | AHASH s=4944000 4e29cf8b
T t=207.3 bar=108 ph=14 the spine | render ms 30.27/30.51/30.85 | fps 29.8 | hold 2 miss 0 late 30 | gap ms 33.47 | under 0 fill 465 | copy 2356 cy/line 33.79 Mcy/s | synth 2994 cy/pump 42.94 Mcy/s 1789 cy/sample | tri 652 px 10751 part 115 ch 6 | AHASH s=4968000 e967a20a
T t=208.4 bar=108 ph=14 the spine | render ms 29.95/30.10/30.41 | fps 29.8 | hold 2 miss 0 late 30 | gap ms 33.47 | under 0 fill 465 | copy 2356 cy/line 33.79 Mcy/s | synth 2991 cy/pump 42.89 Mcy/s 1787 cy/sample | tri 652 px 9360 part 115 ch 6 | AHASH s=4992000 2c73c629
T t=209.4 bar=109 ph=14 the spine | render ms 29.71/29.84/30.03 | fps 29.8 | hold 2 miss 0 late 30 | gap ms 33.47 | under 0 fill 465 | copy 2357 cy/line 33.80 Mcy/s | synth 2992 cy/pump 42.91 Mcy/s 1787 cy/sample | tri 650 px 8530 part 115 ch 6 | AHASH s=5016000 da8972a4
T t=210.4 bar=109 ph=14 the spine | render ms 29.54/29.65/29.83 | fps 29.8 | hold 2 miss 0 late 30 | gap ms 33.47 | under 0 fill 465 | copy 2357 cy/line 33.80 Mcy/s | synth 2996 cy/pump 42.97 Mcy/s 1790 cy/sample | tri 650 px 7826 part 115 ch 6 | AHASH s=5040000 fb19c748
T t=211.4 bar=110 ph=14 the spine | render ms 29.36/29.47/29.68 | fps 29.8 | hold 2 miss 0 late 30 | gap ms 33.47 | under 0 fill 465 | copy 2357 cy/line 33.81 Mcy/s | synth 2994 cy/pump 42.93 Mcy/s 1788 cy/sample | tri 652 px 7228 part 115 ch 6 | AHASH s=5064000 87a5ee77
T t=212.4 bar=110 ph=14 the spine | render ms 29.25/29.33/29.48 | fps 29.8 | hold 2 miss 0 late 30 | gap ms 33.47 | under 0 fill 465 | copy 2357 cy/line 33.80 Mcy/s | synth 2994 cy/pump 42.94 Mcy/s 1789 cy/sample | tri 652 px 6747 part 115 ch 6 | AHASH s=5088000 949206dd
T t=213.4 bar=111 ph=14 the spine | render ms 29.10/29.19/29.34 | fps 29.8 | hold 2 miss 0 late 30 | gap ms 33.47 | under 0 fill 465 | copy 2358 cy/line 33.81 Mcy/s | synth 2991 cy/pump 42.89 Mcy/s 1787 cy/sample | tri 650 px 6343 part 115 ch 6 | AHASH s=5112000 c792daea
T t=214.4 bar=111 ph=14 the spine | render ms 29.11/53.53/59.42 | fps 16.3 | hold 4 miss 14 late 17 | gap ms 66.94 | under 0 fill 465 | copy 2356 cy/line 33.78 Mcy/s | synth 2965 cy/pump 42.52 Mcy/s 1771 cy/sample | tri 654 px 11213 part 115 ch 6 | AHASH s=5136000 82409aa2
PHRASE t=215.0 bar=112 ph=15 the crown | render ms 29.10/32.65/60.00 | fps 26.7 | hold 4 miss 72 late 412 | gap ms 66.94 | under 0 fill 465 | copy 2358 cy/line 33.81 Mcy/s | synth 2990 cy/pump 42.88 Mcy/s 1787 cy/sample | tri 36 px 27451 part 115 ch 7 | AHASH s=5160000 708f258d
T t=215.4 bar=112 ph=15 the crown | render ms 56.68/58.67/60.00 | fps 14.9 | hold 4 miss 15 late 15 | gap ms 66.94 | under 0 fill 465 | copy 2356 cy/line 33.79 Mcy/s | synth 2962 cy/pump 42.48 Mcy/s 1770 cy/sample | tri 36 px 26013 part 115 ch 7 | AHASH s=5160000 708f258d
T t=216.4 bar=112 ph=15 the crown | render ms 55.03/55.87/56.76 | fps 14.9 | hold 4 miss 15 late 15 | gap ms 66.94 | under 0 fill 465 | copy 2358 cy/line 33.82 Mcy/s | synth 2964 cy/pump 42.50 Mcy/s 1771 cy/sample | tri 36 px 18808 part 115 ch 7 | AHASH s=5184000 7cd93894
T t=217.4 bar=113 ph=15 the crown | render ms 25.99/27.03/55.11 | fps 28.8 | hold 4 miss 1 late 29 | gap ms 66.94 | under 0 fill 465 | copy 2361 cy/line 33.85 Mcy/s | synth 2993 cy/pump 42.93 Mcy/s 1788 cy/sample | tri 32 px 18813 part 115 ch 7 | AHASH s=5208000 9aba97dc
T t=218.4 bar=113 ph=15 the crown | render ms 26.00/26.03/26.14 | fps 29.8 | hold 2 miss 0 late 30 | gap ms 33.47 | under 0 fill 465 | copy 2361 cy/line 33.85 Mcy/s | synth 2996 cy/pump 42.96 Mcy/s 1790 cy/sample | tri 32 px 18812 part 115 ch 7 | AHASH s=5232000 a7d6fe01
T t=219.4 bar=114 ph=15 the crown | render ms 25.99/26.03/26.13 | fps 29.8 | hold 2 miss 0 late 30 | gap ms 33.47 | under 0 fill 465 | copy 2361 cy/line 33.85 Mcy/s | synth 2993 cy/pump 42.92 Mcy/s 1788 cy/sample | tri 32 px 18809 part 115 ch 7 | AHASH s=5256000 8deb41c9
T t=220.4 bar=114 ph=15 the crown | render ms 25.99/26.03/26.15 | fps 29.8 | hold 2 miss 0 late 30 | gap ms 33.47 | under 0 fill 465 | copy 2360 cy/line 33.85 Mcy/s | synth 2996 cy/pump 42.97 Mcy/s 1790 cy/sample | tri 32 px 18807 part 115 ch 7 | AHASH s=5280000 cbd7f221
T t=221.4 bar=115 ph=15 the crown | render ms 25.97/26.01/26.18 | fps 29.8 | hold 2 miss 0 late 30 | gap ms 33.47 | under 0 fill 465 | copy 2360 cy/line 33.85 Mcy/s | synth 2990 cy/pump 42.89 Mcy/s 1787 cy/sample | tri 32 px 18812 part 115 ch 7 | AHASH s=5304000 dc9eb509
T t=222.4 bar=115 ph=15 the crown | render ms 25.99/26.02/26.14 | fps 29.8 | hold 2 miss 0 late 30 | gap ms 33.47 | under 0 fill 465 | copy 2360 cy/line 33.85 Mcy/s | synth 2993 cy/pump 42.92 Mcy/s 1788 cy/sample | tri 32 px 18809 part 115 ch 7 | AHASH s=5328000 f353331d
T t=223.4 bar=116 ph=15 the crown | render ms 25.98/26.02/26.14 | fps 29.8 | hold 2 miss 0 late 30 | gap ms 33.47 | under 0 fill 465 | copy 2360 cy/line 33.85 Mcy/s | synth 2995 cy/pump 42.95 Mcy/s 1789 cy/sample | tri 32 px 18815 part 115 ch 7 | AHASH s=5352000 2435ec76
T t=224.5 bar=116 ph=15 the crown | render ms 25.97/26.02/26.16 | fps 29.8 | hold 2 miss 0 late 30 | gap ms 33.47 | under 0 fill 465 | copy 2360 cy/line 33.85 Mcy/s | synth 2993 cy/pump 42.93 Mcy/s 1788 cy/sample | tri 32 px 18817 part 115 ch 7 | AHASH s=5376000 3cd040bd
T t=225.5 bar=117 ph=15 the crown | render ms 25.90/25.94/26.15 | fps 29.8 | hold 2 miss 0 late 30 | gap ms 33.47 | under 0 fill 465 | copy 2360 cy/line 33.85 Mcy/s | synth 2993 cy/pump 42.92 Mcy/s 1788 cy/sample | tri 32 px 18825 part 115 ch 7 | AHASH s=5400000 290ccdfd
T t=226.5 bar=117 ph=15 the crown | render ms 25.89/25.93/26.05 | fps 29.8 | hold 2 miss 0 late 30 | gap ms 33.47 | under 0 fill 465 | copy 2360 cy/line 33.85 Mcy/s | synth 2994 cy/pump 42.93 Mcy/s 1789 cy/sample | tri 32 px 18818 part 115 ch 7 | AHASH s=5424000 d6d55e3e
T t=227.5 bar=118 ph=15 the crown | render ms 25.89/25.93/26.04 | fps 29.8 | hold 2 miss 0 late 30 | gap ms 33.47 | under 0 fill 465 | copy 2360 cy/line 33.85 Mcy/s | synth 2991 cy/pump 42.89 Mcy/s 1787 cy/sample | tri 32 px 18814 part 115 ch 7 | AHASH s=5448000 752152cf
T t=228.5 bar=119 ph=15 the crown | render ms 25.89/25.93/26.03 | fps 29.8 | hold 2 miss 0 late 30 | gap ms 33.47 | under 0 fill 465 | copy 2360 cy/line 33.85 Mcy/s | synth 2994 cy/pump 42.94 Mcy/s 1789 cy/sample | tri 32 px 18820 part 115 ch 7 | AHASH s=5472000 141e2680
T t=229.5 bar=119 ph=15 the crown | render ms 25.90/25.93/26.04 | fps 29.8 | hold 2 miss 0 late 30 | gap ms 33.47 | under 0 fill 465 | copy 2360 cy/line 33.85 Mcy/s | synth 2993 cy/pump 42.93 Mcy/s 1788 cy/sample | tri 32 px 18830 part 115 ch 7 | AHASH s=5496000 4c6b10cb
PHRASE t=230.4 bar=120 ph=16 the crown | render ms 25.89/27.43/57.08 | fps 28.5 | hold 4 miss 21 late 436 | gap ms 66.94 | under 0 fill 465 | copy 2360 cy/line 33.85 Mcy/s | synth 2991 cy/pump 42.89 Mcy/s 1787 cy/sample | tri 32 px 18845 part 115 ch 7 | AHASH s=5520000 b862e7f1
T t=230.5 bar=120 ph=16 the crown | render ms 25.89/25.94/26.06 | fps 29.8 | hold 2 miss 0 late 30 | gap ms 33.47 | under 0 fill 465 | copy 2361 cy/line 33.85 Mcy/s | synth 2995 cy/pump 42.94 Mcy/s 1789 cy/sample | tri 32 px 18843 part 115 ch 7 | AHASH s=5520000 b862e7f1
T t=231.5 bar=120 ph=16 the crown | render ms 25.88/25.93/26.03 | fps 29.8 | hold 2 miss 0 late 30 | gap ms 33.47 | under 0 fill 465 | copy 2361 cy/line 33.85 Mcy/s | synth 2999 cy/pump 43.01 Mcy/s 1792 cy/sample | tri 32 px 18855 part 115 ch 7 | AHASH s=5544000 84661a73
T t=232.5 bar=121 ph=16 the crown | render ms 25.89/25.94/26.10 | fps 29.8 | hold 2 miss 0 late 30 | gap ms 33.47 | under 0 fill 465 | copy 2360 cy/line 33.85 Mcy/s | synth 2992 cy/pump 42.91 Mcy/s 1788 cy/sample | tri 32 px 18863 part 115 ch 7 | AHASH s=5568000 681533e2
T t=233.5 bar=121 ph=16 the crown | render ms 25.89/25.94/26.05 | fps 29.8 | hold 2 miss 0 late 30 | gap ms 33.47 | under 0 fill 465 | copy 2360 cy/line 33.85 Mcy/s | synth 2996 cy/pump 42.96 Mcy/s 1790 cy/sample | tri 32 px 18884 part 115 ch 7 | AHASH s=5592000 64407f3f
T t=234.5 bar=122 ph=16 the crown | render ms 25.91/25.94/26.05 | fps 29.8 | hold 2 miss 0 late 30 | gap ms 33.47 | under 0 fill 465 | copy 2360 cy/line 33.85 Mcy/s | synth 2996 cy/pump 42.97 Mcy/s 1790 cy/sample | tri 32 px 18912 part 115 ch 7 | AHASH s=5616000 7c38cb85
T t=235.5 bar=122 ph=16 the crown | render ms 25.90/25.94/26.08 | fps 29.8 | hold 2 miss 0 late 30 | gap ms 33.47 | under 0 fill 465 | copy 2360 cy/line 33.85 Mcy/s | synth 2994 cy/pump 42.93 Mcy/s 1789 cy/sample | tri 32 px 18918 part 115 ch 7 | AHASH s=5640000 9db84134
T t=236.5 bar=123 ph=16 the crown | render ms 25.92/25.95/26.07 | fps 29.8 | hold 2 miss 0 late 30 | gap ms 33.47 | under 0 fill 465 | copy 2361 cy/line 33.85 Mcy/s | synth 2997 cy/pump 42.98 Mcy/s 1790 cy/sample | tri 32 px 18936 part 115 ch 7 | AHASH s=5664000 6c183dfc
T t=237.5 bar=123 ph=16 the crown | render ms 25.91/25.95/26.07 | fps 29.8 | hold 2 miss 0 late 30 | gap ms 33.47 | under 0 fill 465 | copy 2361 cy/line 33.85 Mcy/s | synth 2995 cy/pump 42.96 Mcy/s 1790 cy/sample | tri 32 px 18947 part 115 ch 7 | AHASH s=5688000 05d539ef
T t=238.5 bar=124 ph=16 the crown | render ms 25.93/25.95/26.08 | fps 29.8 | hold 2 miss 0 late 30 | gap ms 33.47 | under 0 fill 465 | copy 2360 cy/line 33.85 Mcy/s | synth 2994 cy/pump 42.94 Mcy/s 1789 cy/sample | tri 32 px 18967 part 115 ch 7 | AHASH s=5712000 31cbeeea
T t=239.5 bar=124 ph=16 the crown | render ms 25.90/25.95/26.06 | fps 29.8 | hold 2 miss 0 late 30 | gap ms 33.47 | under 0 fill 465 | copy 2360 cy/line 33.85 Mcy/s | synth 2998 cy/pump 42.99 Mcy/s 1791 cy/sample | tri 32 px 18980 part 115 ch 7 | AHASH s=5736000 c81eba09
T t=240.5 bar=125 ph=16 the crown | render ms 25.92/25.96/26.10 | fps 29.8 | hold 2 miss 0 late 30 | gap ms 33.47 | under 0 fill 465 | copy 2360 cy/line 33.85 Mcy/s | synth 2992 cy/pump 42.91 Mcy/s 1788 cy/sample | tri 32 px 18994 part 115 ch 7 | AHASH s=5760000 2c68c39b
T t=241.5 bar=125 ph=16 the crown | render ms 25.92/25.96/26.09 | fps 29.8 | hold 2 miss 0 late 30 | gap ms 33.47 | under 0 fill 465 | copy 2360 cy/line 33.85 Mcy/s | synth 2997 cy/pump 42.97 Mcy/s 1790 cy/sample | tri 32 px 19013 part 115 ch 7 | AHASH s=5784000 41cf35c7
T t=242.5 bar=126 ph=16 the crown | render ms 25.91/25.95/26.06 | fps 29.8 | hold 2 miss 0 late 30 | gap ms 33.47 | under 0 fill 465 | copy 2360 cy/line 33.85 Mcy/s | synth 2993 cy/pump 42.92 Mcy/s 1788 cy/sample | tri 32 px 19012 part 115 ch 7 | AHASH s=5808000 32b03b3d
T t=243.5 bar=126 ph=16 the crown | render ms 25.92/25.96/26.12 | fps 29.8 | hold 2 miss 0 late 30 | gap ms 33.47 | under 0 fill 465 | copy 2360 cy/line 33.85 Mcy/s | synth 2993 cy/pump 42.92 Mcy/s 1788 cy/sample | tri 32 px 19028 part 115 ch 7 | AHASH s=5832000 f1d57bbc
T t=244.5 bar=127 ph=16 the crown | render ms 25.92/31.79/55.47 | fps 24.8 | hold 4 miss 5 late 25 | gap ms 66.94 | under 0 fill 465 | copy 2360 cy/line 33.84 Mcy/s | synth 2985 cy/pump 42.80 Mcy/s 1783 cy/sample | tri 36 px 19999 part 115 ch 7 | AHASH s=5856000 1e801b8d
T t=245.5 bar=127 ph=16 the crown | render ms 55.73/56.30/56.90 | fps 14.9 | hold 4 miss 15 late 15 | gap ms 66.94 | under 0 fill 465 | copy 2358 cy/line 33.82 Mcy/s | synth 2964 cy/pump 42.51 Mcy/s 1771 cy/sample | tri 36 px 27201 part 115 ch 7 | AHASH s=5880000 a4ba12db
PHRASE t=245.8 bar=128 ph=17 the colossus | render ms 25.88/27.73/108.00 | fps 28.2 | hold 7 miss 24 late 437 | gap ms 117.15 | under 0 fill 465 | copy 2360 cy/line 33.85 Mcy/s | synth 2992 cy/pump 42.90 Mcy/s 1787 cy/sample | tri 496 px 44414 part 115 ch 8 | AHASH s=5880000 a4ba12db
T t=246.5 bar=128 ph=17 the colossus | render ms 57.00/92.52/108.05 | fps 9.7 | hold 7 miss 10 late 10 | gap ms 117.15 | under 0 fill 465 | copy 2354 cy/line 33.75 Mcy/s | synth 2955 cy/pump 42.38 Mcy/s 1765 cy/sample | tri 496 px 40063 part 115 ch 8 | AHASH s=5904000 c4f406e2
T t=247.5 bar=128 ph=17 the colossus | render ms 77.43/94.98/107.05 | fps 9.6 | hold 7 miss 10 late 10 | gap ms 117.15 | under 0 fill 465 | copy 2353 cy/line 33.75 Mcy/s | synth 2957 cy/pump 42.41 Mcy/s 1767 cy/sample | tri 488 px 37220 part 115 ch 8 | AHASH s=5928000 383eb593
T t=248.6 bar=129 ph=17 the colossus | render ms 77.64/77.87/78.11 | fps 11.9 | hold 5 miss 12 late 12 | gap ms 83.68 | under 0 fill 465 | copy 2352 cy/line 33.73 Mcy/s | synth 2962 cy/pump 42.47 Mcy/s 1769 cy/sample | tri 484 px 36270 part 115 ch 8 | AHASH s=5952000 baab71cd
T t=249.6 bar=130 ph=17 the colossus | render ms 78.00/78.12/78.25 | fps 11.9 | hold 5 miss 12 late 12 | gap ms 83.68 | under 0 fill 465 | copy 2352 cy/line 33.73 Mcy/s | synth 2962 cy/pump 42.47 Mcy/s 1769 cy/sample | tri 486 px 33270 part 115 ch 8 | AHASH s=5976000 8380b23d
T t=250.6 bar=130 ph=17 the colossus | render ms 76.87/77.44/77.99 | fps 11.9 | hold 5 miss 12 late 12 | gap ms 83.68 | under 0 fill 465 | copy 2353 cy/line 33.74 Mcy/s | synth 2963 cy/pump 42.50 Mcy/s 1770 cy/sample | tri 476 px 29010 part 115 ch 8 | AHASH s=6000000 138c9b24
T t=251.6 bar=131 ph=17 the colossus | render ms 75.70/76.19/76.79 | fps 11.9 | hold 5 miss 12 late 12 | gap ms 83.68 | under 0 fill 465 | copy 2353 cy/line 33.75 Mcy/s | synth 2962 cy/pump 42.48 Mcy/s 1770 cy/sample | tri 476 px 24389 part 115 ch 8 | AHASH s=6024000 47ca3d94
T t=252.6 bar=131 ph=17 the colossus | render ms 74.65/75.08/75.62 | fps 11.9 | hold 5 miss 12 late 12 | gap ms 83.68 | under 0 fill 465 | copy 2354 cy/line 33.75 Mcy/s | synth 2962 cy/pump 42.48 Mcy/s 1770 cy/sample | tri 478 px 20700 part 115 ch 8 | AHASH s=6048000 8b47c525
T t=253.6 bar=132 ph=17 the colossus | render ms 73.98/74.33/74.66 | fps 11.9 | hold 5 miss 12 late 12 | gap ms 83.68 | under 0 fill 465 | copy 2354 cy/line 33.76 Mcy/s | synth 2960 cy/pump 42.45 Mcy/s 1768 cy/sample | tri 474 px 18051 part 115 ch 8 | AHASH s=6072000 f3391ce0
T t=254.6 bar=132 ph=17 the colossus | render ms 73.28/73.62/73.99 | fps 11.9 | hold 5 miss 12 late 12 | gap ms 83.68 | under 0 fill 465 | copy 2355 cy/line 33.77 Mcy/s | synth 2963 cy/pump 42.49 Mcy/s 1770 cy/sample | tri 436 px 16389 part 115 ch 8 | AHASH s=6096000 de4ce337
T t=255.6 bar=133 ph=17 the colossus | render ms 72.84/73.06/73.29 | fps 11.9 | hold 5 miss 12 late 12 | gap ms 83.68 | under 0 fill 465 | copy 2355 cy/line 33.78 Mcy/s | synth 2960 cy/pump 42.45 Mcy/s 1768 cy/sample | tri 436 px 14500 part 115 ch 8 | AHASH s=6120000 a8a5e1d0
T t=256.6 bar=133 ph=17 the colossus | render ms 72.39/72.59/72.86 | fps 11.9 | hold 5 miss 12 late 12 | gap ms 83.68 | under 0 fill 465 | copy 2356 cy/line 33.79 Mcy/s | synth 2962 cy/pump 42.47 Mcy/s 1769 cy/sample | tri 446 px 13319 part 115 ch 8 | AHASH s=6144000 59f4b5c6
T t=257.6 bar=134 ph=17 the colossus | render ms 72.26/72.33/72.51 | fps 11.9 | hold 5 miss 12 late 12 | gap ms 83.68 | under 0 fill 465 | copy 2356 cy/line 33.79 Mcy/s | synth 2960 cy/pump 42.44 Mcy/s 1768 cy/sample | tri 466 px 12327 part 115 ch 8 | AHASH s=6168000 2863794b
T t=258.6 bar=134 ph=17 the colossus | render ms 72.11/72.18/72.34 | fps 11.9 | hold 5 miss 12 late 12 | gap ms 83.68 | under 0 fill 465 | copy 2356 cy/line 33.79 Mcy/s | synth 2961 cy/pump 42.47 Mcy/s 1769 cy/sample | tri 474 px 11755 part 115 ch 8 | AHASH s=6192000 79d74958
T t=259.6 bar=135 ph=17 the colossus | render ms 72.04/72.09/72.14 | fps 11.9 | hold 5 miss 12 late 12 | gap ms 83.68 | under 0 fill 465 | copy 2357 cy/line 33.80 Mcy/s | synth 2961 cy/pump 42.46 Mcy/s 1769 cy/sample | tri 474 px 11729 part 115 ch 8 | AHASH s=6216000 48d65178
T t=260.6 bar=135 ph=17 the colossus | render ms 72.06/72.09/72.19 | fps 11.9 | hold 5 miss 12 late 12 | gap ms 83.68 | under 0 fill 465 | copy 2356 cy/line 33.79 Mcy/s | synth 2961 cy/pump 42.46 Mcy/s 1769 cy/sample | tri 474 px 11706 part 115 ch 8 | AHASH s=6240000 a573fad9
PHRASE t=261.1 bar=136 ph=18 the colossus | render ms 72.04/76.59/108.05 | fps 11.6 | hold 7 miss 178 late 178 | gap ms 117.15 | under 0 fill 465 | copy 2354 cy/line 33.76 Mcy/s | synth 2961 cy/pump 42.46 Mcy/s 1769 cy/sample | tri 474 px 11705 part 115 ch 8 | AHASH s=6264000 695c5400
T t=261.6 bar=136 ph=18 the colossus | render ms 72.05/72.10/72.20 | fps 11.9 | hold 5 miss 12 late 12 | gap ms 83.68 | under 0 fill 465 | copy 2356 cy/line 33.79 Mcy/s | synth 2962 cy/pump 42.48 Mcy/s 1770 cy/sample | tri 474 px 11707 part 115 ch 8 | AHASH s=6264000 695c5400
T t=262.6 bar=136 ph=18 the colossus | render ms 72.06/72.10/72.15 | fps 11.9 | hold 5 miss 12 late 12 | gap ms 83.68 | under 0 fill 465 | copy 2356 cy/line 33.79 Mcy/s | synth 2961 cy/pump 42.46 Mcy/s 1769 cy/sample | tri 474 px 11699 part 115 ch 8 | AHASH s=6288000 305069cf
T t=263.6 bar=137 ph=18 the colossus | render ms 72.05/72.10/72.18 | fps 11.9 | hold 5 miss 12 late 12 | gap ms 83.68 | under 0 fill 465 | copy 2356 cy/line 33.79 Mcy/s | synth 2963 cy/pump 42.50 Mcy/s 1770 cy/sample | tri 474 px 11699 part 115 ch 8 | AHASH s=6312000 828dd9c1
T t=264.6 bar=137 ph=18 the colossus | render ms 72.03/72.09/72.16 | fps 11.9 | hold 5 miss 12 late 12 | gap ms 83.68 | under 0 fill 465 | copy 2356 cy/line 33.79 Mcy/s | synth 2962 cy/pump 42.48 Mcy/s 1770 cy/sample | tri 474 px 11702 part 115 ch 8 | AHASH s=6336000 7059147f
T t=265.6 bar=138 ph=18 the colossus | render ms 72.04/72.09/72.18 | fps 11.9 | hold 5 miss 12 late 12 | gap ms 83.68 | under 0 fill 465 | copy 2356 cy/line 33.79 Mcy/s | synth 2961 cy/pump 42.47 Mcy/s 1769 cy/sample | tri 474 px 11700 part 115 ch 8 | AHASH s=6360000 7aa6dded
T t=266.6 bar=138 ph=18 the colossus | render ms 72.05/72.08/72.20 | fps 11.9 | hold 5 miss 12 late 12 | gap ms 83.68 | under 0 fill 465 | copy 2357 cy/line 33.80 Mcy/s | synth 2963 cy/pump 42.49 Mcy/s 1770 cy/sample | tri 474 px 11702 part 115 ch 8 | AHASH s=6384000 81e2d431
T t=267.6 bar=139 ph=18 the colossus | render ms 72.09/73.55/73.89 | fps 11.9 | hold 5 miss 12 late 12 | gap ms 83.68 | under 0 fill 465 | copy 2355 cy/line 33.78 Mcy/s | synth 2964 cy/pump 42.51 Mcy/s 1771 cy/sample | tri 474 px 11710 part 115 ch 8 | AHASH s=6408000 ef30adf0
T t=268.6 bar=139 ph=18 the colossus | render ms 73.80/73.85/73.91 | fps 11.9 | hold 5 miss 12 late 12 | gap ms 83.68 | under 0 fill 465 | copy 2355 cy/line 33.77 Mcy/s | synth 2966 cy/pump 42.53 Mcy/s 1772 cy/sample | tri 474 px 11706 part 115 ch 8 | AHASH s=6432000 60062f57
T t=269.6 bar=140 ph=18 the colossus | render ms 73.82/73.86/73.95 | fps 11.9 | hold 5 miss 12 late 12 | gap ms 83.68 | under 0 fill 465 | copy 2355 cy/line 33.77 Mcy/s | synth 2966 cy/pump 42.54 Mcy/s 1772 cy/sample | tri 474 px 11721 part 115 ch 8 | AHASH s=6456000 7b930143
T t=270.6 bar=140 ph=18 the colossus | render ms 73.85/73.87/73.92 | fps 11.9 | hold 5 miss 12 late 12 | gap ms 83.68 | under 0 fill 465 | copy 2355 cy/line 33.77 Mcy/s | synth 2965 cy/pump 42.52 Mcy/s 1771 cy/sample | tri 474 px 11727 part 115 ch 8 | AHASH s=6480000 2adcb194
T t=271.6 bar=141 ph=18 the colossus | render ms 73.84/73.89/73.94 | fps 11.9 | hold 5 miss 12 late 12 | gap ms 83.68 | under 0 fill 465 | copy 2355 cy/line 33.77 Mcy/s | synth 2966 cy/pump 42.54 Mcy/s 1772 cy/sample | tri 474 px 11719 part 115 ch 8 | AHASH s=6504000 17007f35
T t=272.7 bar=142 ph=18 the colossus | render ms 73.86/73.90/73.95 | fps 11.9 | hold 5 miss 12 late 12 | gap ms 83.68 | under 0 fill 465 | copy 2355 cy/line 33.77 Mcy/s | synth 2964 cy/pump 42.51 Mcy/s 1771 cy/sample | tri 474 px 11710 part 115 ch 8 | AHASH s=6528000 b433fa00
T t=273.7 bar=142 ph=18 the colossus | render ms 73.83/73.88/73.95 | fps 11.9 | hold 5 miss 12 late 12 | gap ms 83.68 | under 0 fill 465 | copy 2355 cy/line 33.77 Mcy/s | synth 2966 cy/pump 42.54 Mcy/s 1772 cy/sample | tri 474 px 11719 part 115 ch 8 | AHASH s=6552000 4fefd826
T t=274.7 bar=143 ph=18 the colossus | render ms 73.86/73.90/73.95 | fps 11.9 | hold 5 miss 12 late 12 | gap ms 83.68 | under 0 fill 465 | copy 2355 cy/line 33.77 Mcy/s | synth 2966 cy/pump 42.54 Mcy/s 1772 cy/sample | tri 474 px 11725 part 115 ch 8 | AHASH s=6576000 cef0dd1d
T t=275.7 bar=143 ph=18 the colossus | render ms 73.90/94.40/103.50 | fps 9.3 | hold 7 miss 10 late 10 | gap ms 117.15 | under 0 fill 465 | copy 2356 cy/line 33.78 Mcy/s | synth 2958 cy/pump 42.42 Mcy/s 1767 cy/sample | tri 478 px 13170 part 115 ch 8 | AHASH s=6600000 9e70d01d
PHRASE t=276.5 bar=144 ph=19 coda | render ms 72.03/75.50/103.82 | fps 11.5 | hold 7 miss 179 late 179 | gap ms 117.15 | under 0 fill 465 | copy 2356 cy/line 33.78 Mcy/s | synth 2963 cy/pump 42.50 Mcy/s 1770 cy/sample | tri 478 px 14562 part 64 ch 9 | AHASH s=6624000 c64f2443
T t=276.8 bar=144 ph=19 coda | render ms 102.11/103.21/103.82 | fps 8.5 | hold 7 miss 9 late 9 | gap ms 117.15 | under 0 fill 465 | copy 2356 cy/line 33.78 Mcy/s | synth 2957 cy/pump 42.40 Mcy/s 1766 cy/sample | tri 478 px 14580 part 64 ch 9 | AHASH s=6624000 c64f2443
T t=277.8 bar=144 ph=19 coda | render ms 101.13/101.59/102.06 | fps 8.5 | hold 7 miss 9 late 9 | gap ms 117.15 | under 0 fill 465 | copy 2357 cy/line 33.80 Mcy/s | synth 2955 cy/pump 42.37 Mcy/s 1765 cy/sample | tri 478 px 11704 part 64 ch 9 | AHASH s=6648000 cb7a3c0a
T t=278.9 bar=145 ph=19 coda | render ms 72.12/74.58/101.19 | fps 11.5 | hold 7 miss 12 late 12 | gap ms 117.15 | under 0 fill 465 | copy 2356 cy/line 33.79 Mcy/s | synth 2960 cy/pump 42.45 Mcy/s 1768 cy/sample | tri 474 px 11698 part 64 ch 9 | AHASH s=6696000 c33b0199
T t=279.9 bar=145 ph=19 coda | render ms 72.09/72.15/72.24 | fps 11.9 | hold 5 miss 12 late 12 | gap ms 83.68 | under 0 fill 465 | copy 2357 cy/line 33.80 Mcy/s | synth 2962 cy/pump 42.48 Mcy/s 1770 cy/sample | tri 474 px 11697 part 64 ch 9 | AHASH s=6720000 24c69270
T t=280.9 bar=146 ph=19 coda | render ms 72.11/72.15/72.24 | fps 11.9 | hold 5 miss 12 late 12 | gap ms 83.68 | under 0 fill 465 | copy 2357 cy/line 33.80 Mcy/s | synth 2961 cy/pump 42.47 Mcy/s 1769 cy/sample | tri 474 px 11699 part 64 ch 9 | AHASH s=6744000 a7bea33b
T t=281.9 bar=146 ph=19 coda | render ms 72.12/72.15/72.22 | fps 11.9 | hold 5 miss 12 late 12 | gap ms 83.68 | under 0 fill 465 | copy 2356 cy/line 33.79 Mcy/s | synth 2961 cy/pump 42.47 Mcy/s 1769 cy/sample | tri 474 px 11701 part 64 ch 9 | AHASH s=6768000 5f3af91b
T t=282.9 bar=147 ph=19 coda | render ms 72.09/72.14/72.21 | fps 11.9 | hold 5 miss 12 late 12 | gap ms 83.68 | under 0 fill 465 | copy 2357 cy/line 33.80 Mcy/s | synth 2960 cy/pump 42.46 Mcy/s 1769 cy/sample | tri 474 px 11699 part 64 ch 9 | AHASH s=6792000 950631a6
T t=283.9 bar=147 ph=19 coda | render ms 72.08/72.14/72.23 | fps 11.9 | hold 5 miss 12 late 12 | gap ms 83.68 | under 0 fill 465 | copy 2357 cy/line 33.80 Mcy/s | synth 2962 cy/pump 42.48 Mcy/s 1770 cy/sample | tri 474 px 11689 part 64 ch 9 | AHASH s=6816000 147dbfff
T t=284.9 bar=148 ph=19 coda | render ms 72.05/72.10/72.22 | fps 11.9 | hold 5 miss 12 late 12 | gap ms 83.68 | under 0 fill 465 | copy 2357 cy/line 33.80 Mcy/s | synth 2961 cy/pump 42.47 Mcy/s 1769 cy/sample | tri 466 px 11697 part 64 ch 9 | AHASH s=6840000 00406ffd
T t=285.9 bar=148 ph=19 coda | render ms 72.01/72.07/72.19 | fps 11.9 | hold 5 miss 12 late 12 | gap ms 83.68 | under 0 fill 465 | copy 2356 cy/line 33.79 Mcy/s | synth 2961 cy/pump 42.46 Mcy/s 1769 cy/sample | tri 454 px 11707 part 64 ch 9 | AHASH s=6864000 6a0d4962
T t=286.9 bar=149 ph=19 coda | render ms 71.91/71.97/72.12 | fps 11.9 | hold 5 miss 12 late 12 | gap ms 83.68 | under 0 fill 465 | copy 2357 cy/line 33.80 Mcy/s | synth 2962 cy/pump 42.47 Mcy/s 1769 cy/sample | tri 442 px 11697 part 64 ch 9 | AHASH s=6888000 9b63138c
T t=287.9 bar=149 ph=19 coda | render ms 71.94/71.96/72.04 | fps 11.9 | hold 5 miss 12 late 12 | gap ms 83.68 | under 0 fill 465 | copy 2357 cy/line 33.80 Mcy/s | synth 2961 cy/pump 42.46 Mcy/s 1769 cy/sample | tri 442 px 11695 part 64 ch 9 | AHASH s=6912000 829f894d
T t=288.9 bar=150 ph=19 coda | render ms 71.95/71.98/72.07 | fps 11.9 | hold 5 miss 12 late 12 | gap ms 83.68 | under 0 fill 465 | copy 2357 cy/line 33.80 Mcy/s | synth 2961 cy/pump 42.47 Mcy/s 1769 cy/sample | tri 442 px 11696 part 64 ch 9 | AHASH s=6936000 1f23e7aa
T t=289.9 bar=151 ph=19 coda | render ms 71.94/71.99/72.08 | fps 11.9 | hold 5 miss 12 late 12 | gap ms 83.68 | under 0 fill 465 | copy 2357 cy/line 33.80 Mcy/s | synth 2960 cy/pump 42.45 Mcy/s 1768 cy/sample | tri 442 px 11700 part 64 ch 9 | AHASH s=6960000 2faf33e5
T t=290.9 bar=151 ph=19 coda | render ms 71.93/71.97/72.02 | fps 11.9 | hold 5 miss 12 late 12 | gap ms 83.68 | under 0 fill 465 | copy 2357 cy/line 33.80 Mcy/s | synth 2960 cy/pump 42.44 Mcy/s 1768 cy/sample | tri 442 px 11685 part 64 ch 9 | AHASH s=6984000 c239b3d9
PHRASE t=291.8 bar=152 ph=20 coda | render ms 71.91/74.06/102.17 | fps 11.6 | hold 7 miss 178 late 178 | gap ms 117.15 | under 0 fill 465 | copy 2357 cy/line 33.80 Mcy/s | synth 2961 cy/pump 42.46 Mcy/s 1769 cy/sample | tri 442 px 11675 part 64 ch 9 | AHASH s=7008000 704099c2
T t=291.9 bar=152 ph=20 coda | render ms 71.94/71.98/72.08 | fps 11.9 | hold 5 miss 12 late 12 | gap ms 83.68 | under 0 fill 465 | copy 2356 cy/line 33.79 Mcy/s | synth 2962 cy/pump 42.47 Mcy/s 1769 cy/sample | tri 442 px 11677 part 64 ch 9 | AHASH s=7008000 704099c2
T t=292.9 bar=152 ph=20 coda | render ms 71.93/71.97/72.05 | fps 11.9 | hold 5 miss 12 late 12 | gap ms 83.68 | under 0 fill 465 | copy 2357 cy/line 33.80 Mcy/s | synth 2962 cy/pump 42.47 Mcy/s 1769 cy/sample | tri 442 px 11689 part 64 ch 9 | AHASH s=7032000 995b0358
T t=293.9 bar=153 ph=20 coda | render ms 71.94/72.01/72.09 | fps 11.9 | hold 5 miss 12 late 12 | gap ms 83.68 | under 0 fill 465 | copy 2357 cy/line 33.80 Mcy/s | synth 2960 cy/pump 42.45 Mcy/s 1768 cy/sample | tri 454 px 11697 part 64 ch 9 | AHASH s=7056000 2f66bfb1
T t=294.9 bar=153 ph=20 coda | render ms 71.96/72.00/72.11 | fps 11.9 | hold 5 miss 12 late 12 | gap ms 83.68 | under 0 fill 465 | copy 2357 cy/line 33.80 Mcy/s | synth 2961 cy/pump 42.46 Mcy/s 1769 cy/sample | tri 454 px 11698 part 64 ch 9 | AHASH s=7080000 e194e682
T t=295.9 bar=154 ph=20 coda | render ms 71.90/71.97/72.03 | fps 11.9 | hold 5 miss 12 late 12 | gap ms 83.68 | under 0 fill 465 | copy 2357 cy/line 33.80 Mcy/s | synth 2961 cy/pump 42.47 Mcy/s 1769 cy/sample | tri 442 px 11695 part 64 ch 9 | AHASH s=7104000 564c453e
T t=297.0 bar=154 ph=20 coda | render ms 71.91/71.94/72.03 | fps 11.9 | hold 5 miss 12 late 12 | gap ms 83.68 | under 0 fill 465 | copy 2376 cy/line 34.07 Mcy/s | synth 2665 cy/pump 38.21 Mcy/s 1592 cy/sample | tri 442 px 11697 part 64 ch 9 | AHASH s=7128000 eb476912
T t=298.0 bar=155 ph=20 coda | render ms 71.91/71.95/72.04 | fps 11.9 | hold 5 miss 12 late 12 | gap ms 83.68 | under 0 fill 465 | copy 2377 cy/line 34.09 Mcy/s | synth 2645 cy/pump 37.93 Mcy/s 1580 cy/sample | tri 442 px 11687 part 64 ch 9 | AHASH s=7152000 94ebcd29
T t=299.0 bar=155 ph=20 coda | render ms 71.89/71.94/71.99 | fps 11.9 | hold 5 miss 12 late 12 | gap ms 83.68 | under 0 fill 465 | copy 2377 cy/line 34.09 Mcy/s | synth 2646 cy/pump 37.95 Mcy/s 1581 cy/sample | tri 442 px 11679 part 64 ch 9 | AHASH s=7176000 688e80ce
T t=300.0 bar=156 ph=20 coda | render ms 71.92/72.19/72.46 | fps 11.9 | hold 5 miss 12 late 12 | gap ms 83.68 | under 0 fill 465 | copy 2377 cy/line 34.08 Mcy/s | synth 2646 cy/pump 37.94 Mcy/s 1581 cy/sample | tri 442 px 11669 part 64 ch 9 | AHASH s=7200000 595bd6d6
T t=301.0 bar=156 ph=20 coda | render ms 72.43/72.47/72.51 | fps 11.9 | hold 5 miss 12 late 12 | gap ms 83.68 | under 0 fill 465 | copy 2374 cy/line 34.04 Mcy/s | synth 2587 cy/pump 37.10 Mcy/s 1546 cy/sample | tri 450 px 11673 part 64 ch 9 | AHASH s=7224000 9b690296
T t=302.0 bar=157 ph=20 coda | render ms 72.45/72.48/72.51 | fps 11.9 | hold 5 miss 12 late 12 | gap ms 83.68 | under 0 fill 465 | copy 2356 cy/line 33.79 Mcy/s | synth 2226 cy/pump 31.92 Mcy/s 1330 cy/sample | tri 450 px 11682 part 64 ch 9 | AHASH s=7248000 06c26f09
T t=303.0 bar=157 ph=20 coda | render ms 72.46/72.48/72.51 | fps 11.9 | hold 5 miss 12 late 12 | gap ms 83.68 | under 0 fill 465 | copy 2356 cy/line 33.79 Mcy/s | synth 2224 cy/pump 31.90 Mcy/s 1329 cy/sample | tri 450 px 11681 part 64 ch 9 | AHASH s=7272000 59a672b8
T t=304.0 bar=158 ph=20 coda | render ms 72.46/72.48/72.51 | fps 11.9 | hold 5 miss 12 late 12 | gap ms 83.68 | under 0 fill 465 | copy 2356 cy/line 33.79 Mcy/s | synth 2225 cy/pump 31.91 Mcy/s 1329 cy/sample | tri 450 px 11669 part 64 ch 9 | AHASH s=7296000 1cf1f220
T t=305.0 bar=158 ph=20 coda | render ms 72.43/72.49/72.54 | fps 11.9 | hold 5 miss 12 late 12 | gap ms 83.68 | under 0 fill 465 | copy 2356 cy/line 33.79 Mcy/s | synth 2223 cy/pump 31.88 Mcy/s 1328 cy/sample | tri 450 px 11664 part 64 ch 9 | AHASH s=7320000 1c41b916
T t=306.0 bar=159 ph=20 coda | render ms 72.49/77.64/78.73 | fps 11.9 | hold 5 miss 12 late 12 | gap ms 83.68 | under 0 fill 465 | copy 2354 cy/line 33.77 Mcy/s | synth 2227 cy/pump 31.94 Mcy/s 1330 cy/sample | tri 450 px 11671 part 64 ch 9 | AHASH s=7344000 024e2125
T t=307.0 bar=159 ph=20 coda | render ms 78.62/78.67/78.71 | fps 11.9 | hold 5 miss 12 late 12 | gap ms 83.68 | under 0 fill 465 | copy 2354 cy/line 33.76 Mcy/s | synth 2228 cy/pump 31.95 Mcy/s 1331 cy/sample | tri 450 px 11668 part 64 ch 9 | AHASH s=7368000 cc1dbcdf
PHRASE t=307.1 bar=159 ph=20 coda | render ms 71.89/73.01/78.73 | fps 11.9 | hold 5 miss 182 late 182 | gap ms 83.68 | under 0 fill 465 | copy 2363 cy/line 33.88 Mcy/s | synth 2559 cy/pump 36.70 Mcy/s 1529 cy/sample | tri 450 px 11668 part 64 ch 9 | AHASH s=7368000 cc1dbcdf
DONE frames=5671 render_max_us=108056 gap_max_us=117153 miss=4503 late=5671 under=0 min_fill=465 copy_worst_cy=2902 pump_worst_cy=76682 vsyncs=18365 heap_free=49152 peak=29914
